******************************************************************************
                  TI ARM Linker PC v20.2.7                     
******************************************************************************
>> Linked Sat Apr 29 23:38:05 2023

OUTPUT FILE NAME:   <ADC_test.out>
ENTRY POINT SYMBOL: "_c_int00_noargs"  address: 000087d9


MEMORY CONFIGURATION

         name            origin    length      used     unused   attr    fill
----------------------  --------  ---------  --------  --------  ----  --------
  FLASH                 00000000   00100000  00008e3c  000f71c4  R  X
  SRAM                  20000000   00040000  0000c97c  00033684  RW X


SEGMENT ALLOCATION MAP

run origin  load origin   length   init length attrs members
----------  ----------- ---------- ----------- ----- -------
00000000    00000000    00008e40   00008e40    r-x
  00000000    00000000    00000208   00000208    r-- .intvecs
  00000208    00000208    00008638   00008638    r-x .text
  00008840    00008840    000005b4   000005b4    r-- .const
  00008df8    00008df8    00000048   00000048    r-- .cinit
20000000    20000000    0000c97c   00000000    rw-
  20000000    20000000    0000026c   00000000    rw- .vtable
  2000026c    2000026c    0000c4ac   00000000    rw- .bss
  2000c718    2000c718    00000200   00000000    rw- .stack
  2000c918    2000c918    00000064   00000000    rw- .data


SECTION ALLOCATION MAP

 output                                  attributes/
section   page    origin      length       input sections
--------  ----  ----------  ----------   ----------------
.intvecs   0    00000000    00000208     
                  00000000    00000208     tm4c1294ncpdt_startup_ccs.obj (.intvecs)

.text      0    00000208    00008638     
                  00000208    000018e0     tasks.obj (.text)
                  00001ae8    000015cc     sysctl.obj (.text)
                  000030b4    0000114c     gpio.obj (.text)
                  00004200    00000fb4     adc.obj (.text)
                  000051b4    00000d20     queue.obj (.text)
                  00005ed4    00000cc8     timer.obj (.text)
                  00006b9c    00000644     timers.obj (.text)
                  000071e0    0000056c     uartstdio.obj (.text)
                  0000774c    00000490     interrupt.obj (.text)
                  00007bdc    00000324     pinout.obj (.text)
                  00007f00    000001b8     heap_2.obj (.text)
                  000080b8    0000019c     main.obj (.text)
                  00008254    0000013c     port.obj (.text)
                  00008390    0000012a     list.obj (.text)
                  000084ba    00000002     rtsv7M4_T_le_v4SPD16_eabi.lib : div0.asm.obj (.text)
                  000084bc    000000da     portasm.obj (.text)
                  00008596    0000009c     rtsv7M4_T_le_v4SPD16_eabi.lib : memcpy_t2.asm.obj (.text)
                  00008632    0000007a                                   : memset_t2.asm.obj (.text)
                  000086ac    00000068                                   : copy_decompress_lzss.c.obj (.text:decompress:lzss:__TI_decompress_lzss)
                  00008714    00000044                                   : autoinit.c.obj (.text:__TI_auto_init_nobinit_nopinit:__TI_auto_init_nobinit_nopinit)
                  00008758    00000040                                   : u_divt2.asm.obj (.text)
                  00008798    0000003e     cpu.obj (.text)
                  000087d6    00000002     --HOLE-- [fill = 0]
                  000087d8    00000034     rtsv7M4_T_le_v4SPD16_eabi.lib : boot_cortex_m.c.obj (.text:_c_int00_noargs:_c_int00_noargs)
                  0000880c    0000000e                                   : copy_decompress_none.c.obj (.text:decompress:none:__TI_decompress_none)
                  0000881a    0000000c                                   : copy_zero_init.c.obj (.text:decompress:ZI:__TI_zero_init)
                  00008826    0000000c     tm4c1294ncpdt_startup_ccs.obj (.text)
                  00008832    00000006     sysctl.obj (.text:SysCtlDelay)
                  00008838    00000004     rtsv7M4_T_le_v4SPD16_eabi.lib : pre_init.c.obj (.text:_system_pre_init)
                  0000883c    00000004                                   : exit.c.obj (.text:abort:abort)

.const     0    00008840    000005b4     
                  00008840    00000120     sysctl.obj (.const:g_pppui32XTALtoVCO)
                  00008960    000000c0     gpio.obj (.const:g_ppui32GPIOIntMapBlizzard)
                  00008a20    000000c0     gpio.obj (.const:g_ppui32GPIOIntMapSnowflake)
                  00008ae0    0000009c     interrupt.obj (.const:g_pui32Regs)
                  00008b7c    00000090     gpio.obj (.const:g_pui32GPIOBaseAddrs)
                  00008c0c    0000006c     sysctl.obj (.const:g_pui32Xtals)
                  00008c78    00000060     timer.obj (.const:g_ppui32TimerIntMap)
                  00008cd8    00000040     timer.obj (.const:g_ppui32TimerIntMapSnowflake)
                  00008d18    00000030     sysctl.obj (.const:g_sXTALtoMEMTIM)
                  00008d48    00000020     interrupt.obj (.const:g_pui32Priority)
                  00008d68    00000014     interrupt.obj (.const:g_pui32Dii16Regs)
                  00008d7c    00000014     interrupt.obj (.const:g_pui32EnRegs)
                  00008d90    00000014     interrupt.obj (.const:g_pui32PendRegs)
                  00008da4    00000014     interrupt.obj (.const:g_pui32UnpendRegs)
                  00008db8    00000012     uartstdio.obj (.const:.string)
                  00008dca    00000002     --HOLE-- [fill = 0]
                  00008dcc    0000000c     uartstdio.obj (.const:g_ui32UARTBase)
                  00008dd8    0000000c     uartstdio.obj (.const:g_ui32UARTPeriph)
                  00008de4    00000008     sysctl.obj (.const:g_pui32VCOFrequencies)
                  00008dec    00000004     port.obj (.const)
                  00008df0    00000004     uartstdio.obj (.const)

.cinit     0    00008df8    00000048     
                  00008df8    0000000f     (.cinit..data.load) [load image, compression = lzss]
                  00008e07    00000001     --HOLE-- [fill = 0]
                  00008e08    0000000c     (__TI_handler_table)
                  00008e14    00000004     --HOLE-- [fill = 0]
                  00008e18    00000008     (.cinit..bss.load) [load image, compression = zero_init]
                  00008e20    00000008     (.cinit..vtable.load) [load image, compression = zero_init]
                  00008e28    00000018     (__TI_cinit_table)

.init_array 
*          0    00000000    00000000     UNINITIALIZED

.vtable    0    20000000    0000026c     UNINITIALIZED
                  20000000    0000026c     interrupt.obj (.vtable)

.bss       0    2000026c    0000c4ac     UNINITIALIZED
                  2000026c    0000c350     heap_2.obj (.bss:ucHeap)
                  2000c5bc    00000064     tasks.obj (.bss:pxReadyTasksLists)
                  2000c620    00000040     (.common:xQueueRegistry)
                  2000c660    00000014     timers.obj (.bss:xActiveTimerList1)
                  2000c674    00000014     timers.obj (.bss:xActiveTimerList2)
                  2000c688    00000014     tasks.obj (.bss:xDelayedTaskList1)
                  2000c69c    00000014     tasks.obj (.bss:xDelayedTaskList2)
                  2000c6b0    00000014     tasks.obj (.bss:xPendingReadyList)
                  2000c6c4    00000014     tasks.obj (.bss:xSuspendedTaskList)
                  2000c6d8    00000014     tasks.obj (.bss:xTasksWaitingTermination)
                  2000c6ec    00000008     tasks.obj (.bss)
                  2000c6f4    00000008     timers.obj (.bss)
                  2000c6fc    00000008     heap_2.obj (.bss:xEnd)
                  2000c704    00000008     heap_2.obj (.bss:xStart)
                  2000c70c    00000004     adc.obj (.bss:g_pui8OversampleFactor)
                  2000c710    00000004     (.common:output_clock_rate_hz)
                  2000c714    00000004     (.common:ui32Period)

.data      0    2000c918    00000064     UNINITIALIZED
                  2000c918    00000034     tasks.obj (.data)
                  2000c94c    00000010     main.obj (.data)
                  2000c95c    0000000c     timers.obj (.data)
                  2000c968    00000008     heap_2.obj (.data)
                  2000c970    00000005     uartstdio.obj (.data)
                  2000c975    00000003     --HOLE--
                  2000c978    00000004     port.obj (.data)

.stack     0    2000c718    00000200     UNINITIALIZED
                  2000c718    00000004     rtsv7M4_T_le_v4SPD16_eabi.lib : boot_cortex_m.c.obj (.stack)
                  2000c71c    000001fc     --HOLE--

__llvm_prf_cnts 
*          0    20000000    00000000     UNINITIALIZED

MODULE SUMMARY

       Module                          code    ro data   rw data
       ------                          ----    -------   -------
    .\
       tm4c1294ncpdt_startup_ccs.obj   12      520       0      
       main.obj                        412     0         24     
    +--+-------------------------------+-------+---------+---------+
       Total:                          424     520       24     
                                                                
    .\FreeRTOS\
       tasks.obj                       6368    0         260    
       queue.obj                       3360    0         64     
       timers.obj                      1604    0         60     
       list.obj                        298     0         0      
    +--+-------------------------------+-------+---------+---------+
       Total:                          11630   0         384    
                                                                
    .\FreeRTOS\portable\CCS\ARM_CM4F\
       port.obj                        316     4         4      
       portasm.obj                     218     0         0      
    +--+-------------------------------+-------+---------+---------+
       Total:                          534     4         4      
                                                                
    .\FreeRTOS\portable\MemMang\
       heap_2.obj                      440     0         50024  
    +--+-------------------------------+-------+---------+---------+
       Total:                          440     0         50024  
                                                                
    .\driverlib\
       sysctl.obj                      5586    452       0      
       gpio.obj                        4428    528       0      
       adc.obj                         4020    0         4      
       timer.obj                       3272    160       0      
       interrupt.obj                   1168    268       620    
       cpu.obj                         62      0         0      
    +--+-------------------------------+-------+---------+---------+
       Total:                          18536   1408      624    
                                                                
    .\drivers\
       pinout.obj                      804     0         0      
    +--+-------------------------------+-------+---------+---------+
       Total:                          804     0         0      
                                                                
    .\utils\
       uartstdio.obj                   1388    46        5      
    +--+-------------------------------+-------+---------+---------+
       Total:                          1388    46        5      
                                                                
    C:\ti\ccs1220\ccs\tools\compiler\ti-cgt-arm_20.2.7.LTS\lib\rtsv7M4_T_le_v4SPD16_eabi.lib
       memcpy_t2.asm.obj               156     0         0      
       memset_t2.asm.obj               122     0         0      
       copy_decompress_lzss.c.obj      104     0         0      
       autoinit.c.obj                  68      0         0      
       u_divt2.asm.obj                 64      0         0      
       boot_cortex_m.c.obj             52      0         0      
       copy_decompress_none.c.obj      14      0         0      
       copy_zero_init.c.obj            12      0         0      
       exit.c.obj                      4       0         0      
       pre_init.c.obj                  4       0         0      
       div0.asm.obj                    2       0         0      
    +--+-------------------------------+-------+---------+---------+
       Total:                          602     0         0      
                                                                
       Stack:                          0       0         512    
       Linker Generated:               0       67        0      
    +--+-------------------------------+-------+---------+---------+
       Grand Total:                    34358   2045      51577  


LINKER GENERATED COPY TABLES

__TI_cinit_table @ 00008e28 records: 3, size/record: 8, table size: 24
	.data: load addr=00008df8, load size=0000000f bytes, run addr=2000c918, run size=00000064 bytes, compression=lzss
	.bss: load addr=00008e18, load size=00000008 bytes, run addr=2000026c, run size=0000c4ac bytes, compression=zero_init
	.vtable: load addr=00008e20, load size=00000008 bytes, run addr=20000000, run size=0000026c bytes, compression=zero_init


LINKER GENERATED HANDLER TABLE

__TI_handler_table @ 00008e08 records: 3, size/record: 4, table size: 12
	index: 0, handler: __TI_zero_init
	index: 1, handler: __TI_decompress_lzss
	index: 2, handler: __TI_decompress_none


GLOBAL SYMBOLS: SORTED ALPHABETICALLY BY Name 

address   name                               
-------   ----                               
000080d5  ADC0IntHandler                     
000050c7  ADCBusy                            
0000515f  ADCClockConfigGet                  
00005101  ADCClockConfigSet                  
00004c45  ADCComparatorConfigure             
00004e25  ADCComparatorIntClear              
00004d79  ADCComparatorIntDisable            
00004dbd  ADCComparatorIntEnable             
00004e01  ADCComparatorIntStatus             
00004c87  ADCComparatorRegionSet             
00004cff  ADCComparatorReset                 
00004bc5  ADCHardwareOversampleConfigure     
00004413  ADCIntClear                        
00004ef5  ADCIntClearEx                      
00004305  ADCIntDisable                      
00004e51  ADCIntDisableEx                    
00004343  ADCIntEnable                       
00004e7f  ADCIntEnableEx                     
0000425b  ADCIntRegister                     
0000438f  ADCIntStatus                       
00004ead  ADCIntStatusEx                     
000042b5  ADCIntUnregister                   
0000501f  ADCPhaseDelayGet                   
00004f81  ADCPhaseDelaySet                   
000048f5  ADCProcessorTrigger                
00004f59  ADCReferenceGet                    
00004f0d  ADCReferenceSet                    
000044e9  ADCSequenceConfigure               
00005085  ADCSequenceDMADisable              
00005043  ADCSequenceDMAEnable               
00004883  ADCSequenceDataGet                 
000044a1  ADCSequenceDisable                 
0000444f  ADCSequenceEnable                  
00004789  ADCSequenceOverflow                
000047cd  ADCSequenceOverflowClear           
00004637  ADCSequenceStepConfigure           
00004809  ADCSequenceUnderflow               
00004847  ADCSequenceUnderflowClear          
00004943  ADCSoftwareOversampleConfigure     
00004af5  ADCSoftwareOversampleDataGet       
000049cd  ADCSoftwareOversampleStepConfigure 
000080eb  ADC_Init                           
0000883d  C$$EXIT                            
000087cd  CPUbasepriGet                      
000087bf  CPUbasepriSet                      
00008799  CPUcpsid                           
000087af  CPUcpsie                           
000087a5  CPUprimask                         
000087bb  CPUwfi                             
000041c9  GPIOADCTriggerDisable              
0000419d  GPIOADCTriggerEnable               
00004171  GPIODMATriggerDisable              
00004145  GPIODMATriggerEnable               
00003291  GPIODirModeGet                     
0000320d  GPIODirModeSet                     
000039c9  GPIOIntClear                       
00003971  GPIOIntDisable                     
00003949  GPIOIntEnable                      
000039eb  GPIOIntRegister                    
00003999  GPIOIntStatus                      
00003459  GPIOIntTypeGet                     
0000335d  GPIOIntTypeSet                     
00003a29  GPIOIntUnregister                  
000037d1  GPIOPadConfigGet                   
00003517  GPIOPadConfigSet                   
000040bf  GPIOPinConfigure                   
00003a63  GPIOPinRead                        
00003abb  GPIOPinTypeADC                     
00003af1  GPIOPinTypeCAN                     
00004079  GPIOPinTypeCIR                     
00003b27  GPIOPinTypeComparator              
00003b5d  GPIOPinTypeEPI                     
00003b93  GPIOPinTypeEthernetLED             
00003bc9  GPIOPinTypeEthernetMII             
00003bff  GPIOPinTypeGPIOInput               
00003c35  GPIOPinTypeGPIOOutput              
00003c6b  GPIOPinTypeGPIOOutputOD            
00003ca1  GPIOPinTypeI2C                     
00003cd7  GPIOPinTypeI2CSCL                  
00004009  GPIOPinTypeKBColumn                
00003fd3  GPIOPinTypeKBRow                   
00003d0d  GPIOPinTypeLCD                     
0000403f  GPIOPinTypeLEDSeq                  
00003d43  GPIOPinTypeLPC                     
00003d7d  GPIOPinTypePECIRx                  
00003db3  GPIOPinTypePECITx                  
00003de9  GPIOPinTypePWM                     
00003e1f  GPIOPinTypeQEI                     
00003e55  GPIOPinTypeSSI                     
00003e8b  GPIOPinTypeTimer                   
00003ec1  GPIOPinTypeUART                    
00003ef7  GPIOPinTypeUSBAnalog               
00003f2d  GPIOPinTypeUSBDigital              
00003f63  GPIOPinTypeWakeHigh                
00003f9b  GPIOPinTypeWakeLow                 
000040af  GPIOPinWakeStatus                  
00003a8d  GPIOPinWrite                       
00007979  IntDisable                         
000078fb  IntEnable                          
00007a01  IntIsEnabled                       
0000775f  IntMasterDisable                   
0000774f  IntMasterEnable                    
00007b25  IntPendClear                       
00007ab5  IntPendSet                         
000078c5  IntPriorityGet                     
0000782b  IntPriorityGroupingGet             
00007805  IntPriorityGroupingSet             
00007b8b  IntPriorityMaskGet                 
00007b7f  IntPriorityMaskSet                 
00007863  IntPrioritySet                     
0000776f  IntRegister                        
00007b93  IntTrigger                         
000077e5  IntUnregister                      
00007e3f  LEDRead                            
00007daf  LEDWrite                           
00007bdd  PinoutSet                          
00008827  ResetISR                           
0000305d  SysCtlAltClkConfig                 
000026a5  SysCtlClockFreqSet                 
00002ba1  SysCtlClockGet                     
00003025  SysCtlClockOutConfig               
000029d5  SysCtlClockSet                     
0000258d  SysCtlDeepSleep                    
00002d85  SysCtlDeepSleepClockConfigSet      
00002d69  SysCtlDeepSleepClockSet            
0000256d  SysCtlDeepSleepPowerSet            
00008833  SysCtlDelay                        
00001e99  SysCtlFlashSectorSizeGet           
00001e6d  SysCtlFlashSizeGet                 
00002f59  SysCtlGPIOAHBDisable               
00002ed1  SysCtlGPIOAHBEnable                
00002481  SysCtlIntClear                     
00002469  SysCtlIntDisable                   
00002455  SysCtlIntEnable                    
00002431  SysCtlIntRegister                  
00002491  SysCtlIntStatus                    
00002445  SysCtlIntUnregister                
00002553  SysCtlLDODeepSleepGet              
00002505  SysCtlLDODeepSleepSet              
000024fb  SysCtlLDOSleepGet                  
000024ad  SysCtlLDOSleepSet                  
000025c9  SysCtlMOSCConfigSet                
0000300b  SysCtlNMIClear                     
00003005  SysCtlNMIStatus                    
000025d9  SysCtlPIOSCCalibrate               
00002e9d  SysCtlPWMClockGet                  
00002e31  SysCtlPWMClockSet                  
000023dd  SysCtlPeripheralClockGating        
0000238f  SysCtlPeripheralDeepSleepDisable   
00002341  SysCtlPeripheralDeepSleepEnable    
0000224d  SysCtlPeripheralDisable            
000021e1  SysCtlPeripheralEnable             
00002091  SysCtlPeripheralPowerOff           
0000200d  SysCtlPeripheralPowerOn            
00001ef9  SysCtlPeripheralPresent            
00001f85  SysCtlPeripheralReady              
0000213d  SysCtlPeripheralReset              
000022ed  SysCtlPeripheralSleepDisable       
0000229b  SysCtlPeripheralSleepEnable        
0000257d  SysCtlReset                        
00002639  SysCtlResetBehaviorGet             
00002629  SysCtlResetBehaviorSet             
000025b5  SysCtlResetCauseClear              
000025a9  SysCtlResetCauseGet                
00001e63  SysCtlSRAMSizeGet                  
00002585  SysCtlSleep                        
0000255d  SysCtlSleepPowerSet                
00002fcf  SysCtlUSBPLLDisable                
00002fc3  SysCtlUSBPLLEnable                 
00002ff1  SysCtlVoltageEventClear            
00002fdb  SysCtlVoltageEventConfig           
00002feb  SysCtlVoltageEventStatus           
000080b9  Timer0IntHandler                   
00006ae9  TimerADCEventGet                   
00006ac9  TimerADCEventSet                   
00006513  TimerClockSourceGet                
000064dd  TimerClockSourceSet                
0000607d  TimerConfigure                     
0000633b  TimerControlEvent                  
00006219  TimerControlLevel                  
00006399  TimerControlStall                  
00006297  TimerControlTrigger                
00006405  TimerControlWaitOnTrigger          
00006b25  TimerDMAEventGet                   
00006b05  TimerDMAEventSet                   
00006001  TimerDisable                       
00005fb7  TimerEnable                        
00006a89  TimerIntClear                      
00006a31  TimerIntDisable                    
00006a0b  TimerIntEnable                     
0000694f  TimerIntRegister                   
00006a5d  TimerIntStatus                     
000069b9  TimerIntUnregister                 
00006707  TimerLoadGet                       
00006771  TimerLoadGet64                     
000066ad  TimerLoadSet                       
00006749  TimerLoadSet64                     
0000689f  TimerMatchGet                      
00006909  TimerMatchGet64                    
00006845  TimerMatchSet                      
000068e1  TimerMatchSet64                    
000065ab  TimerPrescaleGet                   
00006661  TimerPrescaleMatchGet              
000065f7  TimerPrescaleMatchSet              
00006541  TimerPrescaleSet                   
000064b9  TimerRTCDisable                    
00006495  TimerRTCEnable                     
00006aa9  TimerSynchronize                   
00006b41  TimerUpdateMode                    
000067bd  TimerValueGet                      
000067ff  TimerValueGet64                    
0000814d  Timer_Init                         
000071e1  UARTStdioConfig                    
000073bd  UARTgetc                           
000072cb  UARTgets                           
00007717  UARTprintf                         
000073f1  UARTvprintf                        
0000725b  UARTwrite                          
2000c918  __STACK_END                        
00000200  __STACK_SIZE                       
2000c918  __STACK_TOP                        
00008e28  __TI_CINIT_Base                    
00008e40  __TI_CINIT_Limit                   
00008e08  __TI_Handler_Table_Base            
00008e14  __TI_Handler_Table_Limit           
00008715  __TI_auto_init_nobinit_nopinit     
000086ad  __TI_decompress_lzss               
0000880d  __TI_decompress_none               
ffffffff  __TI_pprof_out_hndl                
ffffffff  __TI_prof_data_size                
ffffffff  __TI_prof_data_start               
00000000  __TI_static_base__                 
0000881b  __TI_zero_init                     
000084bb  __aeabi_idiv0                      
000084bb  __aeabi_ldiv0                      
00008633  __aeabi_memclr                     
00008633  __aeabi_memclr4                    
00008633  __aeabi_memclr8                    
00008597  __aeabi_memcpy                     
00008597  __aeabi_memcpy4                    
00008597  __aeabi_memcpy8                    
00008635  __aeabi_memset                     
00008635  __aeabi_memset4                    
00008635  __aeabi_memset8                    
00008759  __aeabi_uidiv                      
00008759  __aeabi_uidivmod                   
ffffffff  __binit__                          
ffffffff  __c_args__                         
000081e9  __error__                          
UNDEFED   __mpu_init                         
2000c718  __stack                            
20000000  __start___llvm_prf_cnts            
20000000  __stop___llvm_prf_cnts             
000087d9  _c_int00_noargs                    
UNDEFED   _system_post_cinit                 
00008839  _system_pre_init                   
0000883d  abort                              
ffffffff  binit                              
00000589  eTaskGetState                      
20000000  g_pfnRAMVectors                    
00000000  g_pfnVectors                       
00008195  main                               
00008597  memcpy                             
0000863b  memset                             
2000c710  output_clock_rate_hz               
00005deb  pcQueueGetName                     
00000b85  pcTaskGetName                      
00006d21  pcTimerGetName                     
00007f01  pvPortMalloc                       
00001611  pvTaskIncrementMutexHeldCount      
00007171  pvTimerGetTimerID                  
2000c918  pxCurrentTCB                       
00008255  pxPortInitialiseStack              
2000c94c  start_time                         
2000c950  stop_time                          
00005b43  ucQueueGetQueueType                
2000c714  ui32Period                         
00008dec  ulMaxSyscallInterruptPriority      
000084cd  ulPortGetIPSR                      
0000162d  ulTaskNotifyTake                   
00008473  uxListRemove                       
00005b23  uxQueueGetQueueNumber              
00005ac1  uxQueueMessagesWaiting             
00005af7  uxQueueMessagesWaitingFromISR      
00005ad7  uxQueueSpacesAvailable             
00000b79  uxTaskGetNumberOfTasks             
00000ba5  uxTaskGetSystemState               
00001061  uxTaskGetTaskNumber                
00000639  uxTaskPriorityGet                  
00000665  uxTaskPriorityGetFromISR           
000015e9  uxTaskResetEventItemValue          
000071a5  uxTimerGetTimerNumber              
00008391  vListInitialise                    
000083c1  vListInitialiseItem                
0000840d  vListInsert                        
000083d1  vListInsertEnd                     
00008589  vPortEnableVFP                     
000082f5  vPortEndScheduler                  
000082f7  vPortEnterCritical                 
00008317  vPortExitCritical                  
00007ff9  vPortFree                          
0000805d  vPortInitialiseBlocks              
00008545  vPortSVCHandler                    
00008353  vPortSetupTimerInterrupt           
00008565  vPortStartFirstTask                
00005da9  vQueueAddToRegistry                
00005b0d  vQueueDelete                       
00005b31  vQueueSetQueueNumber               
00005e2b  vQueueUnregisterQueue              
00005e6f  vQueueWaitForMessageRestricted     
0000054b  vTaskDelay                         
000004bb  vTaskDelayUntil                    
0000040d  vTaskDelete                        
00000a3d  vTaskEndScheduler                  
00001159  vTaskGetInfo                       
00000faf  vTaskInternalSetTimeOutState       
0000104f  vTaskMissedYield                   
00001941  vTaskNotifyGiveFromISR             
00000e25  vTaskPlaceOnEventList              
00000e6f  vTaskPlaceOnEventListRestricted    
00000e45  vTaskPlaceOnUnorderedEventList     
00001515  vTaskPriorityDisinheritAfterTimeout
000006ad  vTaskPrioritySet                   
00000f25  vTaskRemoveFromUnorderedEventList  
000008d9  vTaskResume                        
00001081  vTaskSetTaskNumber                 
00000f91  vTaskSetTimeOutState               
000009e1  vTaskStartScheduler                
000007c5  vTaskSuspend                       
00000a59  vTaskSuspendAll                    
00000dbd  vTaskSwitchContext                 
00006cd5  vTimerSetReloadMode                
0000718b  vTimerSetTimerID                   
000071b3  vTimerSetTimerNumber               
00008057  xPortGetFreeHeapSize               
000084e5  xPortPendSVHandler                 
000082bf  xPortStartScheduler                
0000832d  xPortSysTickHandler                
000053bf  xQueueCreateCountingSemaphore      
00005313  xQueueCreateMutex                  
00005255  xQueueGenericCreate                
000051b5  xQueueGenericReset                 
000053df  xQueueGenericSend                  
0000550d  xQueueGenericSendFromISR           
000055a9  xQueueGiveFromISR                  
0000533f  xQueueGiveMutexRecursive           
00005d3d  xQueueIsQueueEmptyFromISR          
00005d83  xQueueIsQueueFullFromISR           
000058b3  xQueuePeek                         
00005a6f  xQueuePeekFromISR                  
0000563d  xQueueReceive                      
000059d5  xQueueReceiveFromISR               
2000c620  xQueueRegistry                     
00005759  xQueueSemaphoreTake                
0000537b  xQueueTakeMutexRecursive           
00000fd1  xTaskCheckForTimeOut               
00000209  xTaskCreate                        
0000174d  xTaskGenericNotify                 
00001835  xTaskGenericNotifyFromISR          
00001331  xTaskGetCurrentTaskHandle          
00001349  xTaskGetSchedulerState             
00000b55  xTaskGetTickCount                  
00000b65  xTaskGetTickCountFromISR           
00000c99  xTaskIncrementTick                 
000019ed  xTaskNotifyStateClear              
000016ad  xTaskNotifyWait                    
00001473  xTaskPriorityDisinherit            
00001395  xTaskPriorityInherit               
00000ea9  xTaskRemoveFromEventList           
00000a6d  xTaskResumeAll                     
00000951  xTaskResumeFromISR                 
00006bc9  xTimerCreate                       
00006b9d  xTimerCreateTimerTask              
00006c51  xTimerGenericCommand               
00006d0b  xTimerGetExpiryTime                
00006cc3  xTimerGetPeriod                    
00006cbd  xTimerGetTimerDaemonTaskHandle     
00007149  xTimerIsTimerActive                


GLOBAL SYMBOLS: SORTED BY Symbol Address 

address   name                               
-------   ----                               
00000000  __TI_static_base__                 
00000000  g_pfnVectors                       
00000200  __STACK_SIZE                       
00000209  xTaskCreate                        
0000040d  vTaskDelete                        
000004bb  vTaskDelayUntil                    
0000054b  vTaskDelay                         
00000589  eTaskGetState                      
00000639  uxTaskPriorityGet                  
00000665  uxTaskPriorityGetFromISR           
000006ad  vTaskPrioritySet                   
000007c5  vTaskSuspend                       
000008d9  vTaskResume                        
00000951  xTaskResumeFromISR                 
000009e1  vTaskStartScheduler                
00000a3d  vTaskEndScheduler                  
00000a59  vTaskSuspendAll                    
00000a6d  xTaskResumeAll                     
00000b55  xTaskGetTickCount                  
00000b65  xTaskGetTickCountFromISR           
00000b79  uxTaskGetNumberOfTasks             
00000b85  pcTaskGetName                      
00000ba5  uxTaskGetSystemState               
00000c99  xTaskIncrementTick                 
00000dbd  vTaskSwitchContext                 
00000e25  vTaskPlaceOnEventList              
00000e45  vTaskPlaceOnUnorderedEventList     
00000e6f  vTaskPlaceOnEventListRestricted    
00000ea9  xTaskRemoveFromEventList           
00000f25  vTaskRemoveFromUnorderedEventList  
00000f91  vTaskSetTimeOutState               
00000faf  vTaskInternalSetTimeOutState       
00000fd1  xTaskCheckForTimeOut               
0000104f  vTaskMissedYield                   
00001061  uxTaskGetTaskNumber                
00001081  vTaskSetTaskNumber                 
00001159  vTaskGetInfo                       
00001331  xTaskGetCurrentTaskHandle          
00001349  xTaskGetSchedulerState             
00001395  xTaskPriorityInherit               
00001473  xTaskPriorityDisinherit            
00001515  vTaskPriorityDisinheritAfterTimeout
000015e9  uxTaskResetEventItemValue          
00001611  pvTaskIncrementMutexHeldCount      
0000162d  ulTaskNotifyTake                   
000016ad  xTaskNotifyWait                    
0000174d  xTaskGenericNotify                 
00001835  xTaskGenericNotifyFromISR          
00001941  vTaskNotifyGiveFromISR             
000019ed  xTaskNotifyStateClear              
00001e63  SysCtlSRAMSizeGet                  
00001e6d  SysCtlFlashSizeGet                 
00001e99  SysCtlFlashSectorSizeGet           
00001ef9  SysCtlPeripheralPresent            
00001f85  SysCtlPeripheralReady              
0000200d  SysCtlPeripheralPowerOn            
00002091  SysCtlPeripheralPowerOff           
0000213d  SysCtlPeripheralReset              
000021e1  SysCtlPeripheralEnable             
0000224d  SysCtlPeripheralDisable            
0000229b  SysCtlPeripheralSleepEnable        
000022ed  SysCtlPeripheralSleepDisable       
00002341  SysCtlPeripheralDeepSleepEnable    
0000238f  SysCtlPeripheralDeepSleepDisable   
000023dd  SysCtlPeripheralClockGating        
00002431  SysCtlIntRegister                  
00002445  SysCtlIntUnregister                
00002455  SysCtlIntEnable                    
00002469  SysCtlIntDisable                   
00002481  SysCtlIntClear                     
00002491  SysCtlIntStatus                    
000024ad  SysCtlLDOSleepSet                  
000024fb  SysCtlLDOSleepGet                  
00002505  SysCtlLDODeepSleepSet              
00002553  SysCtlLDODeepSleepGet              
0000255d  SysCtlSleepPowerSet                
0000256d  SysCtlDeepSleepPowerSet            
0000257d  SysCtlReset                        
00002585  SysCtlSleep                        
0000258d  SysCtlDeepSleep                    
000025a9  SysCtlResetCauseGet                
000025b5  SysCtlResetCauseClear              
000025c9  SysCtlMOSCConfigSet                
000025d9  SysCtlPIOSCCalibrate               
00002629  SysCtlResetBehaviorSet             
00002639  SysCtlResetBehaviorGet             
000026a5  SysCtlClockFreqSet                 
000029d5  SysCtlClockSet                     
00002ba1  SysCtlClockGet                     
00002d69  SysCtlDeepSleepClockSet            
00002d85  SysCtlDeepSleepClockConfigSet      
00002e31  SysCtlPWMClockSet                  
00002e9d  SysCtlPWMClockGet                  
00002ed1  SysCtlGPIOAHBEnable                
00002f59  SysCtlGPIOAHBDisable               
00002fc3  SysCtlUSBPLLEnable                 
00002fcf  SysCtlUSBPLLDisable                
00002fdb  SysCtlVoltageEventConfig           
00002feb  SysCtlVoltageEventStatus           
00002ff1  SysCtlVoltageEventClear            
00003005  SysCtlNMIStatus                    
0000300b  SysCtlNMIClear                     
00003025  SysCtlClockOutConfig               
0000305d  SysCtlAltClkConfig                 
0000320d  GPIODirModeSet                     
00003291  GPIODirModeGet                     
0000335d  GPIOIntTypeSet                     
00003459  GPIOIntTypeGet                     
00003517  GPIOPadConfigSet                   
000037d1  GPIOPadConfigGet                   
00003949  GPIOIntEnable                      
00003971  GPIOIntDisable                     
00003999  GPIOIntStatus                      
000039c9  GPIOIntClear                       
000039eb  GPIOIntRegister                    
00003a29  GPIOIntUnregister                  
00003a63  GPIOPinRead                        
00003a8d  GPIOPinWrite                       
00003abb  GPIOPinTypeADC                     
00003af1  GPIOPinTypeCAN                     
00003b27  GPIOPinTypeComparator              
00003b5d  GPIOPinTypeEPI                     
00003b93  GPIOPinTypeEthernetLED             
00003bc9  GPIOPinTypeEthernetMII             
00003bff  GPIOPinTypeGPIOInput               
00003c35  GPIOPinTypeGPIOOutput              
00003c6b  GPIOPinTypeGPIOOutputOD            
00003ca1  GPIOPinTypeI2C                     
00003cd7  GPIOPinTypeI2CSCL                  
00003d0d  GPIOPinTypeLCD                     
00003d43  GPIOPinTypeLPC                     
00003d7d  GPIOPinTypePECIRx                  
00003db3  GPIOPinTypePECITx                  
00003de9  GPIOPinTypePWM                     
00003e1f  GPIOPinTypeQEI                     
00003e55  GPIOPinTypeSSI                     
00003e8b  GPIOPinTypeTimer                   
00003ec1  GPIOPinTypeUART                    
00003ef7  GPIOPinTypeUSBAnalog               
00003f2d  GPIOPinTypeUSBDigital              
00003f63  GPIOPinTypeWakeHigh                
00003f9b  GPIOPinTypeWakeLow                 
00003fd3  GPIOPinTypeKBRow                   
00004009  GPIOPinTypeKBColumn                
0000403f  GPIOPinTypeLEDSeq                  
00004079  GPIOPinTypeCIR                     
000040af  GPIOPinWakeStatus                  
000040bf  GPIOPinConfigure                   
00004145  GPIODMATriggerEnable               
00004171  GPIODMATriggerDisable              
0000419d  GPIOADCTriggerEnable               
000041c9  GPIOADCTriggerDisable              
0000425b  ADCIntRegister                     
000042b5  ADCIntUnregister                   
00004305  ADCIntDisable                      
00004343  ADCIntEnable                       
0000438f  ADCIntStatus                       
00004413  ADCIntClear                        
0000444f  ADCSequenceEnable                  
000044a1  ADCSequenceDisable                 
000044e9  ADCSequenceConfigure               
00004637  ADCSequenceStepConfigure           
00004789  ADCSequenceOverflow                
000047cd  ADCSequenceOverflowClear           
00004809  ADCSequenceUnderflow               
00004847  ADCSequenceUnderflowClear          
00004883  ADCSequenceDataGet                 
000048f5  ADCProcessorTrigger                
00004943  ADCSoftwareOversampleConfigure     
000049cd  ADCSoftwareOversampleStepConfigure 
00004af5  ADCSoftwareOversampleDataGet       
00004bc5  ADCHardwareOversampleConfigure     
00004c45  ADCComparatorConfigure             
00004c87  ADCComparatorRegionSet             
00004cff  ADCComparatorReset                 
00004d79  ADCComparatorIntDisable            
00004dbd  ADCComparatorIntEnable             
00004e01  ADCComparatorIntStatus             
00004e25  ADCComparatorIntClear              
00004e51  ADCIntDisableEx                    
00004e7f  ADCIntEnableEx                     
00004ead  ADCIntStatusEx                     
00004ef5  ADCIntClearEx                      
00004f0d  ADCReferenceSet                    
00004f59  ADCReferenceGet                    
00004f81  ADCPhaseDelaySet                   
0000501f  ADCPhaseDelayGet                   
00005043  ADCSequenceDMAEnable               
00005085  ADCSequenceDMADisable              
000050c7  ADCBusy                            
00005101  ADCClockConfigSet                  
0000515f  ADCClockConfigGet                  
000051b5  xQueueGenericReset                 
00005255  xQueueGenericCreate                
00005313  xQueueCreateMutex                  
0000533f  xQueueGiveMutexRecursive           
0000537b  xQueueTakeMutexRecursive           
000053bf  xQueueCreateCountingSemaphore      
000053df  xQueueGenericSend                  
0000550d  xQueueGenericSendFromISR           
000055a9  xQueueGiveFromISR                  
0000563d  xQueueReceive                      
00005759  xQueueSemaphoreTake                
000058b3  xQueuePeek                         
000059d5  xQueueReceiveFromISR               
00005a6f  xQueuePeekFromISR                  
00005ac1  uxQueueMessagesWaiting             
00005ad7  uxQueueSpacesAvailable             
00005af7  uxQueueMessagesWaitingFromISR      
00005b0d  vQueueDelete                       
00005b23  uxQueueGetQueueNumber              
00005b31  vQueueSetQueueNumber               
00005b43  ucQueueGetQueueType                
00005d3d  xQueueIsQueueEmptyFromISR          
00005d83  xQueueIsQueueFullFromISR           
00005da9  vQueueAddToRegistry                
00005deb  pcQueueGetName                     
00005e2b  vQueueUnregisterQueue              
00005e6f  vQueueWaitForMessageRestricted     
00005fb7  TimerEnable                        
00006001  TimerDisable                       
0000607d  TimerConfigure                     
00006219  TimerControlLevel                  
00006297  TimerControlTrigger                
0000633b  TimerControlEvent                  
00006399  TimerControlStall                  
00006405  TimerControlWaitOnTrigger          
00006495  TimerRTCEnable                     
000064b9  TimerRTCDisable                    
000064dd  TimerClockSourceSet                
00006513  TimerClockSourceGet                
00006541  TimerPrescaleSet                   
000065ab  TimerPrescaleGet                   
000065f7  TimerPrescaleMatchSet              
00006661  TimerPrescaleMatchGet              
000066ad  TimerLoadSet                       
00006707  TimerLoadGet                       
00006749  TimerLoadSet64                     
00006771  TimerLoadGet64                     
000067bd  TimerValueGet                      
000067ff  TimerValueGet64                    
00006845  TimerMatchSet                      
0000689f  TimerMatchGet                      
000068e1  TimerMatchSet64                    
00006909  TimerMatchGet64                    
0000694f  TimerIntRegister                   
000069b9  TimerIntUnregister                 
00006a0b  TimerIntEnable                     
00006a31  TimerIntDisable                    
00006a5d  TimerIntStatus                     
00006a89  TimerIntClear                      
00006aa9  TimerSynchronize                   
00006ac9  TimerADCEventSet                   
00006ae9  TimerADCEventGet                   
00006b05  TimerDMAEventSet                   
00006b25  TimerDMAEventGet                   
00006b41  TimerUpdateMode                    
00006b9d  xTimerCreateTimerTask              
00006bc9  xTimerCreate                       
00006c51  xTimerGenericCommand               
00006cbd  xTimerGetTimerDaemonTaskHandle     
00006cc3  xTimerGetPeriod                    
00006cd5  vTimerSetReloadMode                
00006d0b  xTimerGetExpiryTime                
00006d21  pcTimerGetName                     
00007149  xTimerIsTimerActive                
00007171  pvTimerGetTimerID                  
0000718b  vTimerSetTimerID                   
000071a5  uxTimerGetTimerNumber              
000071b3  vTimerSetTimerNumber               
000071e1  UARTStdioConfig                    
0000725b  UARTwrite                          
000072cb  UARTgets                           
000073bd  UARTgetc                           
000073f1  UARTvprintf                        
00007717  UARTprintf                         
0000774f  IntMasterEnable                    
0000775f  IntMasterDisable                   
0000776f  IntRegister                        
000077e5  IntUnregister                      
00007805  IntPriorityGroupingSet             
0000782b  IntPriorityGroupingGet             
00007863  IntPrioritySet                     
000078c5  IntPriorityGet                     
000078fb  IntEnable                          
00007979  IntDisable                         
00007a01  IntIsEnabled                       
00007ab5  IntPendSet                         
00007b25  IntPendClear                       
00007b7f  IntPriorityMaskSet                 
00007b8b  IntPriorityMaskGet                 
00007b93  IntTrigger                         
00007bdd  PinoutSet                          
00007daf  LEDWrite                           
00007e3f  LEDRead                            
00007f01  pvPortMalloc                       
00007ff9  vPortFree                          
00008057  xPortGetFreeHeapSize               
0000805d  vPortInitialiseBlocks              
000080b9  Timer0IntHandler                   
000080d5  ADC0IntHandler                     
000080eb  ADC_Init                           
0000814d  Timer_Init                         
00008195  main                               
000081e9  __error__                          
00008255  pxPortInitialiseStack              
000082bf  xPortStartScheduler                
000082f5  vPortEndScheduler                  
000082f7  vPortEnterCritical                 
00008317  vPortExitCritical                  
0000832d  xPortSysTickHandler                
00008353  vPortSetupTimerInterrupt           
00008391  vListInitialise                    
000083c1  vListInitialiseItem                
000083d1  vListInsertEnd                     
0000840d  vListInsert                        
00008473  uxListRemove                       
000084bb  __aeabi_idiv0                      
000084bb  __aeabi_ldiv0                      
000084cd  ulPortGetIPSR                      
000084e5  xPortPendSVHandler                 
00008545  vPortSVCHandler                    
00008565  vPortStartFirstTask                
00008589  vPortEnableVFP                     
00008597  __aeabi_memcpy                     
00008597  __aeabi_memcpy4                    
00008597  __aeabi_memcpy8                    
00008597  memcpy                             
00008633  __aeabi_memclr                     
00008633  __aeabi_memclr4                    
00008633  __aeabi_memclr8                    
00008635  __aeabi_memset                     
00008635  __aeabi_memset4                    
00008635  __aeabi_memset8                    
0000863b  memset                             
000086ad  __TI_decompress_lzss               
00008715  __TI_auto_init_nobinit_nopinit     
00008759  __aeabi_uidiv                      
00008759  __aeabi_uidivmod                   
00008799  CPUcpsid                           
000087a5  CPUprimask                         
000087af  CPUcpsie                           
000087bb  CPUwfi                             
000087bf  CPUbasepriSet                      
000087cd  CPUbasepriGet                      
000087d9  _c_int00_noargs                    
0000880d  __TI_decompress_none               
0000881b  __TI_zero_init                     
00008827  ResetISR                           
00008833  SysCtlDelay                        
00008839  _system_pre_init                   
0000883d  C$$EXIT                            
0000883d  abort                              
00008dec  ulMaxSyscallInterruptPriority      
00008e08  __TI_Handler_Table_Base            
00008e14  __TI_Handler_Table_Limit           
00008e28  __TI_CINIT_Base                    
00008e40  __TI_CINIT_Limit                   
20000000  __start___llvm_prf_cnts            
20000000  __stop___llvm_prf_cnts             
20000000  g_pfnRAMVectors                    
2000c620  xQueueRegistry                     
2000c710  output_clock_rate_hz               
2000c714  ui32Period                         
2000c718  __stack                            
2000c918  __STACK_END                        
2000c918  __STACK_TOP                        
2000c918  pxCurrentTCB                       
2000c94c  start_time                         
2000c950  stop_time                          
ffffffff  __TI_pprof_out_hndl                
ffffffff  __TI_prof_data_size                
ffffffff  __TI_prof_data_start               
ffffffff  __binit__                          
ffffffff  __c_args__                         
ffffffff  binit                              
UNDEFED   __mpu_init                         
UNDEFED   _system_post_cinit                 

[378 symbols]
