<?xml version="1.0" encoding="ISO-8859-1" ?>
<link_info>
   <banner>TI ARM Linker PC v20.2.7.LTS</banner>
   <copyright>Copyright (c) 1996-2018 Texas Instruments Incorporated</copyright>
   <link_time>0x644dfebd</link_time>
   <link_errors>0x0</link_errors>
   <output_file>ADC_test.out</output_file>
   <entry_point>
      <name>_c_int00_noargs</name>
      <address>0x87d9</address>
   </entry_point>
   <input_file_list>
      <input_file id="fl-2">
         <path>.\</path>
         <kind>object</kind>
         <file>main.obj</file>
         <name>main.obj</name>
      </input_file>
      <input_file id="fl-3">
         <path>.\</path>
         <kind>object</kind>
         <file>tm4c1294ncpdt_startup_ccs.obj</file>
         <name>tm4c1294ncpdt_startup_ccs.obj</name>
      </input_file>
      <input_file id="fl-4">
         <path>.\FreeRTOS\</path>
         <kind>object</kind>
         <file>croutine.obj</file>
         <name>croutine.obj</name>
      </input_file>
      <input_file id="fl-5">
         <path>.\FreeRTOS\</path>
         <kind>object</kind>
         <file>event_groups.obj</file>
         <name>event_groups.obj</name>
      </input_file>
      <input_file id="fl-6">
         <path>.\FreeRTOS\</path>
         <kind>object</kind>
         <file>list.obj</file>
         <name>list.obj</name>
      </input_file>
      <input_file id="fl-7">
         <path>.\FreeRTOS\</path>
         <kind>object</kind>
         <file>queue.obj</file>
         <name>queue.obj</name>
      </input_file>
      <input_file id="fl-8">
         <path>.\FreeRTOS\</path>
         <kind>object</kind>
         <file>stream_buffer.obj</file>
         <name>stream_buffer.obj</name>
      </input_file>
      <input_file id="fl-9">
         <path>.\FreeRTOS\</path>
         <kind>object</kind>
         <file>tasks.obj</file>
         <name>tasks.obj</name>
      </input_file>
      <input_file id="fl-a">
         <path>.\FreeRTOS\</path>
         <kind>object</kind>
         <file>timers.obj</file>
         <name>timers.obj</name>
      </input_file>
      <input_file id="fl-b">
         <path>.\FreeRTOS\portable\CCS\ARM_CM4F\</path>
         <kind>object</kind>
         <file>port.obj</file>
         <name>port.obj</name>
      </input_file>
      <input_file id="fl-c">
         <path>.\FreeRTOS\portable\CCS\ARM_CM4F\</path>
         <kind>object</kind>
         <file>portasm.obj</file>
         <name>portasm.obj</name>
      </input_file>
      <input_file id="fl-d">
         <path>.\FreeRTOS\portable\MemMang\</path>
         <kind>object</kind>
         <file>heap_2.obj</file>
         <name>heap_2.obj</name>
      </input_file>
      <input_file id="fl-e">
         <path>.\driverlib\</path>
         <kind>object</kind>
         <file>adc.obj</file>
         <name>adc.obj</name>
      </input_file>
      <input_file id="fl-f">
         <path>.\driverlib\</path>
         <kind>object</kind>
         <file>aes.obj</file>
         <name>aes.obj</name>
      </input_file>
      <input_file id="fl-10">
         <path>.\driverlib\</path>
         <kind>object</kind>
         <file>can.obj</file>
         <name>can.obj</name>
      </input_file>
      <input_file id="fl-11">
         <path>.\driverlib\</path>
         <kind>object</kind>
         <file>comp.obj</file>
         <name>comp.obj</name>
      </input_file>
      <input_file id="fl-12">
         <path>.\driverlib\</path>
         <kind>object</kind>
         <file>cpu.obj</file>
         <name>cpu.obj</name>
      </input_file>
      <input_file id="fl-13">
         <path>.\driverlib\</path>
         <kind>object</kind>
         <file>crc.obj</file>
         <name>crc.obj</name>
      </input_file>
      <input_file id="fl-14">
         <path>.\driverlib\</path>
         <kind>object</kind>
         <file>des.obj</file>
         <name>des.obj</name>
      </input_file>
      <input_file id="fl-15">
         <path>.\driverlib\</path>
         <kind>object</kind>
         <file>eeprom.obj</file>
         <name>eeprom.obj</name>
      </input_file>
      <input_file id="fl-16">
         <path>.\driverlib\</path>
         <kind>object</kind>
         <file>emac.obj</file>
         <name>emac.obj</name>
      </input_file>
      <input_file id="fl-17">
         <path>.\driverlib\</path>
         <kind>object</kind>
         <file>epi.obj</file>
         <name>epi.obj</name>
      </input_file>
      <input_file id="fl-18">
         <path>.\driverlib\</path>
         <kind>object</kind>
         <file>epi_workaround_ccs.obj</file>
         <name>epi_workaround_ccs.obj</name>
      </input_file>
      <input_file id="fl-19">
         <path>.\driverlib\</path>
         <kind>object</kind>
         <file>flash.obj</file>
         <name>flash.obj</name>
      </input_file>
      <input_file id="fl-1a">
         <path>.\driverlib\</path>
         <kind>object</kind>
         <file>fpu.obj</file>
         <name>fpu.obj</name>
      </input_file>
      <input_file id="fl-1b">
         <path>.\driverlib\</path>
         <kind>object</kind>
         <file>gpio.obj</file>
         <name>gpio.obj</name>
      </input_file>
      <input_file id="fl-1c">
         <path>.\driverlib\</path>
         <kind>object</kind>
         <file>hibernate.obj</file>
         <name>hibernate.obj</name>
      </input_file>
      <input_file id="fl-1d">
         <path>.\driverlib\</path>
         <kind>object</kind>
         <file>i2c.obj</file>
         <name>i2c.obj</name>
      </input_file>
      <input_file id="fl-1e">
         <path>.\driverlib\</path>
         <kind>object</kind>
         <file>interrupt.obj</file>
         <name>interrupt.obj</name>
      </input_file>
      <input_file id="fl-1f">
         <path>.\driverlib\</path>
         <kind>object</kind>
         <file>lcd.obj</file>
         <name>lcd.obj</name>
      </input_file>
      <input_file id="fl-20">
         <path>.\driverlib\</path>
         <kind>object</kind>
         <file>mpu.obj</file>
         <name>mpu.obj</name>
      </input_file>
      <input_file id="fl-21">
         <path>.\driverlib\</path>
         <kind>object</kind>
         <file>pwm.obj</file>
         <name>pwm.obj</name>
      </input_file>
      <input_file id="fl-22">
         <path>.\driverlib\</path>
         <kind>object</kind>
         <file>qei.obj</file>
         <name>qei.obj</name>
      </input_file>
      <input_file id="fl-23">
         <path>.\driverlib\</path>
         <kind>object</kind>
         <file>shamd5.obj</file>
         <name>shamd5.obj</name>
      </input_file>
      <input_file id="fl-24">
         <path>.\driverlib\</path>
         <kind>object</kind>
         <file>ssi.obj</file>
         <name>ssi.obj</name>
      </input_file>
      <input_file id="fl-25">
         <path>.\driverlib\</path>
         <kind>object</kind>
         <file>sw_crc.obj</file>
         <name>sw_crc.obj</name>
      </input_file>
      <input_file id="fl-26">
         <path>.\driverlib\</path>
         <kind>object</kind>
         <file>sysctl.obj</file>
         <name>sysctl.obj</name>
      </input_file>
      <input_file id="fl-27">
         <path>.\driverlib\</path>
         <kind>object</kind>
         <file>sysexc.obj</file>
         <name>sysexc.obj</name>
      </input_file>
      <input_file id="fl-28">
         <path>.\driverlib\</path>
         <kind>object</kind>
         <file>systick.obj</file>
         <name>systick.obj</name>
      </input_file>
      <input_file id="fl-29">
         <path>.\driverlib\</path>
         <kind>object</kind>
         <file>timer.obj</file>
         <name>timer.obj</name>
      </input_file>
      <input_file id="fl-2a">
         <path>.\driverlib\</path>
         <kind>object</kind>
         <file>uart.obj</file>
         <name>uart.obj</name>
      </input_file>
      <input_file id="fl-2b">
         <path>.\driverlib\</path>
         <kind>object</kind>
         <file>udma.obj</file>
         <name>udma.obj</name>
      </input_file>
      <input_file id="fl-2c">
         <path>.\driverlib\</path>
         <kind>object</kind>
         <file>usb.obj</file>
         <name>usb.obj</name>
      </input_file>
      <input_file id="fl-2d">
         <path>.\driverlib\</path>
         <kind>object</kind>
         <file>watchdog.obj</file>
         <name>watchdog.obj</name>
      </input_file>
      <input_file id="fl-2e">
         <path>.\drivers\</path>
         <kind>object</kind>
         <file>pinout.obj</file>
         <name>pinout.obj</name>
      </input_file>
      <input_file id="fl-2f">
         <path>.\utils\</path>
         <kind>object</kind>
         <file>uartstdio.obj</file>
         <name>uartstdio.obj</name>
      </input_file>
      <input_file id="fl-33">
         <kind>object</kind>
         <file>&lt;internal&gt;</file>
         <name>&lt;internal&gt;</name>
      </input_file>
      <input_file id="fl-e9">
         <path>C:\ti\ccs1220\ccs\tools\compiler\ti-cgt-arm_20.2.7.LTS\lib\</path>
         <kind>archive</kind>
         <file>rtsv7M4_T_le_v4SPD16_eabi.lib</file>
         <name>memcpy_t2.asm.obj</name>
      </input_file>
      <input_file id="fl-ea">
         <path>C:\ti\ccs1220\ccs\tools\compiler\ti-cgt-arm_20.2.7.LTS\lib\</path>
         <kind>archive</kind>
         <file>rtsv7M4_T_le_v4SPD16_eabi.lib</file>
         <name>memset_t2.asm.obj</name>
      </input_file>
      <input_file id="fl-eb">
         <path>C:\ti\ccs1220\ccs\tools\compiler\ti-cgt-arm_20.2.7.LTS\lib\</path>
         <kind>archive</kind>
         <file>rtsv7M4_T_le_v4SPD16_eabi.lib</file>
         <name>u_divt2.asm.obj</name>
      </input_file>
      <input_file id="fl-ec">
         <path>C:\ti\ccs1220\ccs\tools\compiler\ti-cgt-arm_20.2.7.LTS\lib\</path>
         <kind>archive</kind>
         <file>rtsv7M4_T_le_v4SPD16_eabi.lib</file>
         <name>copy_zero_init.c.obj</name>
      </input_file>
      <input_file id="fl-ed">
         <path>C:\ti\ccs1220\ccs\tools\compiler\ti-cgt-arm_20.2.7.LTS\lib\</path>
         <kind>archive</kind>
         <file>rtsv7M4_T_le_v4SPD16_eabi.lib</file>
         <name>copy_decompress_none.c.obj</name>
      </input_file>
      <input_file id="fl-ee">
         <path>C:\ti\ccs1220\ccs\tools\compiler\ti-cgt-arm_20.2.7.LTS\lib\</path>
         <kind>archive</kind>
         <file>rtsv7M4_T_le_v4SPD16_eabi.lib</file>
         <name>copy_decompress_lzss.c.obj</name>
      </input_file>
      <input_file id="fl-ef">
         <path>C:\ti\ccs1220\ccs\tools\compiler\ti-cgt-arm_20.2.7.LTS\lib\</path>
         <kind>archive</kind>
         <file>rtsv7M4_T_le_v4SPD16_eabi.lib</file>
         <name>boot_cortex_m.c.obj</name>
      </input_file>
      <input_file id="fl-f0">
         <path>C:\ti\ccs1220\ccs\tools\compiler\ti-cgt-arm_20.2.7.LTS\lib\</path>
         <kind>archive</kind>
         <file>rtsv7M4_T_le_v4SPD16_eabi.lib</file>
         <name>div0.asm.obj</name>
      </input_file>
      <input_file id="fl-f1">
         <path>C:\ti\ccs1220\ccs\tools\compiler\ti-cgt-arm_20.2.7.LTS\lib\</path>
         <kind>archive</kind>
         <file>rtsv7M4_T_le_v4SPD16_eabi.lib</file>
         <name>autoinit.c.obj</name>
      </input_file>
      <input_file id="fl-f2">
         <path>C:\ti\ccs1220\ccs\tools\compiler\ti-cgt-arm_20.2.7.LTS\lib\</path>
         <kind>archive</kind>
         <file>rtsv7M4_T_le_v4SPD16_eabi.lib</file>
         <name>pre_init.c.obj</name>
      </input_file>
      <input_file id="fl-f3">
         <path>C:\ti\ccs1220\ccs\tools\compiler\ti-cgt-arm_20.2.7.LTS\lib\</path>
         <kind>archive</kind>
         <file>rtsv7M4_T_le_v4SPD16_eabi.lib</file>
         <name>cpy_tbl.c.obj</name>
      </input_file>
      <input_file id="fl-f4">
         <path>C:\ti\ccs1220\ccs\tools\compiler\ti-cgt-arm_20.2.7.LTS\lib\</path>
         <kind>archive</kind>
         <file>rtsv7M4_T_le_v4SPD16_eabi.lib</file>
         <name>exit.c.obj</name>
      </input_file>
      <input_file id="fl-f5">
         <path>C:\ti\ccs1220\ccs\tools\compiler\ti-cgt-arm_20.2.7.LTS\lib\</path>
         <kind>archive</kind>
         <file>rtsv7M4_T_le_v4SPD16_eabi.lib</file>
         <name>_lock.c.obj</name>
      </input_file>
      <input_file id="fl-f6">
         <path>C:\ti\ccs1220\ccs\tools\compiler\ti-cgt-arm_20.2.7.LTS\lib\</path>
         <kind>archive</kind>
         <file>rtsv7M4_T_le_v4SPD16_eabi.lib</file>
         <name>args_main.c.obj</name>
      </input_file>
   </input_file_list>
   <object_component_list>
      <object_component id="oc-12">
         <name>.intvecs</name>
         <load_address>0x0</load_address>
         <run_address>0x0</run_address>
         <size>0x208</size>
         <input_file_ref idref="fl-3"/>
      </object_component>
      <object_component id="oc-85">
         <name>.text</name>
         <load_address>0x208</load_address>
         <run_address>0x208</run_address>
         <size>0x18e0</size>
         <input_file_ref idref="fl-9"/>
      </object_component>
      <object_component id="oc-a7">
         <name>.text</name>
         <load_address>0x1ae8</load_address>
         <run_address>0x1ae8</run_address>
         <size>0x15cc</size>
         <input_file_ref idref="fl-26"/>
      </object_component>
      <object_component id="oc-ad">
         <name>.text</name>
         <load_address>0x30b4</load_address>
         <run_address>0x30b4</run_address>
         <size>0x114c</size>
         <input_file_ref idref="fl-1b"/>
      </object_component>
      <object_component id="oc-a1">
         <name>.text</name>
         <load_address>0x4200</load_address>
         <run_address>0x4200</run_address>
         <size>0xfb4</size>
         <input_file_ref idref="fl-e"/>
      </object_component>
      <object_component id="oc-247">
         <name>.text</name>
         <load_address>0x51b4</load_address>
         <run_address>0x51b4</run_address>
         <size>0xd20</size>
         <input_file_ref idref="fl-7"/>
      </object_component>
      <object_component id="oc-9b">
         <name>.text</name>
         <load_address>0x5ed4</load_address>
         <run_address>0x5ed4</run_address>
         <size>0xcc8</size>
         <input_file_ref idref="fl-29"/>
      </object_component>
      <object_component id="oc-137">
         <name>.text</name>
         <load_address>0x6b9c</load_address>
         <run_address>0x6b9c</run_address>
         <size>0x644</size>
         <input_file_ref idref="fl-a"/>
      </object_component>
      <object_component id="oc-b9">
         <name>.text</name>
         <load_address>0x71e0</load_address>
         <run_address>0x71e0</run_address>
         <size>0x56c</size>
         <input_file_ref idref="fl-2f"/>
      </object_component>
      <object_component id="oc-b3">
         <name>.text</name>
         <load_address>0x774c</load_address>
         <run_address>0x774c</run_address>
         <size>0x490</size>
         <input_file_ref idref="fl-1e"/>
      </object_component>
      <object_component id="oc-bf">
         <name>.text</name>
         <load_address>0x7bdc</load_address>
         <run_address>0x7bdc</run_address>
         <size>0x324</size>
         <input_file_ref idref="fl-2e"/>
      </object_component>
      <object_component id="oc-11f">
         <name>.text</name>
         <load_address>0x7f00</load_address>
         <run_address>0x7f00</run_address>
         <size>0x1b8</size>
         <input_file_ref idref="fl-d"/>
      </object_component>
      <object_component id="oc-38">
         <name>.text</name>
         <load_address>0x80b8</load_address>
         <run_address>0x80b8</run_address>
         <size>0x19c</size>
         <input_file_ref idref="fl-2"/>
      </object_component>
      <object_component id="oc-32">
         <name>.text</name>
         <load_address>0x8254</load_address>
         <run_address>0x8254</run_address>
         <size>0x13c</size>
         <input_file_ref idref="fl-b"/>
      </object_component>
      <object_component id="oc-125">
         <name>.text</name>
         <load_address>0x8390</load_address>
         <run_address>0x8390</run_address>
         <size>0x12a</size>
         <input_file_ref idref="fl-6"/>
      </object_component>
      <object_component id="oc-2a2">
         <name>.text</name>
         <load_address>0x84ba</load_address>
         <run_address>0x84ba</run_address>
         <size>0x2</size>
         <input_file_ref idref="fl-f0"/>
      </object_component>
      <object_component id="oc-2d">
         <name>.text</name>
         <load_address>0x84bc</load_address>
         <run_address>0x84bc</run_address>
         <size>0xda</size>
         <input_file_ref idref="fl-c"/>
      </object_component>
      <object_component id="oc-4c">
         <name>.text</name>
         <load_address>0x8596</load_address>
         <run_address>0x8596</run_address>
         <size>0x9c</size>
         <input_file_ref idref="fl-e9"/>
      </object_component>
      <object_component id="oc-fd">
         <name>.text</name>
         <load_address>0x8632</load_address>
         <run_address>0x8632</run_address>
         <size>0x7a</size>
         <input_file_ref idref="fl-ea"/>
      </object_component>
      <object_component id="oc-15">
         <name>.text:decompress:lzss:__TI_decompress_lzss</name>
         <load_address>0x86ac</load_address>
         <run_address>0x86ac</run_address>
         <size>0x68</size>
         <input_file_ref idref="fl-ee"/>
      </object_component>
      <object_component id="oc-1e2">
         <name>.text:__TI_auto_init_nobinit_nopinit:__TI_auto_init_nobinit_nopinit</name>
         <load_address>0x8714</load_address>
         <run_address>0x8714</run_address>
         <size>0x44</size>
         <input_file_ref idref="fl-f1"/>
      </object_component>
      <object_component id="oc-1a7">
         <name>.text</name>
         <load_address>0x8758</load_address>
         <run_address>0x8758</run_address>
         <size>0x40</size>
         <input_file_ref idref="fl-eb"/>
      </object_component>
      <object_component id="oc-16a">
         <name>.text</name>
         <load_address>0x8798</load_address>
         <run_address>0x8798</run_address>
         <size>0x3e</size>
         <input_file_ref idref="fl-12"/>
      </object_component>
      <object_component id="oc-6a">
         <name>.text:_c_int00_noargs:_c_int00_noargs</name>
         <load_address>0x87d8</load_address>
         <run_address>0x87d8</run_address>
         <size>0x34</size>
         <input_file_ref idref="fl-ef"/>
      </object_component>
      <object_component id="oc-1b">
         <name>.text:decompress:none:__TI_decompress_none</name>
         <load_address>0x880c</load_address>
         <run_address>0x880c</run_address>
         <size>0xe</size>
         <input_file_ref idref="fl-ed"/>
      </object_component>
      <object_component id="oc-5e">
         <name>.text:decompress:ZI:__TI_zero_init</name>
         <load_address>0x881a</load_address>
         <run_address>0x881a</run_address>
         <size>0xc</size>
         <input_file_ref idref="fl-ec"/>
      </object_component>
      <object_component id="oc-27">
         <name>.text</name>
         <load_address>0x8826</load_address>
         <run_address>0x8826</run_address>
         <size>0xc</size>
         <input_file_ref idref="fl-3"/>
      </object_component>
      <object_component id="oc-179">
         <name>.text:SysCtlDelay</name>
         <load_address>0x8832</load_address>
         <run_address>0x8832</run_address>
         <size>0x6</size>
         <input_file_ref idref="fl-26"/>
      </object_component>
      <object_component id="oc-103">
         <name>.text:_system_pre_init</name>
         <load_address>0x8838</load_address>
         <run_address>0x8838</run_address>
         <size>0x4</size>
         <input_file_ref idref="fl-f2"/>
      </object_component>
      <object_component id="oc-1d6">
         <name>.text:abort:abort</name>
         <load_address>0x883c</load_address>
         <run_address>0x883c</run_address>
         <size>0x4</size>
         <input_file_ref idref="fl-f4"/>
      </object_component>
      <object_component id="oc-173">
         <name>.const:g_pppui32XTALtoVCO</name>
         <load_address>0x8840</load_address>
         <run_address>0x8840</run_address>
         <size>0x120</size>
         <input_file_ref idref="fl-26"/>
      </object_component>
      <object_component id="oc-17c">
         <name>.const:g_ppui32GPIOIntMapBlizzard</name>
         <load_address>0x8960</load_address>
         <run_address>0x8960</run_address>
         <size>0xc0</size>
         <input_file_ref idref="fl-1b"/>
      </object_component>
      <object_component id="oc-17f">
         <name>.const:g_ppui32GPIOIntMapSnowflake</name>
         <load_address>0x8a20</load_address>
         <run_address>0x8a20</run_address>
         <size>0xc0</size>
         <input_file_ref idref="fl-1b"/>
      </object_component>
      <object_component id="oc-18d">
         <name>.const:g_pui32Regs</name>
         <load_address>0x8ae0</load_address>
         <run_address>0x8ae0</run_address>
         <size>0x9c</size>
         <input_file_ref idref="fl-1e"/>
      </object_component>
      <object_component id="oc-182">
         <name>.const:g_pui32GPIOBaseAddrs</name>
         <load_address>0x8b7c</load_address>
         <run_address>0x8b7c</run_address>
         <size>0x90</size>
         <input_file_ref idref="fl-1b"/>
      </object_component>
      <object_component id="oc-170">
         <name>.const:g_pui32Xtals</name>
         <load_address>0x8c0c</load_address>
         <run_address>0x8c0c</run_address>
         <size>0x6c</size>
         <input_file_ref idref="fl-26"/>
      </object_component>
      <object_component id="oc-155">
         <name>.const:g_ppui32TimerIntMap</name>
         <load_address>0x8c78</load_address>
         <run_address>0x8c78</run_address>
         <size>0x60</size>
         <input_file_ref idref="fl-29"/>
      </object_component>
      <object_component id="oc-158">
         <name>.const:g_ppui32TimerIntMapSnowflake</name>
         <load_address>0x8cd8</load_address>
         <run_address>0x8cd8</run_address>
         <size>0x40</size>
         <input_file_ref idref="fl-29"/>
      </object_component>
      <object_component id="oc-167">
         <name>.const:g_sXTALtoMEMTIM</name>
         <load_address>0x8d18</load_address>
         <run_address>0x8d18</run_address>
         <size>0x30</size>
         <input_file_ref idref="fl-26"/>
      </object_component>
      <object_component id="oc-18a">
         <name>.const:g_pui32Priority</name>
         <load_address>0x8d48</load_address>
         <run_address>0x8d48</run_address>
         <size>0x20</size>
         <input_file_ref idref="fl-1e"/>
      </object_component>
      <object_component id="oc-193">
         <name>.const:g_pui32Dii16Regs</name>
         <load_address>0x8d68</load_address>
         <run_address>0x8d68</run_address>
         <size>0x14</size>
         <input_file_ref idref="fl-1e"/>
      </object_component>
      <object_component id="oc-190">
         <name>.const:g_pui32EnRegs</name>
         <load_address>0x8d7c</load_address>
         <run_address>0x8d7c</run_address>
         <size>0x14</size>
         <input_file_ref idref="fl-1e"/>
      </object_component>
      <object_component id="oc-196">
         <name>.const:g_pui32PendRegs</name>
         <load_address>0x8d90</load_address>
         <run_address>0x8d90</run_address>
         <size>0x14</size>
         <input_file_ref idref="fl-1e"/>
      </object_component>
      <object_component id="oc-199">
         <name>.const:g_pui32UnpendRegs</name>
         <load_address>0x8da4</load_address>
         <run_address>0x8da4</run_address>
         <size>0x14</size>
         <input_file_ref idref="fl-1e"/>
      </object_component>
      <object_component id="oc-2a8">
         <name>.const:.string</name>
         <load_address>0x8db8</load_address>
         <run_address>0x8db8</run_address>
         <size>0x12</size>
         <input_file_ref idref="fl-2f"/>
      </object_component>
      <object_component id="oc-1a4">
         <name>.const:g_ui32UARTBase</name>
         <load_address>0x8dcc</load_address>
         <run_address>0x8dcc</run_address>
         <size>0xc</size>
         <input_file_ref idref="fl-2f"/>
      </object_component>
      <object_component id="oc-19e">
         <name>.const:g_ui32UARTPeriph</name>
         <load_address>0x8dd8</load_address>
         <run_address>0x8dd8</run_address>
         <size>0xc</size>
         <input_file_ref idref="fl-2f"/>
      </object_component>
      <object_component id="oc-176">
         <name>.const:g_pui32VCOFrequencies</name>
         <load_address>0x8de4</load_address>
         <run_address>0x8de4</run_address>
         <size>0x8</size>
         <input_file_ref idref="fl-26"/>
      </object_component>
      <object_component id="oc-82">
         <name>.const</name>
         <load_address>0x8dec</load_address>
         <run_address>0x8dec</run_address>
         <size>0x4</size>
         <input_file_ref idref="fl-b"/>
      </object_component>
      <object_component id="oc-1ac">
         <name>.const</name>
         <load_address>0x8df0</load_address>
         <run_address>0x8df0</run_address>
         <size>0x4</size>
         <input_file_ref idref="fl-2f"/>
      </object_component>
      <object_component id="oc-364">
         <name>.cinit..data.load</name>
         <load_address>0x8df8</load_address>
         <run_address>0x8df8</run_address>
         <size>0xf</size>
      </object_component>
      <object_component id="oc-361">
         <name>__TI_handler_table</name>
         <load_address>0x8e08</load_address>
         <run_address>0x8e08</run_address>
         <size>0xc</size>
      </object_component>
      <object_component id="oc-365">
         <name>.cinit..bss.load</name>
         <load_address>0x8e18</load_address>
         <run_address>0x8e18</run_address>
         <size>0x8</size>
      </object_component>
      <object_component id="oc-363">
         <name>.cinit..vtable.load</name>
         <load_address>0x8e20</load_address>
         <run_address>0x8e20</run_address>
         <size>0x8</size>
      </object_component>
      <object_component id="oc-362">
         <name>__TI_cinit_table</name>
         <load_address>0x8e28</load_address>
         <run_address>0x8e28</run_address>
         <size>0x18</size>
      </object_component>
      <object_component id="oc-187">
         <name>.vtable</name>
         <uninitialized>true</uninitialized>
         <run_address>0x20000000</run_address>
         <size>0x26c</size>
         <input_file_ref idref="fl-1e"/>
      </object_component>
      <object_component id="oc-c5">
         <name>.data</name>
         <load_address>0x2000c94c</load_address>
         <run_address>0x2000c94c</run_address>
         <size>0x10</size>
         <input_file_ref idref="fl-2"/>
      </object_component>
      <object_component id="oc-7f">
         <name>.data</name>
         <load_address>0x2000c918</load_address>
         <run_address>0x2000c918</run_address>
         <size>0x34</size>
         <input_file_ref idref="fl-9"/>
      </object_component>
      <object_component id="oc-24d">
         <name>.data</name>
         <load_address>0x2000c95c</load_address>
         <run_address>0x2000c95c</run_address>
         <size>0xc</size>
         <input_file_ref idref="fl-a"/>
      </object_component>
      <object_component id="oc-8c">
         <name>.data</name>
         <load_address>0x2000c978</load_address>
         <run_address>0x2000c978</run_address>
         <size>0x4</size>
         <input_file_ref idref="fl-b"/>
      </object_component>
      <object_component id="oc-22f">
         <name>.data</name>
         <load_address>0x2000c968</load_address>
         <run_address>0x2000c968</run_address>
         <size>0x8</size>
         <input_file_ref idref="fl-d"/>
      </object_component>
      <object_component id="oc-1a1">
         <name>.data</name>
         <load_address>0x2000c970</load_address>
         <run_address>0x2000c970</run_address>
         <size>0x5</size>
         <input_file_ref idref="fl-2f"/>
      </object_component>
      <object_component id="oc-12b">
         <name>.bss:pxReadyTasksLists</name>
         <uninitialized>true</uninitialized>
         <run_address>0x2000c5bc</run_address>
         <size>0x64</size>
         <input_file_ref idref="fl-9"/>
      </object_component>
      <object_component id="oc-140">
         <name>.bss:xDelayedTaskList1</name>
         <uninitialized>true</uninitialized>
         <run_address>0x2000c688</run_address>
         <size>0x14</size>
         <input_file_ref idref="fl-9"/>
      </object_component>
      <object_component id="oc-143">
         <name>.bss:xDelayedTaskList2</name>
         <uninitialized>true</uninitialized>
         <run_address>0x2000c69c</run_address>
         <size>0x14</size>
         <input_file_ref idref="fl-9"/>
      </object_component>
      <object_component id="oc-131">
         <name>.bss</name>
         <uninitialized>true</uninitialized>
         <run_address>0x2000c6ec</run_address>
         <size>0x8</size>
         <input_file_ref idref="fl-9"/>
      </object_component>
      <object_component id="oc-13d">
         <name>.bss:xPendingReadyList</name>
         <uninitialized>true</uninitialized>
         <run_address>0x2000c6b0</run_address>
         <size>0x14</size>
         <input_file_ref idref="fl-9"/>
      </object_component>
      <object_component id="oc-12e">
         <name>.bss:xTasksWaitingTermination</name>
         <uninitialized>true</uninitialized>
         <run_address>0x2000c6d8</run_address>
         <size>0x14</size>
         <input_file_ref idref="fl-9"/>
      </object_component>
      <object_component id="oc-134">
         <name>.bss:xSuspendedTaskList</name>
         <uninitialized>true</uninitialized>
         <run_address>0x2000c6c4</run_address>
         <size>0x14</size>
         <input_file_ref idref="fl-9"/>
      </object_component>
      <object_component id="oc-253">
         <name>.bss:xActiveTimerList1</name>
         <uninitialized>true</uninitialized>
         <run_address>0x2000c660</run_address>
         <size>0x14</size>
         <input_file_ref idref="fl-a"/>
      </object_component>
      <object_component id="oc-256">
         <name>.bss:xActiveTimerList2</name>
         <uninitialized>true</uninitialized>
         <run_address>0x2000c674</run_address>
         <size>0x14</size>
         <input_file_ref idref="fl-a"/>
      </object_component>
      <object_component id="oc-250">
         <name>.bss</name>
         <uninitialized>true</uninitialized>
         <run_address>0x2000c6f4</run_address>
         <size>0x8</size>
         <input_file_ref idref="fl-a"/>
      </object_component>
      <object_component id="oc-238">
         <name>.bss:ucHeap</name>
         <uninitialized>true</uninitialized>
         <run_address>0x2000026c</run_address>
         <size>0xc350</size>
         <input_file_ref idref="fl-d"/>
      </object_component>
      <object_component id="oc-232">
         <name>.bss:xStart</name>
         <uninitialized>true</uninitialized>
         <run_address>0x2000c704</run_address>
         <size>0x8</size>
         <input_file_ref idref="fl-d"/>
      </object_component>
      <object_component id="oc-235">
         <name>.bss:xEnd</name>
         <uninitialized>true</uninitialized>
         <run_address>0x2000c6fc</run_address>
         <size>0x8</size>
         <input_file_ref idref="fl-d"/>
      </object_component>
      <object_component id="oc-162">
         <name>.bss:g_pui8OversampleFactor</name>
         <uninitialized>true</uninitialized>
         <run_address>0x2000c70c</run_address>
         <size>0x4</size>
         <input_file_ref idref="fl-e"/>
      </object_component>
      <object_component id="oc-c8">
         <name>.common:ui32Period</name>
         <uninitialized>true</uninitialized>
         <run_address>0x2000c714</run_address>
         <size>0x4</size>
      </object_component>
      <object_component id="oc-cb">
         <name>.common:output_clock_rate_hz</name>
         <uninitialized>true</uninitialized>
         <run_address>0x2000c710</run_address>
         <size>0x4</size>
      </object_component>
      <object_component id="oc-2e3">
         <name>.common:xQueueRegistry</name>
         <uninitialized>true</uninitialized>
         <run_address>0x2000c620</run_address>
         <size>0x40</size>
      </object_component>
      <object_component id="oc-24">
         <name>.stack</name>
         <uninitialized>true</uninitialized>
         <run_address>0x2000c718</run_address>
         <size>0x4</size>
         <input_file_ref idref="fl-ef"/>
      </object_component>
      <object_component id="oc-367">
         <name>.stack</name>
         <uninitialized>true</uninitialized>
         <run_address>0x2000c718</run_address>
         <size>0x0</size>
      </object_component>
      <object_component id="oc-c9">
         <name>.debug_info</name>
         <load_address>0x0</load_address>
         <run_address>0x0</run_address>
         <size>0x89d</size>
         <input_file_ref idref="fl-2"/>
      </object_component>
      <object_component id="oc-c6">
         <name>.debug_info</name>
         <load_address>0x89d</load_address>
         <run_address>0x89d</run_address>
         <size>0x170</size>
         <input_file_ref idref="fl-2"/>
      </object_component>
      <object_component id="oc-3a">
         <name>.debug_info</name>
         <load_address>0xa0d</load_address>
         <run_address>0xa0d</run_address>
         <size>0x58b</size>
         <input_file_ref idref="fl-2"/>
      </object_component>
      <object_component id="oc-14b">
         <name>.debug_info</name>
         <load_address>0xf98</load_address>
         <run_address>0xf98</run_address>
         <size>0x315</size>
         <input_file_ref idref="fl-2"/>
      </object_component>
      <object_component id="oc-de">
         <name>.debug_info</name>
         <load_address>0x12ad</load_address>
         <run_address>0x12ad</run_address>
         <size>0x26b</size>
         <input_file_ref idref="fl-2"/>
      </object_component>
      <object_component id="oc-e3">
         <name>.debug_info</name>
         <load_address>0x1518</load_address>
         <run_address>0x1518</run_address>
         <size>0x461</size>
         <input_file_ref idref="fl-2"/>
      </object_component>
      <object_component id="oc-1bc">
         <name>.debug_info</name>
         <load_address>0x1979</load_address>
         <run_address>0x1979</run_address>
         <size>0x4f</size>
         <input_file_ref idref="fl-2"/>
      </object_component>
      <object_component id="oc-cd">
         <name>.debug_info</name>
         <load_address>0x19c8</load_address>
         <run_address>0x19c8</run_address>
         <size>0x8b</size>
         <input_file_ref idref="fl-2"/>
      </object_component>
      <object_component id="oc-91">
         <name>.debug_info</name>
         <load_address>0x1a53</load_address>
         <run_address>0x1a53</run_address>
         <size>0x2c</size>
         <input_file_ref idref="fl-2"/>
      </object_component>
      <object_component id="oc-1c1">
         <name>.debug_info</name>
         <load_address>0x1a7f</load_address>
         <run_address>0x1a7f</run_address>
         <size>0x2a4</size>
         <input_file_ref idref="fl-2"/>
      </object_component>
      <object_component id="oc-15c">
         <name>.debug_info</name>
         <load_address>0x1d23</load_address>
         <run_address>0x1d23</run_address>
         <size>0xef</size>
         <input_file_ref idref="fl-2"/>
      </object_component>
      <object_component id="oc-d2">
         <name>.debug_info</name>
         <load_address>0x1e12</load_address>
         <run_address>0x1e12</run_address>
         <size>0xbb</size>
         <input_file_ref idref="fl-2"/>
      </object_component>
      <object_component id="oc-d9">
         <name>.debug_info</name>
         <load_address>0x1ecd</load_address>
         <run_address>0x1ecd</run_address>
         <size>0x53</size>
         <input_file_ref idref="fl-2"/>
      </object_component>
      <object_component id="oc-96">
         <name>.debug_info</name>
         <load_address>0x1f20</load_address>
         <run_address>0x1f20</run_address>
         <size>0x53</size>
         <input_file_ref idref="fl-2"/>
      </object_component>
      <object_component id="oc-1b1">
         <name>.debug_info</name>
         <load_address>0x1f73</load_address>
         <run_address>0x1f73</run_address>
         <size>0x2c</size>
         <input_file_ref idref="fl-2"/>
      </object_component>
      <object_component id="oc-150">
         <name>.debug_info</name>
         <load_address>0x1f9f</load_address>
         <run_address>0x1f9f</run_address>
         <size>0x14c</size>
         <input_file_ref idref="fl-2"/>
      </object_component>
      <object_component id="oc-40">
         <name>.debug_info</name>
         <load_address>0x20eb</load_address>
         <run_address>0x20eb</run_address>
         <size>0x44f</size>
         <input_file_ref idref="fl-3"/>
      </object_component>
      <object_component id="oc-13">
         <name>.debug_info</name>
         <load_address>0x253a</load_address>
         <run_address>0x253a</run_address>
         <size>0x11e</size>
         <input_file_ref idref="fl-3"/>
      </object_component>
      <object_component id="oc-28">
         <name>.debug_info</name>
         <load_address>0x2658</load_address>
         <run_address>0x2658</run_address>
         <size>0x29d</size>
         <input_file_ref idref="fl-3"/>
      </object_component>
      <object_component id="oc-47">
         <name>.debug_info</name>
         <load_address>0x28f5</load_address>
         <run_address>0x28f5</run_address>
         <size>0x84</size>
         <input_file_ref idref="fl-3"/>
      </object_component>
      <object_component id="oc-2cf">
         <name>.debug_info</name>
         <load_address>0x2979</load_address>
         <run_address>0x2979</run_address>
         <size>0x661</size>
         <input_file_ref idref="fl-5"/>
      </object_component>
      <object_component id="oc-21b">
         <name>.debug_info</name>
         <load_address>0x2fda</load_address>
         <run_address>0x2fda</run_address>
         <size>0x110</size>
         <input_file_ref idref="fl-5"/>
      </object_component>
      <object_component id="oc-22a">
         <name>.debug_info</name>
         <load_address>0x30ea</load_address>
         <run_address>0x30ea</run_address>
         <size>0x461</size>
         <input_file_ref idref="fl-5"/>
      </object_component>
      <object_component id="oc-318">
         <name>.debug_info</name>
         <load_address>0x354b</load_address>
         <run_address>0x354b</run_address>
         <size>0x76</size>
         <input_file_ref idref="fl-5"/>
      </object_component>
      <object_component id="oc-31d">
         <name>.debug_info</name>
         <load_address>0x35c1</load_address>
         <run_address>0x35c1</run_address>
         <size>0x39</size>
         <input_file_ref idref="fl-5"/>
      </object_component>
      <object_component id="oc-216">
         <name>.debug_info</name>
         <load_address>0x35fa</load_address>
         <run_address>0x35fa</run_address>
         <size>0x4f</size>
         <input_file_ref idref="fl-5"/>
      </object_component>
      <object_component id="oc-23e">
         <name>.debug_info</name>
         <load_address>0x3649</load_address>
         <run_address>0x3649</run_address>
         <size>0x393</size>
         <input_file_ref idref="fl-6"/>
      </object_component>
      <object_component id="oc-127">
         <name>.debug_info</name>
         <load_address>0x39dc</load_address>
         <run_address>0x39dc</run_address>
         <size>0x4d9</size>
         <input_file_ref idref="fl-6"/>
      </object_component>
      <object_component id="oc-2d0">
         <name>.debug_info</name>
         <load_address>0x3eb5</load_address>
         <run_address>0x3eb5</run_address>
         <size>0x8c2</size>
         <input_file_ref idref="fl-7"/>
      </object_component>
      <object_component id="oc-249">
         <name>.debug_info</name>
         <load_address>0x4777</load_address>
         <run_address>0x4777</run_address>
         <size>0x3669</size>
         <input_file_ref idref="fl-7"/>
      </object_component>
      <object_component id="oc-324">
         <name>.debug_info</name>
         <load_address>0x7de0</load_address>
         <run_address>0x7de0</run_address>
         <size>0x23f</size>
         <input_file_ref idref="fl-7"/>
      </object_component>
      <object_component id="oc-2e5">
         <name>.debug_info</name>
         <load_address>0x801f</load_address>
         <run_address>0x801f</run_address>
         <size>0x46</size>
         <input_file_ref idref="fl-7"/>
      </object_component>
      <object_component id="oc-220">
         <name>.debug_info</name>
         <load_address>0x8065</load_address>
         <run_address>0x8065</run_address>
         <size>0x35</size>
         <input_file_ref idref="fl-7"/>
      </object_component>
      <object_component id="oc-1cd">
         <name>.debug_info</name>
         <load_address>0x809a</load_address>
         <run_address>0x809a</run_address>
         <size>0x2c</size>
         <input_file_ref idref="fl-8"/>
      </object_component>
      <object_component id="oc-117">
         <name>.debug_info</name>
         <load_address>0x80c6</load_address>
         <run_address>0x80c6</run_address>
         <size>0x7a1</size>
         <input_file_ref idref="fl-9"/>
      </object_component>
      <object_component id="oc-80">
         <name>.debug_info</name>
         <load_address>0x8867</load_address>
         <run_address>0x8867</run_address>
         <size>0x376</size>
         <input_file_ref idref="fl-9"/>
      </object_component>
      <object_component id="oc-12c">
         <name>.debug_info</name>
         <load_address>0x8bdd</load_address>
         <run_address>0x8bdd</run_address>
         <size>0x11d</size>
         <input_file_ref idref="fl-9"/>
      </object_component>
      <object_component id="oc-141">
         <name>.debug_info</name>
         <load_address>0x8cfa</load_address>
         <run_address>0x8cfa</run_address>
         <size>0x11d</size>
         <input_file_ref idref="fl-9"/>
      </object_component>
      <object_component id="oc-144">
         <name>.debug_info</name>
         <load_address>0x8e17</load_address>
         <run_address>0x8e17</run_address>
         <size>0x11d</size>
         <input_file_ref idref="fl-9"/>
      </object_component>
      <object_component id="oc-132">
         <name>.debug_info</name>
         <load_address>0x8f34</load_address>
         <run_address>0x8f34</run_address>
         <size>0x160</size>
         <input_file_ref idref="fl-9"/>
      </object_component>
      <object_component id="oc-13e">
         <name>.debug_info</name>
         <load_address>0x9094</load_address>
         <run_address>0x9094</run_address>
         <size>0x11d</size>
         <input_file_ref idref="fl-9"/>
      </object_component>
      <object_component id="oc-12f">
         <name>.debug_info</name>
         <load_address>0x91b1</load_address>
         <run_address>0x91b1</run_address>
         <size>0x12b</size>
         <input_file_ref idref="fl-9"/>
      </object_component>
      <object_component id="oc-135">
         <name>.debug_info</name>
         <load_address>0x92dc</load_address>
         <run_address>0x92dc</run_address>
         <size>0x11f</size>
         <input_file_ref idref="fl-9"/>
      </object_component>
      <object_component id="oc-88">
         <name>.debug_info</name>
         <load_address>0x93fb</load_address>
         <run_address>0x93fb</run_address>
         <size>0x49e5</size>
         <input_file_ref idref="fl-9"/>
      </object_component>
      <object_component id="oc-118">
         <name>.debug_info</name>
         <load_address>0xdde0</load_address>
         <run_address>0xdde0</run_address>
         <size>0x30c</size>
         <input_file_ref idref="fl-9"/>
      </object_component>
      <object_component id="oc-225">
         <name>.debug_info</name>
         <load_address>0xe0ec</load_address>
         <run_address>0xe0ec</run_address>
         <size>0x144</size>
         <input_file_ref idref="fl-9"/>
      </object_component>
      <object_component id="oc-25f">
         <name>.debug_info</name>
         <load_address>0xe230</load_address>
         <run_address>0xe230</run_address>
         <size>0x872</size>
         <input_file_ref idref="fl-a"/>
      </object_component>
      <object_component id="oc-254">
         <name>.debug_info</name>
         <load_address>0xeaa2</load_address>
         <run_address>0xeaa2</run_address>
         <size>0x11d</size>
         <input_file_ref idref="fl-a"/>
      </object_component>
      <object_component id="oc-257">
         <name>.debug_info</name>
         <load_address>0xebbf</load_address>
         <run_address>0xebbf</run_address>
         <size>0x11d</size>
         <input_file_ref idref="fl-a"/>
      </object_component>
      <object_component id="oc-251">
         <name>.debug_info</name>
         <load_address>0xecdc</load_address>
         <run_address>0xecdc</run_address>
         <size>0x155</size>
         <input_file_ref idref="fl-a"/>
      </object_component>
      <object_component id="oc-24e">
         <name>.debug_info</name>
         <load_address>0xee31</load_address>
         <run_address>0xee31</run_address>
         <size>0x141</size>
         <input_file_ref idref="fl-a"/>
      </object_component>
      <object_component id="oc-139">
         <name>.debug_info</name>
         <load_address>0xef72</load_address>
         <run_address>0xef72</run_address>
         <size>0x1dad</size>
         <input_file_ref idref="fl-a"/>
      </object_component>
      <object_component id="oc-260">
         <name>.debug_info</name>
         <load_address>0x10d1f</load_address>
         <run_address>0x10d1f</run_address>
         <size>0x1ce</size>
         <input_file_ref idref="fl-a"/>
      </object_component>
      <object_component id="oc-25a">
         <name>.debug_info</name>
         <load_address>0x10eed</load_address>
         <run_address>0x10eed</run_address>
         <size>0x46</size>
         <input_file_ref idref="fl-a"/>
      </object_component>
      <object_component id="oc-90">
         <name>.debug_info</name>
         <load_address>0x10f33</load_address>
         <run_address>0x10f33</run_address>
         <size>0x42e</size>
         <input_file_ref idref="fl-b"/>
      </object_component>
      <object_component id="oc-83">
         <name>.debug_info</name>
         <load_address>0x11361</load_address>
         <run_address>0x11361</run_address>
         <size>0x14a</size>
         <input_file_ref idref="fl-b"/>
      </object_component>
      <object_component id="oc-8d">
         <name>.debug_info</name>
         <load_address>0x114ab</load_address>
         <run_address>0x114ab</run_address>
         <size>0x131</size>
         <input_file_ref idref="fl-b"/>
      </object_component>
      <object_component id="oc-33">
         <name>.debug_info</name>
         <load_address>0x115dc</load_address>
         <run_address>0x115dc</run_address>
         <size>0x6e1</size>
         <input_file_ref idref="fl-b"/>
      </object_component>
      <object_component id="oc-30">
         <name>.debug_info</name>
         <load_address>0x11cbd</load_address>
         <run_address>0x11cbd</run_address>
         <size>0x27f</size>
         <input_file_ref idref="fl-c"/>
      </object_component>
      <object_component id="oc-23c">
         <name>.debug_info</name>
         <load_address>0x11f3c</load_address>
         <run_address>0x11f3c</run_address>
         <size>0x43d</size>
         <input_file_ref idref="fl-d"/>
      </object_component>
      <object_component id="oc-239">
         <name>.debug_info</name>
         <load_address>0x12379</load_address>
         <run_address>0x12379</run_address>
         <size>0x118</size>
         <input_file_ref idref="fl-d"/>
      </object_component>
      <object_component id="oc-233">
         <name>.debug_info</name>
         <load_address>0x12491</load_address>
         <run_address>0x12491</run_address>
         <size>0x118</size>
         <input_file_ref idref="fl-d"/>
      </object_component>
      <object_component id="oc-236">
         <name>.debug_info</name>
         <load_address>0x125a9</load_address>
         <run_address>0x125a9</run_address>
         <size>0x114</size>
         <input_file_ref idref="fl-d"/>
      </object_component>
      <object_component id="oc-230">
         <name>.debug_info</name>
         <load_address>0x126bd</load_address>
         <run_address>0x126bd</run_address>
         <size>0x132</size>
         <input_file_ref idref="fl-d"/>
      </object_component>
      <object_component id="oc-123">
         <name>.debug_info</name>
         <load_address>0x127ef</load_address>
         <run_address>0x127ef</run_address>
         <size>0x692</size>
         <input_file_ref idref="fl-d"/>
      </object_component>
      <object_component id="oc-2d6">
         <name>.debug_info</name>
         <load_address>0x12e81</load_address>
         <run_address>0x12e81</run_address>
         <size>0x62</size>
         <input_file_ref idref="fl-d"/>
      </object_component>
      <object_component id="oc-166">
         <name>.debug_info</name>
         <load_address>0x12ee3</load_address>
         <run_address>0x12ee3</run_address>
         <size>0x383</size>
         <input_file_ref idref="fl-e"/>
      </object_component>
      <object_component id="oc-163">
         <name>.debug_info</name>
         <load_address>0x13266</load_address>
         <run_address>0x13266</run_address>
         <size>0x125</size>
         <input_file_ref idref="fl-e"/>
      </object_component>
      <object_component id="oc-a4">
         <name>.debug_info</name>
         <load_address>0x1338b</load_address>
         <run_address>0x1338b</run_address>
         <size>0x3001</size>
         <input_file_ref idref="fl-e"/>
      </object_component>
      <object_component id="oc-16e">
         <name>.debug_info</name>
         <load_address>0x1638c</load_address>
         <run_address>0x1638c</run_address>
         <size>0x36a</size>
         <input_file_ref idref="fl-12"/>
      </object_component>
      <object_component id="oc-186">
         <name>.debug_info</name>
         <load_address>0x166f6</load_address>
         <run_address>0x166f6</run_address>
         <size>0x3ad</size>
         <input_file_ref idref="fl-1b"/>
      </object_component>
      <object_component id="oc-17d">
         <name>.debug_info</name>
         <load_address>0x16aa3</load_address>
         <run_address>0x16aa3</run_address>
         <size>0x12e</size>
         <input_file_ref idref="fl-1b"/>
      </object_component>
      <object_component id="oc-180">
         <name>.debug_info</name>
         <load_address>0x16bd1</load_address>
         <run_address>0x16bd1</run_address>
         <size>0x130</size>
         <input_file_ref idref="fl-1b"/>
      </object_component>
      <object_component id="oc-183">
         <name>.debug_info</name>
         <load_address>0x16d01</load_address>
         <run_address>0x16d01</run_address>
         <size>0x122</size>
         <input_file_ref idref="fl-1b"/>
      </object_component>
      <object_component id="oc-b1">
         <name>.debug_info</name>
         <load_address>0x16e23</load_address>
         <run_address>0x16e23</run_address>
         <size>0x3894</size>
         <input_file_ref idref="fl-1b"/>
      </object_component>
      <object_component id="oc-19d">
         <name>.debug_info</name>
         <load_address>0x1a6b7</load_address>
         <run_address>0x1a6b7</run_address>
         <size>0x39a</size>
         <input_file_ref idref="fl-1e"/>
      </object_component>
      <object_component id="oc-18b">
         <name>.debug_info</name>
         <load_address>0x1aa51</load_address>
         <run_address>0x1aa51</run_address>
         <size>0x11d</size>
         <input_file_ref idref="fl-1e"/>
      </object_component>
      <object_component id="oc-18e">
         <name>.debug_info</name>
         <load_address>0x1ab6e</load_address>
         <run_address>0x1ab6e</run_address>
         <size>0x115</size>
         <input_file_ref idref="fl-1e"/>
      </object_component>
      <object_component id="oc-191">
         <name>.debug_info</name>
         <load_address>0x1ac83</load_address>
         <run_address>0x1ac83</run_address>
         <size>0x119</size>
         <input_file_ref idref="fl-1e"/>
      </object_component>
      <object_component id="oc-194">
         <name>.debug_info</name>
         <load_address>0x1ad9c</load_address>
         <run_address>0x1ad9c</run_address>
         <size>0x11f</size>
         <input_file_ref idref="fl-1e"/>
      </object_component>
      <object_component id="oc-197">
         <name>.debug_info</name>
         <load_address>0x1aebb</load_address>
         <run_address>0x1aebb</run_address>
         <size>0x11d</size>
         <input_file_ref idref="fl-1e"/>
      </object_component>
      <object_component id="oc-19a">
         <name>.debug_info</name>
         <load_address>0x1afd8</load_address>
         <run_address>0x1afd8</run_address>
         <size>0x121</size>
         <input_file_ref idref="fl-1e"/>
      </object_component>
      <object_component id="oc-188">
         <name>.debug_info</name>
         <load_address>0x1b0f9</load_address>
         <run_address>0x1b0f9</run_address>
         <size>0x11e</size>
         <input_file_ref idref="fl-1e"/>
      </object_component>
      <object_component id="oc-b7">
         <name>.debug_info</name>
         <load_address>0x1b217</load_address>
         <run_address>0x1b217</run_address>
         <size>0xdde</size>
         <input_file_ref idref="fl-1e"/>
      </object_component>
      <object_component id="oc-17b">
         <name>.debug_info</name>
         <load_address>0x1bff5</load_address>
         <run_address>0x1bff5</run_address>
         <size>0x40b</size>
         <input_file_ref idref="fl-26"/>
      </object_component>
      <object_component id="oc-171">
         <name>.debug_info</name>
         <load_address>0x1c400</load_address>
         <run_address>0x1c400</run_address>
         <size>0x114</size>
         <input_file_ref idref="fl-26"/>
      </object_component>
      <object_component id="oc-174">
         <name>.debug_info</name>
         <load_address>0x1c514</load_address>
         <run_address>0x1c514</run_address>
         <size>0x120</size>
         <input_file_ref idref="fl-26"/>
      </object_component>
      <object_component id="oc-168">
         <name>.debug_info</name>
         <load_address>0x1c634</load_address>
         <run_address>0x1c634</run_address>
         <size>0x11a</size>
         <input_file_ref idref="fl-26"/>
      </object_component>
      <object_component id="oc-177">
         <name>.debug_info</name>
         <load_address>0x1c74e</load_address>
         <run_address>0x1c74e</run_address>
         <size>0x127</size>
         <input_file_ref idref="fl-26"/>
      </object_component>
      <object_component id="oc-aa">
         <name>.debug_info</name>
         <load_address>0x1c875</load_address>
         <run_address>0x1c875</run_address>
         <size>0x2cab</size>
         <input_file_ref idref="fl-26"/>
      </object_component>
      <object_component id="oc-280">
         <name>.debug_info</name>
         <load_address>0x1f520</load_address>
         <run_address>0x1f520</run_address>
         <size>0x51</size>
         <input_file_ref idref="fl-26"/>
      </object_component>
      <object_component id="oc-161">
         <name>.debug_info</name>
         <load_address>0x1f571</load_address>
         <run_address>0x1f571</run_address>
         <size>0x3aa</size>
         <input_file_ref idref="fl-29"/>
      </object_component>
      <object_component id="oc-156">
         <name>.debug_info</name>
         <load_address>0x1f91b</load_address>
         <run_address>0x1f91b</run_address>
         <size>0x121</size>
         <input_file_ref idref="fl-29"/>
      </object_component>
      <object_component id="oc-159">
         <name>.debug_info</name>
         <load_address>0x1fa3c</load_address>
         <run_address>0x1fa3c</run_address>
         <size>0x133</size>
         <input_file_ref idref="fl-29"/>
      </object_component>
      <object_component id="oc-9c">
         <name>.debug_info</name>
         <load_address>0x1fb6f</load_address>
         <run_address>0x1fb6f</run_address>
         <size>0x2c2e</size>
         <input_file_ref idref="fl-29"/>
      </object_component>
      <object_component id="oc-1b7">
         <name>.debug_info</name>
         <load_address>0x2279d</load_address>
         <run_address>0x2279d</run_address>
         <size>0x385</size>
         <input_file_ref idref="fl-2e"/>
      </object_component>
      <object_component id="oc-c1">
         <name>.debug_info</name>
         <load_address>0x22b22</load_address>
         <run_address>0x22b22</run_address>
         <size>0x531</size>
         <input_file_ref idref="fl-2e"/>
      </object_component>
      <object_component id="oc-1b0">
         <name>.debug_info</name>
         <load_address>0x23053</load_address>
         <run_address>0x23053</run_address>
         <size>0x2f7</size>
         <input_file_ref idref="fl-2f"/>
      </object_component>
      <object_component id="oc-1a2">
         <name>.debug_info</name>
         <load_address>0x2334a</load_address>
         <run_address>0x2334a</run_address>
         <size>0x10f</size>
         <input_file_ref idref="fl-2f"/>
      </object_component>
      <object_component id="oc-1ad">
         <name>.debug_info</name>
         <load_address>0x23459</load_address>
         <run_address>0x23459</run_address>
         <size>0x109</size>
         <input_file_ref idref="fl-2f"/>
      </object_component>
      <object_component id="oc-1a5">
         <name>.debug_info</name>
         <load_address>0x23562</load_address>
         <run_address>0x23562</run_address>
         <size>0x117</size>
         <input_file_ref idref="fl-2f"/>
      </object_component>
      <object_component id="oc-19f">
         <name>.debug_info</name>
         <load_address>0x23679</load_address>
         <run_address>0x23679</run_address>
         <size>0x11b</size>
         <input_file_ref idref="fl-2f"/>
      </object_component>
      <object_component id="oc-bd">
         <name>.debug_info</name>
         <load_address>0x23794</load_address>
         <run_address>0x23794</run_address>
         <size>0x7ef</size>
         <input_file_ref idref="fl-2f"/>
      </object_component>
      <object_component id="oc-4e">
         <name>.debug_info</name>
         <load_address>0x23f83</load_address>
         <run_address>0x23f83</run_address>
         <size>0x119</size>
         <input_file_ref idref="fl-e9"/>
      </object_component>
      <object_component id="oc-100">
         <name>.debug_info</name>
         <load_address>0x2409c</load_address>
         <run_address>0x2409c</run_address>
         <size>0x147</size>
         <input_file_ref idref="fl-ea"/>
      </object_component>
      <object_component id="oc-1a9">
         <name>.debug_info</name>
         <load_address>0x241e3</load_address>
         <run_address>0x241e3</run_address>
         <size>0x142</size>
         <input_file_ref idref="fl-eb"/>
      </object_component>
      <object_component id="oc-fc">
         <name>.debug_info</name>
         <load_address>0x24325</load_address>
         <run_address>0x24325</run_address>
         <size>0x2d4</size>
         <input_file_ref idref="fl-ec"/>
      </object_component>
      <object_component id="oc-60">
         <name>.debug_info</name>
         <load_address>0x245f9</load_address>
         <run_address>0x245f9</run_address>
         <size>0x1b5</size>
         <input_file_ref idref="fl-ec"/>
      </object_component>
      <object_component id="oc-f7">
         <name>.debug_info</name>
         <load_address>0x247ae</load_address>
         <run_address>0x247ae</run_address>
         <size>0x46</size>
         <input_file_ref idref="fl-ec"/>
      </object_component>
      <object_component id="oc-57">
         <name>.debug_info</name>
         <load_address>0x247f4</load_address>
         <run_address>0x247f4</run_address>
         <size>0x2a8</size>
         <input_file_ref idref="fl-ed"/>
      </object_component>
      <object_component id="oc-1c">
         <name>.debug_info</name>
         <load_address>0x24a9c</load_address>
         <run_address>0x24a9c</run_address>
         <size>0x1ea</size>
         <input_file_ref idref="fl-ed"/>
      </object_component>
      <object_component id="oc-52">
         <name>.debug_info</name>
         <load_address>0x24c86</load_address>
         <run_address>0x24c86</run_address>
         <size>0x46</size>
         <input_file_ref idref="fl-ed"/>
      </object_component>
      <object_component id="oc-ef">
         <name>.debug_info</name>
         <load_address>0x24ccc</load_address>
         <run_address>0x24ccc</run_address>
         <size>0x2c</size>
         <input_file_ref idref="fl-ed"/>
      </object_component>
      <object_component id="oc-ed">
         <name>.debug_info</name>
         <load_address>0x24cf8</load_address>
         <run_address>0x24cf8</run_address>
         <size>0x29e</size>
         <input_file_ref idref="fl-ee"/>
      </object_component>
      <object_component id="oc-16">
         <name>.debug_info</name>
         <load_address>0x24f96</load_address>
         <run_address>0x24f96</run_address>
         <size>0x250</size>
         <input_file_ref idref="fl-ee"/>
      </object_component>
      <object_component id="oc-42">
         <name>.debug_info</name>
         <load_address>0x251e6</load_address>
         <run_address>0x251e6</run_address>
         <size>0x60</size>
         <input_file_ref idref="fl-ee"/>
      </object_component>
      <object_component id="oc-1c6">
         <name>.debug_info</name>
         <load_address>0x25246</load_address>
         <run_address>0x25246</run_address>
         <size>0x46</size>
         <input_file_ref idref="fl-ee"/>
      </object_component>
      <object_component id="oc-e8">
         <name>.debug_info</name>
         <load_address>0x2528c</load_address>
         <run_address>0x2528c</run_address>
         <size>0x39</size>
         <input_file_ref idref="fl-ee"/>
      </object_component>
      <object_component id="oc-25">
         <name>.debug_info</name>
         <load_address>0x252c5</load_address>
         <run_address>0x252c5</run_address>
         <size>0x10b</size>
         <input_file_ref idref="fl-ef"/>
      </object_component>
      <object_component id="oc-6b">
         <name>.debug_info</name>
         <load_address>0x253d0</load_address>
         <run_address>0x253d0</run_address>
         <size>0x1a9</size>
         <input_file_ref idref="fl-ef"/>
      </object_component>
      <object_component id="oc-2a5">
         <name>.debug_info</name>
         <load_address>0x25579</load_address>
         <run_address>0x25579</run_address>
         <size>0x115</size>
         <input_file_ref idref="fl-f0"/>
      </object_component>
      <object_component id="oc-2ba">
         <name>.debug_info</name>
         <load_address>0x2568e</load_address>
         <run_address>0x2568e</run_address>
         <size>0x4b3</size>
         <input_file_ref idref="fl-f1"/>
      </object_component>
      <object_component id="oc-1e3">
         <name>.debug_info</name>
         <load_address>0x25b41</load_address>
         <run_address>0x25b41</run_address>
         <size>0x1a6</size>
         <input_file_ref idref="fl-f1"/>
      </object_component>
      <object_component id="oc-305">
         <name>.debug_info</name>
         <load_address>0x25ce7</load_address>
         <run_address>0x25ce7</run_address>
         <size>0x39</size>
         <input_file_ref idref="fl-f1"/>
      </object_component>
      <object_component id="oc-32c">
         <name>.debug_info</name>
         <load_address>0x25d20</load_address>
         <run_address>0x25d20</run_address>
         <size>0x39</size>
         <input_file_ref idref="fl-f1"/>
      </object_component>
      <object_component id="oc-30a">
         <name>.debug_info</name>
         <load_address>0x25d59</load_address>
         <run_address>0x25d59</run_address>
         <size>0x39</size>
         <input_file_ref idref="fl-f1"/>
      </object_component>
      <object_component id="oc-30f">
         <name>.debug_info</name>
         <load_address>0x25d92</load_address>
         <run_address>0x25d92</run_address>
         <size>0xcd</size>
         <input_file_ref idref="fl-f1"/>
      </object_component>
      <object_component id="oc-104">
         <name>.debug_info</name>
         <load_address>0x25e5f</load_address>
         <run_address>0x25e5f</run_address>
         <size>0x153</size>
         <input_file_ref idref="fl-f2"/>
      </object_component>
      <object_component id="oc-1d9">
         <name>.debug_info</name>
         <load_address>0x25fb2</load_address>
         <run_address>0x25fb2</run_address>
         <size>0x122</size>
         <input_file_ref idref="fl-f4"/>
      </object_component>
      <object_component id="oc-368">
         <name>.debug_info</name>
         <load_address>0x260d4</load_address>
         <run_address>0x260d4</run_address>
         <size>0xd0</size>
      </object_component>
      <object_component id="oc-1bb">
         <name>.debug_line</name>
         <load_address>0x0</load_address>
         <run_address>0x0</run_address>
         <size>0xd6</size>
         <input_file_ref idref="fl-2"/>
      </object_component>
      <object_component id="oc-1b9">
         <name>.debug_line</name>
         <load_address>0xd6</load_address>
         <run_address>0xd6</run_address>
         <size>0x2d</size>
         <input_file_ref idref="fl-2"/>
      </object_component>
      <object_component id="oc-39">
         <name>.debug_line</name>
         <load_address>0x103</load_address>
         <run_address>0x103</run_address>
         <size>0xf4</size>
         <input_file_ref idref="fl-2"/>
      </object_component>
      <object_component id="oc-14e">
         <name>.debug_line</name>
         <load_address>0x1f7</load_address>
         <run_address>0x1f7</run_address>
         <size>0x97</size>
         <input_file_ref idref="fl-2"/>
      </object_component>
      <object_component id="oc-e1">
         <name>.debug_line</name>
         <load_address>0x28e</load_address>
         <run_address>0x28e</run_address>
         <size>0x6f</size>
         <input_file_ref idref="fl-2"/>
      </object_component>
      <object_component id="oc-e6">
         <name>.debug_line</name>
         <load_address>0x2fd</load_address>
         <run_address>0x2fd</run_address>
         <size>0x9b</size>
         <input_file_ref idref="fl-2"/>
      </object_component>
      <object_component id="oc-1bf">
         <name>.debug_line</name>
         <load_address>0x398</load_address>
         <run_address>0x398</run_address>
         <size>0x98</size>
         <input_file_ref idref="fl-2"/>
      </object_component>
      <object_component id="oc-d0">
         <name>.debug_line</name>
         <load_address>0x430</load_address>
         <run_address>0x430</run_address>
         <size>0x20</size>
         <input_file_ref idref="fl-2"/>
      </object_component>
      <object_component id="oc-94">
         <name>.debug_line</name>
         <load_address>0x450</load_address>
         <run_address>0x450</run_address>
         <size>0x9b</size>
         <input_file_ref idref="fl-2"/>
      </object_component>
      <object_component id="oc-1c4">
         <name>.debug_line</name>
         <load_address>0x4eb</load_address>
         <run_address>0x4eb</run_address>
         <size>0x73</size>
         <input_file_ref idref="fl-2"/>
      </object_component>
      <object_component id="oc-15f">
         <name>.debug_line</name>
         <load_address>0x55e</load_address>
         <run_address>0x55e</run_address>
         <size>0x6f</size>
         <input_file_ref idref="fl-2"/>
      </object_component>
      <object_component id="oc-d5">
         <name>.debug_line</name>
         <load_address>0x5cd</load_address>
         <run_address>0x5cd</run_address>
         <size>0x70</size>
         <input_file_ref idref="fl-2"/>
      </object_component>
      <object_component id="oc-dc">
         <name>.debug_line</name>
         <load_address>0x63d</load_address>
         <run_address>0x63d</run_address>
         <size>0x6b</size>
         <input_file_ref idref="fl-2"/>
      </object_component>
      <object_component id="oc-99">
         <name>.debug_line</name>
         <load_address>0x6a8</load_address>
         <run_address>0x6a8</run_address>
         <size>0xaa</size>
         <input_file_ref idref="fl-2"/>
      </object_component>
      <object_component id="oc-1b4">
         <name>.debug_line</name>
         <load_address>0x752</load_address>
         <run_address>0x752</run_address>
         <size>0x6b</size>
         <input_file_ref idref="fl-2"/>
      </object_component>
      <object_component id="oc-153">
         <name>.debug_line</name>
         <load_address>0x7bd</load_address>
         <run_address>0x7bd</run_address>
         <size>0x97</size>
         <input_file_ref idref="fl-2"/>
      </object_component>
      <object_component id="oc-d8">
         <name>.debug_line</name>
         <load_address>0x854</load_address>
         <run_address>0x854</run_address>
         <size>0x42</size>
         <input_file_ref idref="fl-3"/>
      </object_component>
      <object_component id="oc-3f">
         <name>.debug_line</name>
         <load_address>0x896</load_address>
         <run_address>0x896</run_address>
         <size>0x42</size>
         <input_file_ref idref="fl-3"/>
      </object_component>
      <object_component id="oc-2b">
         <name>.debug_line</name>
         <load_address>0x8d8</load_address>
         <run_address>0x8d8</run_address>
         <size>0xa2</size>
         <input_file_ref idref="fl-3"/>
      </object_component>
      <object_component id="oc-4a">
         <name>.debug_line</name>
         <load_address>0x97a</load_address>
         <run_address>0x97a</run_address>
         <size>0x20</size>
         <input_file_ref idref="fl-3"/>
      </object_component>
      <object_component id="oc-317">
         <name>.debug_line</name>
         <load_address>0x99a</load_address>
         <run_address>0x99a</run_address>
         <size>0x213</size>
         <input_file_ref idref="fl-5"/>
      </object_component>
      <object_component id="oc-21e">
         <name>.debug_line</name>
         <load_address>0xbad</load_address>
         <run_address>0xbad</run_address>
         <size>0x6b</size>
         <input_file_ref idref="fl-5"/>
      </object_component>
      <object_component id="oc-22d">
         <name>.debug_line</name>
         <load_address>0xc18</load_address>
         <run_address>0xc18</run_address>
         <size>0x9b</size>
         <input_file_ref idref="fl-5"/>
      </object_component>
      <object_component id="oc-31b">
         <name>.debug_line</name>
         <load_address>0xcb3</load_address>
         <run_address>0xcb3</run_address>
         <size>0x3e</size>
         <input_file_ref idref="fl-5"/>
      </object_component>
      <object_component id="oc-320">
         <name>.debug_line</name>
         <load_address>0xcf1</load_address>
         <run_address>0xcf1</run_address>
         <size>0x9f</size>
         <input_file_ref idref="fl-5"/>
      </object_component>
      <object_component id="oc-219">
         <name>.debug_line</name>
         <load_address>0xd90</load_address>
         <run_address>0xd90</run_address>
         <size>0x99</size>
         <input_file_ref idref="fl-5"/>
      </object_component>
      <object_component id="oc-2e2">
         <name>.debug_line</name>
         <load_address>0xe29</load_address>
         <run_address>0xe29</run_address>
         <size>0x20</size>
         <input_file_ref idref="fl-6"/>
      </object_component>
      <object_component id="oc-126">
         <name>.debug_line</name>
         <load_address>0xe49</load_address>
         <run_address>0xe49</run_address>
         <size>0xe8</size>
         <input_file_ref idref="fl-6"/>
      </object_component>
      <object_component id="oc-323">
         <name>.debug_line</name>
         <load_address>0xf31</load_address>
         <run_address>0xf31</run_address>
         <size>0x22a</size>
         <input_file_ref idref="fl-7"/>
      </object_component>
      <object_component id="oc-24c">
         <name>.debug_line</name>
         <load_address>0x115b</load_address>
         <run_address>0x115b</run_address>
         <size>0x86d</size>
         <input_file_ref idref="fl-7"/>
      </object_component>
      <object_component id="oc-327">
         <name>.debug_line</name>
         <load_address>0x19c8</load_address>
         <run_address>0x19c8</run_address>
         <size>0x37</size>
         <input_file_ref idref="fl-7"/>
      </object_component>
      <object_component id="oc-2e8">
         <name>.debug_line</name>
         <load_address>0x19ff</load_address>
         <run_address>0x19ff</run_address>
         <size>0x98</size>
         <input_file_ref idref="fl-7"/>
      </object_component>
      <object_component id="oc-223">
         <name>.debug_line</name>
         <load_address>0x1a97</load_address>
         <run_address>0x1a97</run_address>
         <size>0x74</size>
         <input_file_ref idref="fl-7"/>
      </object_component>
      <object_component id="oc-1d0">
         <name>.debug_line</name>
         <load_address>0x1b0b</load_address>
         <run_address>0x1b0b</run_address>
         <size>0x6b</size>
         <input_file_ref idref="fl-8"/>
      </object_component>
      <object_component id="oc-215">
         <name>.debug_line</name>
         <load_address>0x1b76</load_address>
         <run_address>0x1b76</run_address>
         <size>0x260</size>
         <input_file_ref idref="fl-9"/>
      </object_component>
      <object_component id="oc-116">
         <name>.debug_line</name>
         <load_address>0x1dd6</load_address>
         <run_address>0x1dd6</run_address>
         <size>0x37</size>
         <input_file_ref idref="fl-9"/>
      </object_component>
      <object_component id="oc-240">
         <name>.debug_line</name>
         <load_address>0x1e0d</load_address>
         <run_address>0x1e0d</run_address>
         <size>0x37</size>
         <input_file_ref idref="fl-9"/>
      </object_component>
      <object_component id="oc-268">
         <name>.debug_line</name>
         <load_address>0x1e44</load_address>
         <run_address>0x1e44</run_address>
         <size>0x37</size>
         <input_file_ref idref="fl-9"/>
      </object_component>
      <object_component id="oc-26a">
         <name>.debug_line</name>
         <load_address>0x1e7b</load_address>
         <run_address>0x1e7b</run_address>
         <size>0x37</size>
         <input_file_ref idref="fl-9"/>
      </object_component>
      <object_component id="oc-244">
         <name>.debug_line</name>
         <load_address>0x1eb2</load_address>
         <run_address>0x1eb2</run_address>
         <size>0x37</size>
         <input_file_ref idref="fl-9"/>
      </object_component>
      <object_component id="oc-266">
         <name>.debug_line</name>
         <load_address>0x1ee9</load_address>
         <run_address>0x1ee9</run_address>
         <size>0x37</size>
         <input_file_ref idref="fl-9"/>
      </object_component>
      <object_component id="oc-242">
         <name>.debug_line</name>
         <load_address>0x1f20</load_address>
         <run_address>0x1f20</run_address>
         <size>0x37</size>
         <input_file_ref idref="fl-9"/>
      </object_component>
      <object_component id="oc-246">
         <name>.debug_line</name>
         <load_address>0x1f57</load_address>
         <run_address>0x1f57</run_address>
         <size>0x37</size>
         <input_file_ref idref="fl-9"/>
      </object_component>
      <object_component id="oc-8a">
         <name>.debug_line</name>
         <load_address>0x1f8e</load_address>
         <run_address>0x1f8e</run_address>
         <size>0xc41</size>
         <input_file_ref idref="fl-9"/>
      </object_component>
      <object_component id="oc-11b">
         <name>.debug_line</name>
         <load_address>0x2bcf</load_address>
         <run_address>0x2bcf</run_address>
         <size>0x97</size>
         <input_file_ref idref="fl-9"/>
      </object_component>
      <object_component id="oc-228">
         <name>.debug_line</name>
         <load_address>0x2c66</load_address>
         <run_address>0x2c66</run_address>
         <size>0x37</size>
         <input_file_ref idref="fl-9"/>
      </object_component>
      <object_component id="oc-2f3">
         <name>.debug_line</name>
         <load_address>0x2c9d</load_address>
         <run_address>0x2c9d</run_address>
         <size>0x28b</size>
         <input_file_ref idref="fl-a"/>
      </object_component>
      <object_component id="oc-2ef">
         <name>.debug_line</name>
         <load_address>0x2f28</load_address>
         <run_address>0x2f28</run_address>
         <size>0x38</size>
         <input_file_ref idref="fl-a"/>
      </object_component>
      <object_component id="oc-2f1">
         <name>.debug_line</name>
         <load_address>0x2f60</load_address>
         <run_address>0x2f60</run_address>
         <size>0x38</size>
         <input_file_ref idref="fl-a"/>
      </object_component>
      <object_component id="oc-2ed">
         <name>.debug_line</name>
         <load_address>0x2f98</load_address>
         <run_address>0x2f98</run_address>
         <size>0x38</size>
         <input_file_ref idref="fl-a"/>
      </object_component>
      <object_component id="oc-2eb">
         <name>.debug_line</name>
         <load_address>0x2fd0</load_address>
         <run_address>0x2fd0</run_address>
         <size>0x38</size>
         <input_file_ref idref="fl-a"/>
      </object_component>
      <object_component id="oc-138">
         <name>.debug_line</name>
         <load_address>0x3008</load_address>
         <run_address>0x3008</run_address>
         <size>0x464</size>
         <input_file_ref idref="fl-a"/>
      </object_component>
      <object_component id="oc-263">
         <name>.debug_line</name>
         <load_address>0x346c</load_address>
         <run_address>0x346c</run_address>
         <size>0x38</size>
         <input_file_ref idref="fl-a"/>
      </object_component>
      <object_component id="oc-25d">
         <name>.debug_line</name>
         <load_address>0x34a4</load_address>
         <run_address>0x34a4</run_address>
         <size>0x99</size>
         <input_file_ref idref="fl-a"/>
      </object_component>
      <object_component id="oc-14a">
         <name>.debug_line</name>
         <load_address>0x353d</load_address>
         <run_address>0x353d</run_address>
         <size>0xc3</size>
         <input_file_ref idref="fl-b"/>
      </object_component>
      <object_component id="oc-11e">
         <name>.debug_line</name>
         <load_address>0x3600</load_address>
         <run_address>0x3600</run_address>
[...]
      <symbol id="sm-a2c">
         <name>SysCtlLDODeepSleepGet</name>
         <value>0x2553</value>
         <object_component_ref idref="oc-a7"/>
      </symbol>
      <symbol id="sm-a2d">
         <name>SysCtlFlashSectorSizeGet</name>
         <value>0x1e99</value>
         <object_component_ref idref="oc-a7"/>
      </symbol>
      <symbol id="sm-a2e">
         <name>SysCtlIntDisable</name>
         <value>0x2469</value>
         <object_component_ref idref="oc-a7"/>
      </symbol>
      <symbol id="sm-a2f">
         <name>SysCtlResetBehaviorGet</name>
         <value>0x2639</value>
         <object_component_ref idref="oc-a7"/>
      </symbol>
      <symbol id="sm-a30">
         <name>SysCtlPeripheralPresent</name>
         <value>0x1ef9</value>
         <object_component_ref idref="oc-a7"/>
      </symbol>
      <symbol id="sm-a31">
         <name>SysCtlDeepSleepClockSet</name>
         <value>0x2d69</value>
         <object_component_ref idref="oc-a7"/>
      </symbol>
      <symbol id="sm-a32">
         <name>SysCtlClockSet</name>
         <value>0x29d5</value>
         <object_component_ref idref="oc-a7"/>
      </symbol>
      <symbol id="sm-a33">
         <name>SysCtlAltClkConfig</name>
         <value>0x305d</value>
         <object_component_ref idref="oc-a7"/>
      </symbol>
      <symbol id="sm-a34">
         <name>SysCtlPeripheralClockGating</name>
         <value>0x23dd</value>
         <object_component_ref idref="oc-a7"/>
      </symbol>
      <symbol id="sm-a35">
         <name>SysCtlIntStatus</name>
         <value>0x2491</value>
         <object_component_ref idref="oc-a7"/>
      </symbol>
      <symbol id="sm-a36">
         <name>SysCtlIntClear</name>
         <value>0x2481</value>
         <object_component_ref idref="oc-a7"/>
      </symbol>
      <symbol id="sm-a37">
         <name>SysCtlVoltageEventStatus</name>
         <value>0x2feb</value>
         <object_component_ref idref="oc-a7"/>
      </symbol>
      <symbol id="sm-a38">
         <name>SysCtlVoltageEventConfig</name>
         <value>0x2fdb</value>
         <object_component_ref idref="oc-a7"/>
      </symbol>
      <symbol id="sm-a39">
         <name>SysCtlResetCauseGet</name>
         <value>0x25a9</value>
         <object_component_ref idref="oc-a7"/>
      </symbol>
      <symbol id="sm-a3a">
         <name>SysCtlSleep</name>
         <value>0x2585</value>
         <object_component_ref idref="oc-a7"/>
      </symbol>
      <symbol id="sm-a3b">
         <name>SysCtlPWMClockGet</name>
         <value>0x2e9d</value>
         <object_component_ref idref="oc-a7"/>
      </symbol>
      <symbol id="sm-a3c">
         <name>SysCtlDeepSleepPowerSet</name>
         <value>0x256d</value>
         <object_component_ref idref="oc-a7"/>
      </symbol>
      <symbol id="sm-a3d">
         <name>SysCtlClockOutConfig</name>
         <value>0x3025</value>
         <object_component_ref idref="oc-a7"/>
      </symbol>
      <symbol id="sm-a3e">
         <name>SysCtlNMIStatus</name>
         <value>0x3005</value>
         <object_component_ref idref="oc-a7"/>
      </symbol>
      <symbol id="sm-a3f">
         <name>SysCtlDeepSleepClockConfigSet</name>
         <value>0x2d85</value>
         <object_component_ref idref="oc-a7"/>
      </symbol>
      <symbol id="sm-a40">
         <name>SysCtlDelay</name>
         <value>0x8833</value>
         <object_component_ref idref="oc-179"/>
      </symbol>
      <symbol id="sm-a41">
         <name>SysCtlVoltageEventClear</name>
         <value>0x2ff1</value>
         <object_component_ref idref="oc-a7"/>
      </symbol>
      <symbol id="sm-a42">
         <name>SysCtlLDOSleepSet</name>
         <value>0x24ad</value>
         <object_component_ref idref="oc-a7"/>
      </symbol>
      <symbol id="sm-a43">
         <name>SysCtlMOSCConfigSet</name>
         <value>0x25c9</value>
         <object_component_ref idref="oc-a7"/>
      </symbol>
      <symbol id="sm-a44">
         <name>SysCtlPeripheralEnable</name>
         <value>0x21e1</value>
         <object_component_ref idref="oc-a7"/>
      </symbol>
      <symbol id="sm-a45">
         <name>SysCtlIntEnable</name>
         <value>0x2455</value>
         <object_component_ref idref="oc-a7"/>
      </symbol>
      <symbol id="sm-a46">
         <name>SysCtlNMIClear</name>
         <value>0x300b</value>
         <object_component_ref idref="oc-a7"/>
      </symbol>
      <symbol id="sm-a47">
         <name>SysCtlPeripheralPowerOff</name>
         <value>0x2091</value>
         <object_component_ref idref="oc-a7"/>
      </symbol>
      <symbol id="sm-a48">
         <name>SysCtlSleepPowerSet</name>
         <value>0x255d</value>
         <object_component_ref idref="oc-a7"/>
      </symbol>
      <symbol id="sm-a49">
         <name>SysCtlDeepSleep</name>
         <value>0x258d</value>
         <object_component_ref idref="oc-a7"/>
      </symbol>
      <symbol id="sm-a4a">
         <name>SysCtlLDODeepSleepSet</name>
         <value>0x2505</value>
         <object_component_ref idref="oc-a7"/>
      </symbol>
      <symbol id="sm-a4b">
         <name>SysCtlPeripheralPowerOn</name>
         <value>0x200d</value>
         <object_component_ref idref="oc-a7"/>
      </symbol>
      <symbol id="sm-a4c">
         <name>SysCtlPeripheralDeepSleepDisable</name>
         <value>0x238f</value>
         <object_component_ref idref="oc-a7"/>
      </symbol>
      <symbol id="sm-a4d">
         <name>SysCtlPeripheralSleepDisable</name>
         <value>0x22ed</value>
         <object_component_ref idref="oc-a7"/>
      </symbol>
      <symbol id="sm-a4e">
         <name>SysCtlResetBehaviorSet</name>
         <value>0x2629</value>
         <object_component_ref idref="oc-a7"/>
      </symbol>
      <symbol id="sm-a4f">
         <name>SysCtlReset</name>
         <value>0x257d</value>
         <object_component_ref idref="oc-a7"/>
      </symbol>
      <symbol id="sm-a50">
         <name>SysCtlGPIOAHBDisable</name>
         <value>0x2f59</value>
         <object_component_ref idref="oc-a7"/>
      </symbol>
      <symbol id="sm-a51">
         <name>SysCtlSRAMSizeGet</name>
         <value>0x1e63</value>
         <object_component_ref idref="oc-a7"/>
      </symbol>
      <symbol id="sm-a52">
         <name>SysCtlClockGet</name>
         <value>0x2ba1</value>
         <object_component_ref idref="oc-a7"/>
      </symbol>
      <symbol id="sm-a53">
         <name>SysCtlPeripheralDisable</name>
         <value>0x224d</value>
         <object_component_ref idref="oc-a7"/>
      </symbol>
      <symbol id="sm-a54">
         <name>SysCtlPWMClockSet</name>
         <value>0x2e31</value>
         <object_component_ref idref="oc-a7"/>
      </symbol>
      <symbol id="sm-a55">
         <name>SysCtlUSBPLLEnable</name>
         <value>0x2fc3</value>
         <object_component_ref idref="oc-a7"/>
      </symbol>
      <symbol id="sm-a56">
         <name>SysCtlPeripheralSleepEnable</name>
         <value>0x229b</value>
         <object_component_ref idref="oc-a7"/>
      </symbol>
      <symbol id="sm-a57">
         <name>SysCtlIntUnregister</name>
         <value>0x2445</value>
         <object_component_ref idref="oc-a7"/>
      </symbol>
      <symbol id="sm-a58">
         <name>SysCtlUSBPLLDisable</name>
         <value>0x2fcf</value>
         <object_component_ref idref="oc-a7"/>
      </symbol>
      <symbol id="sm-a59">
         <name>SysCtlPeripheralReady</name>
         <value>0x1f85</value>
         <object_component_ref idref="oc-a7"/>
      </symbol>
      <symbol id="sm-a5a">
         <name>SysCtlPIOSCCalibrate</name>
         <value>0x25d9</value>
         <object_component_ref idref="oc-a7"/>
      </symbol>
      <symbol id="sm-a5b">
         <name>SysCtlResetCauseClear</name>
         <value>0x25b5</value>
         <object_component_ref idref="oc-a7"/>
      </symbol>
      <symbol id="sm-a5c">
         <name>SysCtlLDOSleepGet</name>
         <value>0x24fb</value>
         <object_component_ref idref="oc-a7"/>
      </symbol>
      <symbol id="sm-a5d">
         <name>SysCtlClockFreqSet</name>
         <value>0x26a5</value>
         <object_component_ref idref="oc-a7"/>
      </symbol>
      <symbol id="sm-a5e">
         <name>SysCtlPeripheralReset</name>
         <value>0x213d</value>
         <object_component_ref idref="oc-a7"/>
      </symbol>
      <symbol id="sm-b33">
         <name>TimerMatchSet</name>
         <value>0x6845</value>
         <object_component_ref idref="oc-9b"/>
      </symbol>
      <symbol id="sm-b34">
         <name>TimerLoadSet</name>
         <value>0x66ad</value>
         <object_component_ref idref="oc-9b"/>
      </symbol>
      <symbol id="sm-b35">
         <name>TimerDMAEventSet</name>
         <value>0x6b05</value>
         <object_component_ref idref="oc-9b"/>
      </symbol>
      <symbol id="sm-b36">
         <name>TimerADCEventSet</name>
         <value>0x6ac9</value>
         <object_component_ref idref="oc-9b"/>
      </symbol>
      <symbol id="sm-b37">
         <name>TimerPrescaleMatchGet</name>
         <value>0x6661</value>
         <object_component_ref idref="oc-9b"/>
      </symbol>
      <symbol id="sm-b38">
         <name>TimerPrescaleGet</name>
         <value>0x65ab</value>
         <object_component_ref idref="oc-9b"/>
      </symbol>
      <symbol id="sm-b39">
         <name>TimerControlLevel</name>
         <value>0x6219</value>
         <object_component_ref idref="oc-9b"/>
      </symbol>
      <symbol id="sm-b3a">
         <name>TimerDisable</name>
         <value>0x6001</value>
         <object_component_ref idref="oc-9b"/>
      </symbol>
      <symbol id="sm-b3b">
         <name>TimerUpdateMode</name>
         <value>0x6b41</value>
         <object_component_ref idref="oc-9b"/>
      </symbol>
      <symbol id="sm-b3c">
         <name>TimerIntRegister</name>
         <value>0x694f</value>
         <object_component_ref idref="oc-9b"/>
      </symbol>
      <symbol id="sm-b3d">
         <name>TimerMatchSet64</name>
         <value>0x68e1</value>
         <object_component_ref idref="oc-9b"/>
      </symbol>
      <symbol id="sm-b3e">
         <name>TimerEnable</name>
         <value>0x5fb7</value>
         <object_component_ref idref="oc-9b"/>
      </symbol>
      <symbol id="sm-b3f">
         <name>TimerLoadGet64</name>
         <value>0x6771</value>
         <object_component_ref idref="oc-9b"/>
      </symbol>
      <symbol id="sm-b40">
         <name>TimerIntUnregister</name>
         <value>0x69b9</value>
         <object_component_ref idref="oc-9b"/>
      </symbol>
      <symbol id="sm-b41">
         <name>TimerValueGet64</name>
         <value>0x67ff</value>
         <object_component_ref idref="oc-9b"/>
      </symbol>
      <symbol id="sm-b42">
         <name>TimerMatchGet</name>
         <value>0x689f</value>
         <object_component_ref idref="oc-9b"/>
      </symbol>
      <symbol id="sm-b43">
         <name>TimerIntStatus</name>
         <value>0x6a5d</value>
         <object_component_ref idref="oc-9b"/>
      </symbol>
      <symbol id="sm-b44">
         <name>TimerClockSourceGet</name>
         <value>0x6513</value>
         <object_component_ref idref="oc-9b"/>
      </symbol>
      <symbol id="sm-b45">
         <name>TimerIntDisable</name>
         <value>0x6a31</value>
         <object_component_ref idref="oc-9b"/>
      </symbol>
      <symbol id="sm-b46">
         <name>TimerValueGet</name>
         <value>0x67bd</value>
         <object_component_ref idref="oc-9b"/>
      </symbol>
      <symbol id="sm-b47">
         <name>TimerControlTrigger</name>
         <value>0x6297</value>
         <object_component_ref idref="oc-9b"/>
      </symbol>
      <symbol id="sm-b48">
         <name>TimerPrescaleSet</name>
         <value>0x6541</value>
         <object_component_ref idref="oc-9b"/>
      </symbol>
      <symbol id="sm-b49">
         <name>TimerControlStall</name>
         <value>0x6399</value>
         <object_component_ref idref="oc-9b"/>
      </symbol>
      <symbol id="sm-b4a">
         <name>TimerMatchGet64</name>
         <value>0x6909</value>
         <object_component_ref idref="oc-9b"/>
      </symbol>
      <symbol id="sm-b4b">
         <name>TimerRTCEnable</name>
         <value>0x6495</value>
         <object_component_ref idref="oc-9b"/>
      </symbol>
      <symbol id="sm-b4c">
         <name>TimerLoadGet</name>
         <value>0x6707</value>
         <object_component_ref idref="oc-9b"/>
      </symbol>
      <symbol id="sm-b4d">
         <name>TimerIntEnable</name>
         <value>0x6a0b</value>
         <object_component_ref idref="oc-9b"/>
      </symbol>
      <symbol id="sm-b4e">
         <name>TimerClockSourceSet</name>
         <value>0x64dd</value>
         <object_component_ref idref="oc-9b"/>
      </symbol>
      <symbol id="sm-b4f">
         <name>TimerLoadSet64</name>
         <value>0x6749</value>
         <object_component_ref idref="oc-9b"/>
      </symbol>
      <symbol id="sm-b50">
         <name>TimerDMAEventGet</name>
         <value>0x6b25</value>
         <object_component_ref idref="oc-9b"/>
      </symbol>
      <symbol id="sm-b51">
         <name>TimerRTCDisable</name>
         <value>0x64b9</value>
         <object_component_ref idref="oc-9b"/>
      </symbol>
      <symbol id="sm-b52">
         <name>TimerADCEventGet</name>
         <value>0x6ae9</value>
         <object_component_ref idref="oc-9b"/>
      </symbol>
      <symbol id="sm-b53">
         <name>TimerPrescaleMatchSet</name>
         <value>0x65f7</value>
         <object_component_ref idref="oc-9b"/>
      </symbol>
      <symbol id="sm-b54">
         <name>TimerControlWaitOnTrigger</name>
         <value>0x6405</value>
         <object_component_ref idref="oc-9b"/>
      </symbol>
      <symbol id="sm-b55">
         <name>TimerConfigure</name>
         <value>0x607d</value>
         <object_component_ref idref="oc-9b"/>
      </symbol>
      <symbol id="sm-b56">
         <name>TimerControlEvent</name>
         <value>0x633b</value>
         <object_component_ref idref="oc-9b"/>
      </symbol>
      <symbol id="sm-b57">
         <name>TimerIntClear</name>
         <value>0x6a89</value>
         <object_component_ref idref="oc-9b"/>
      </symbol>
      <symbol id="sm-b58">
         <name>TimerSynchronize</name>
         <value>0x6aa9</value>
         <object_component_ref idref="oc-9b"/>
      </symbol>
      <symbol id="sm-b95">
         <name>LEDWrite</name>
         <value>0x7daf</value>
         <object_component_ref idref="oc-bf"/>
      </symbol>
      <symbol id="sm-b96">
         <name>LEDRead</name>
         <value>0x7e3f</value>
         <object_component_ref idref="oc-bf"/>
      </symbol>
      <symbol id="sm-b97">
         <name>PinoutSet</name>
         <value>0x7bdd</value>
         <object_component_ref idref="oc-bf"/>
      </symbol>
      <symbol id="sm-c11">
         <name>UARTgetc</name>
         <value>0x73bd</value>
         <object_component_ref idref="oc-b9"/>
      </symbol>
      <symbol id="sm-c12">
         <name>UARTgets</name>
         <value>0x72cb</value>
         <object_component_ref idref="oc-b9"/>
      </symbol>
      <symbol id="sm-c13">
         <name>UARTStdioConfig</name>
         <value>0x71e1</value>
         <object_component_ref idref="oc-b9"/>
      </symbol>
      <symbol id="sm-c14">
         <name>UARTwrite</name>
         <value>0x725b</value>
         <object_component_ref idref="oc-b9"/>
      </symbol>
      <symbol id="sm-c15">
         <name>UARTprintf</name>
         <value>0x7717</value>
         <object_component_ref idref="oc-b9"/>
      </symbol>
      <symbol id="sm-c16">
         <name>UARTvprintf</name>
         <value>0x73f1</value>
         <object_component_ref idref="oc-b9"/>
      </symbol>
      <symbol id="sm-c31">
         <name>memcpy</name>
         <value>0x8597</value>
         <object_component_ref idref="oc-4c"/>
      </symbol>
      <symbol id="sm-c32">
         <name>__aeabi_memcpy</name>
         <value>0x8597</value>
         <object_component_ref idref="oc-4c"/>
      </symbol>
      <symbol id="sm-c33">
         <name>__aeabi_memcpy8</name>
         <value>0x8597</value>
         <object_component_ref idref="oc-4c"/>
      </symbol>
      <symbol id="sm-c34">
         <name>__aeabi_memcpy4</name>
         <value>0x8597</value>
         <object_component_ref idref="oc-4c"/>
      </symbol>
      <symbol id="sm-c43">
         <name>__aeabi_memset</name>
         <value>0x8635</value>
         <object_component_ref idref="oc-fd"/>
      </symbol>
      <symbol id="sm-c44">
         <name>memset</name>
         <value>0x863b</value>
         <object_component_ref idref="oc-fd"/>
      </symbol>
      <symbol id="sm-c45">
         <name>__aeabi_memset8</name>
         <value>0x8635</value>
         <object_component_ref idref="oc-fd"/>
      </symbol>
      <symbol id="sm-c46">
         <name>__aeabi_memset4</name>
         <value>0x8635</value>
         <object_component_ref idref="oc-fd"/>
      </symbol>
      <symbol id="sm-c47">
         <name>__aeabi_memclr8</name>
         <value>0x8633</value>
         <object_component_ref idref="oc-fd"/>
      </symbol>
      <symbol id="sm-c48">
         <name>__aeabi_memclr4</name>
         <value>0x8633</value>
         <object_component_ref idref="oc-fd"/>
      </symbol>
      <symbol id="sm-c49">
         <name>__aeabi_memclr</name>
         <value>0x8633</value>
         <object_component_ref idref="oc-fd"/>
      </symbol>
      <symbol id="sm-c58">
         <name>__aeabi_uidivmod</name>
         <value>0x8759</value>
         <object_component_ref idref="oc-1a7"/>
      </symbol>
      <symbol id="sm-c59">
         <name>__aeabi_uidiv</name>
         <value>0x8759</value>
         <object_component_ref idref="oc-1a7"/>
      </symbol>
      <symbol id="sm-c6b">
         <name>__TI_zero_init</name>
         <value>0x881b</value>
         <object_component_ref idref="oc-5e"/>
      </symbol>
      <symbol id="sm-c82">
         <name>__TI_decompress_none</name>
         <value>0x880d</value>
         <object_component_ref idref="oc-1b"/>
      </symbol>
      <symbol id="sm-ca5">
         <name>__TI_decompress_lzss</name>
         <value>0x86ad</value>
         <object_component_ref idref="oc-15"/>
      </symbol>
      <symbol id="sm-cb8">
         <name>__stack</name>
         <value>0x2000c718</value>
         <object_component_ref idref="oc-24"/>
      </symbol>
      <symbol id="sm-cb9">
         <name>_c_int00_noargs</name>
         <value>0x87d9</value>
         <object_component_ref idref="oc-6a"/>
      </symbol>
      <symbol id="sm-cc3">
         <name>__aeabi_idiv0</name>
         <value>0x84bb</value>
         <object_component_ref idref="oc-2a2"/>
      </symbol>
      <symbol id="sm-cc4">
         <name>__aeabi_ldiv0</name>
         <value>0x84bb</value>
         <object_component_ref idref="oc-2a2"/>
      </symbol>
      <symbol id="sm-cec">
         <name>__TI_auto_init_nobinit_nopinit</name>
         <value>0x8715</value>
         <object_component_ref idref="oc-1e2"/>
      </symbol>
      <symbol id="sm-cf6">
         <name>_system_pre_init</name>
         <value>0x8839</value>
         <object_component_ref idref="oc-103"/>
      </symbol>
      <symbol id="sm-d02">
         <name>C$$EXIT</name>
         <value>0x883d</value>
         <object_component_ref idref="oc-1d6"/>
      </symbol>
      <symbol id="sm-d03">
         <name>abort</name>
         <value>0x883d</value>
         <object_component_ref idref="oc-1d6"/>
      </symbol>
      <symbol id="sm-d06">
         <name>__TI_static_base__</name>
         <value>0x0</value>
      </symbol>
      <symbol id="sm-d09">
         <name>__mpu_init</name>
         <value>0x0</value>
      </symbol>
      <symbol id="sm-d0a">
         <name>_system_post_cinit</name>
         <value>0x0</value>
      </symbol>
   </symbol_table>
   <title>Link successful</title>
</link_info>
