<?xml version="1.0" encoding="ISO-8859-1" ?>
<link_info>
   <banner>TI ARM Linker PC v20.2.7.LTS</banner>
   <copyright>Copyright (c) 1996-2018 Texas Instruments Incorporated</copyright>
   <link_time>0x6444824e</link_time>
   <link_errors>0x0</link_errors>
   <output_file>Final_project_WCET_estimate.out</output_file>
   <entry_point>
      <name>_c_int00_noargs</name>
      <address>0x794d</address>
   </entry_point>
   <input_file_list>
      <input_file id="fl-2">
         <path>.\</path>
         <kind>object</kind>
         <file>main.obj</file>
         <name>main.obj</name>
      </input_file>
      <input_file id="fl-3">
         <path>.\</path>
         <kind>object</kind>
         <file>tm4c1294ncpdt_startup_ccs.obj</file>
         <name>tm4c1294ncpdt_startup_ccs.obj</name>
      </input_file>
      <input_file id="fl-4">
         <path>.\FreeRTOS\</path>
         <kind>object</kind>
         <file>croutine.obj</file>
         <name>croutine.obj</name>
      </input_file>
      <input_file id="fl-5">
         <path>.\FreeRTOS\</path>
         <kind>object</kind>
         <file>event_groups.obj</file>
         <name>event_groups.obj</name>
      </input_file>
      <input_file id="fl-6">
         <path>.\FreeRTOS\</path>
         <kind>object</kind>
         <file>list.obj</file>
         <name>list.obj</name>
      </input_file>
      <input_file id="fl-7">
         <path>.\FreeRTOS\</path>
         <kind>object</kind>
         <file>queue.obj</file>
         <name>queue.obj</name>
      </input_file>
      <input_file id="fl-8">
         <path>.\FreeRTOS\</path>
         <kind>object</kind>
         <file>stream_buffer.obj</file>
         <name>stream_buffer.obj</name>
      </input_file>
      <input_file id="fl-9">
         <path>.\FreeRTOS\</path>
         <kind>object</kind>
         <file>tasks.obj</file>
         <name>tasks.obj</name>
      </input_file>
      <input_file id="fl-a">
         <path>.\FreeRTOS\</path>
         <kind>object</kind>
         <file>timers.obj</file>
         <name>timers.obj</name>
      </input_file>
      <input_file id="fl-b">
         <path>.\FreeRTOS\portable\CCS\ARM_CM4F\</path>
         <kind>object</kind>
         <file>port.obj</file>
         <name>port.obj</name>
      </input_file>
      <input_file id="fl-c">
         <path>.\FreeRTOS\portable\CCS\ARM_CM4F\</path>
         <kind>object</kind>
         <file>portasm.obj</file>
         <name>portasm.obj</name>
      </input_file>
      <input_file id="fl-d">
         <path>.\FreeRTOS\portable\MemMang\</path>
         <kind>object</kind>
         <file>heap_2.obj</file>
         <name>heap_2.obj</name>
      </input_file>
      <input_file id="fl-e">
         <path>.\driverlib\</path>
         <kind>object</kind>
         <file>adc.obj</file>
         <name>adc.obj</name>
      </input_file>
      <input_file id="fl-f">
         <path>.\driverlib\</path>
         <kind>object</kind>
         <file>aes.obj</file>
         <name>aes.obj</name>
      </input_file>
      <input_file id="fl-10">
         <path>.\driverlib\</path>
         <kind>object</kind>
         <file>can.obj</file>
         <name>can.obj</name>
      </input_file>
      <input_file id="fl-11">
         <path>.\driverlib\</path>
         <kind>object</kind>
         <file>comp.obj</file>
         <name>comp.obj</name>
      </input_file>
      <input_file id="fl-12">
         <path>.\driverlib\</path>
         <kind>object</kind>
         <file>cpu.obj</file>
         <name>cpu.obj</name>
      </input_file>
      <input_file id="fl-13">
         <path>.\driverlib\</path>
         <kind>object</kind>
         <file>crc.obj</file>
         <name>crc.obj</name>
      </input_file>
      <input_file id="fl-14">
         <path>.\driverlib\</path>
         <kind>object</kind>
         <file>des.obj</file>
         <name>des.obj</name>
      </input_file>
      <input_file id="fl-15">
         <path>.\driverlib\</path>
         <kind>object</kind>
         <file>eeprom.obj</file>
         <name>eeprom.obj</name>
      </input_file>
      <input_file id="fl-16">
         <path>.\driverlib\</path>
         <kind>object</kind>
         <file>emac.obj</file>
         <name>emac.obj</name>
      </input_file>
      <input_file id="fl-17">
         <path>.\driverlib\</path>
         <kind>object</kind>
         <file>epi.obj</file>
         <name>epi.obj</name>
      </input_file>
      <input_file id="fl-18">
         <path>.\driverlib\</path>
         <kind>object</kind>
         <file>epi_workaround_ccs.obj</file>
         <name>epi_workaround_ccs.obj</name>
      </input_file>
      <input_file id="fl-19">
         <path>.\driverlib\</path>
         <kind>object</kind>
         <file>flash.obj</file>
         <name>flash.obj</name>
      </input_file>
      <input_file id="fl-1a">
         <path>.\driverlib\</path>
         <kind>object</kind>
         <file>fpu.obj</file>
         <name>fpu.obj</name>
      </input_file>
      <input_file id="fl-1b">
         <path>.\driverlib\</path>
         <kind>object</kind>
         <file>gpio.obj</file>
         <name>gpio.obj</name>
      </input_file>
      <input_file id="fl-1c">
         <path>.\driverlib\</path>
         <kind>object</kind>
         <file>hibernate.obj</file>
         <name>hibernate.obj</name>
      </input_file>
      <input_file id="fl-1d">
         <path>.\driverlib\</path>
         <kind>object</kind>
         <file>i2c.obj</file>
         <name>i2c.obj</name>
      </input_file>
      <input_file id="fl-1e">
         <path>.\driverlib\</path>
         <kind>object</kind>
         <file>interrupt.obj</file>
         <name>interrupt.obj</name>
      </input_file>
      <input_file id="fl-1f">
         <path>.\driverlib\</path>
         <kind>object</kind>
         <file>lcd.obj</file>
         <name>lcd.obj</name>
      </input_file>
      <input_file id="fl-20">
         <path>.\driverlib\</path>
         <kind>object</kind>
         <file>mpu.obj</file>
         <name>mpu.obj</name>
      </input_file>
      <input_file id="fl-21">
         <path>.\driverlib\</path>
         <kind>object</kind>
         <file>pwm.obj</file>
         <name>pwm.obj</name>
      </input_file>
      <input_file id="fl-22">
         <path>.\driverlib\</path>
         <kind>object</kind>
         <file>qei.obj</file>
         <name>qei.obj</name>
      </input_file>
      <input_file id="fl-23">
         <path>.\driverlib\</path>
         <kind>object</kind>
         <file>shamd5.obj</file>
         <name>shamd5.obj</name>
      </input_file>
      <input_file id="fl-24">
         <path>.\driverlib\</path>
         <kind>object</kind>
         <file>ssi.obj</file>
         <name>ssi.obj</name>
      </input_file>
      <input_file id="fl-25">
         <path>.\driverlib\</path>
         <kind>object</kind>
         <file>sw_crc.obj</file>
         <name>sw_crc.obj</name>
      </input_file>
      <input_file id="fl-26">
         <path>.\driverlib\</path>
         <kind>object</kind>
         <file>sysctl.obj</file>
         <name>sysctl.obj</name>
      </input_file>
      <input_file id="fl-27">
         <path>.\driverlib\</path>
         <kind>object</kind>
         <file>sysexc.obj</file>
         <name>sysexc.obj</name>
      </input_file>
      <input_file id="fl-28">
         <path>.\driverlib\</path>
         <kind>object</kind>
         <file>systick.obj</file>
         <name>systick.obj</name>
      </input_file>
      <input_file id="fl-29">
         <path>.\driverlib\</path>
         <kind>object</kind>
         <file>timer.obj</file>
         <name>timer.obj</name>
      </input_file>
      <input_file id="fl-2a">
         <path>.\driverlib\</path>
         <kind>object</kind>
         <file>uart.obj</file>
         <name>uart.obj</name>
      </input_file>
      <input_file id="fl-2b">
         <path>.\driverlib\</path>
         <kind>object</kind>
         <file>udma.obj</file>
         <name>udma.obj</name>
      </input_file>
      <input_file id="fl-2c">
         <path>.\driverlib\</path>
         <kind>object</kind>
         <file>usb.obj</file>
         <name>usb.obj</name>
      </input_file>
      <input_file id="fl-2d">
         <path>.\driverlib\</path>
         <kind>object</kind>
         <file>watchdog.obj</file>
         <name>watchdog.obj</name>
      </input_file>
      <input_file id="fl-2e">
         <path>.\drivers\</path>
         <kind>object</kind>
         <file>pinout.obj</file>
         <name>pinout.obj</name>
      </input_file>
      <input_file id="fl-2f">
         <path>.\utils\</path>
         <kind>object</kind>
         <file>uartstdio.obj</file>
         <name>uartstdio.obj</name>
      </input_file>
      <input_file id="fl-33">
         <kind>object</kind>
         <file>&lt;internal&gt;</file>
         <name>&lt;internal&gt;</name>
      </input_file>
      <input_file id="fl-e9">
         <path>C:\ti\ccs1220\ccs\tools\compiler\ti-cgt-arm_20.2.7.LTS\lib\</path>
         <kind>archive</kind>
         <file>rtsv7M4_T_le_v4SPD16_eabi.lib</file>
         <name>memcpy_t2.asm.obj</name>
      </input_file>
      <input_file id="fl-ea">
         <path>C:\ti\ccs1220\ccs\tools\compiler\ti-cgt-arm_20.2.7.LTS\lib\</path>
         <kind>archive</kind>
         <file>rtsv7M4_T_le_v4SPD16_eabi.lib</file>
         <name>memset_t2.asm.obj</name>
      </input_file>
      <input_file id="fl-eb">
         <path>C:\ti\ccs1220\ccs\tools\compiler\ti-cgt-arm_20.2.7.LTS\lib\</path>
         <kind>archive</kind>
         <file>rtsv7M4_T_le_v4SPD16_eabi.lib</file>
         <name>u_divt2.asm.obj</name>
      </input_file>
      <input_file id="fl-ec">
         <path>C:\ti\ccs1220\ccs\tools\compiler\ti-cgt-arm_20.2.7.LTS\lib\</path>
         <kind>archive</kind>
         <file>rtsv7M4_T_le_v4SPD16_eabi.lib</file>
         <name>copy_zero_init.c.obj</name>
      </input_file>
      <input_file id="fl-ed">
         <path>C:\ti\ccs1220\ccs\tools\compiler\ti-cgt-arm_20.2.7.LTS\lib\</path>
         <kind>archive</kind>
         <file>rtsv7M4_T_le_v4SPD16_eabi.lib</file>
         <name>copy_decompress_none.c.obj</name>
      </input_file>
      <input_file id="fl-ee">
         <path>C:\ti\ccs1220\ccs\tools\compiler\ti-cgt-arm_20.2.7.LTS\lib\</path>
         <kind>archive</kind>
         <file>rtsv7M4_T_le_v4SPD16_eabi.lib</file>
         <name>copy_decompress_lzss.c.obj</name>
      </input_file>
      <input_file id="fl-ef">
         <path>C:\ti\ccs1220\ccs\tools\compiler\ti-cgt-arm_20.2.7.LTS\lib\</path>
         <kind>archive</kind>
         <file>rtsv7M4_T_le_v4SPD16_eabi.lib</file>
         <name>boot_cortex_m.c.obj</name>
      </input_file>
      <input_file id="fl-f0">
         <path>C:\ti\ccs1220\ccs\tools\compiler\ti-cgt-arm_20.2.7.LTS\lib\</path>
         <kind>archive</kind>
         <file>rtsv7M4_T_le_v4SPD16_eabi.lib</file>
         <name>div0.asm.obj</name>
      </input_file>
      <input_file id="fl-f1">
         <path>C:\ti\ccs1220\ccs\tools\compiler\ti-cgt-arm_20.2.7.LTS\lib\</path>
         <kind>archive</kind>
         <file>rtsv7M4_T_le_v4SPD16_eabi.lib</file>
         <name>autoinit.c.obj</name>
      </input_file>
      <input_file id="fl-f2">
         <path>C:\ti\ccs1220\ccs\tools\compiler\ti-cgt-arm_20.2.7.LTS\lib\</path>
         <kind>archive</kind>
         <file>rtsv7M4_T_le_v4SPD16_eabi.lib</file>
         <name>pre_init.c.obj</name>
      </input_file>
      <input_file id="fl-f3">
         <path>C:\ti\ccs1220\ccs\tools\compiler\ti-cgt-arm_20.2.7.LTS\lib\</path>
         <kind>archive</kind>
         <file>rtsv7M4_T_le_v4SPD16_eabi.lib</file>
         <name>cpy_tbl.c.obj</name>
      </input_file>
      <input_file id="fl-f4">
         <path>C:\ti\ccs1220\ccs\tools\compiler\ti-cgt-arm_20.2.7.LTS\lib\</path>
         <kind>archive</kind>
         <file>rtsv7M4_T_le_v4SPD16_eabi.lib</file>
         <name>exit.c.obj</name>
      </input_file>
      <input_file id="fl-f5">
         <path>C:\ti\ccs1220\ccs\tools\compiler\ti-cgt-arm_20.2.7.LTS\lib\</path>
         <kind>archive</kind>
         <file>rtsv7M4_T_le_v4SPD16_eabi.lib</file>
         <name>_lock.c.obj</name>
      </input_file>
      <input_file id="fl-f6">
         <path>C:\ti\ccs1220\ccs\tools\compiler\ti-cgt-arm_20.2.7.LTS\lib\</path>
         <kind>archive</kind>
         <file>rtsv7M4_T_le_v4SPD16_eabi.lib</file>
         <name>args_main.c.obj</name>
      </input_file>
   </input_file_list>
   <object_component_list>
      <object_component id="oc-12">
         <name>.intvecs</name>
         <load_address>0x0</load_address>
         <run_address>0x0</run_address>
         <size>0x208</size>
         <input_file_ref idref="fl-3"/>
      </object_component>
      <object_component id="oc-85">
         <name>.text</name>
         <load_address>0x208</load_address>
         <run_address>0x208</run_address>
         <size>0x18e0</size>
         <input_file_ref idref="fl-9"/>
      </object_component>
      <object_component id="oc-a7">
         <name>.text</name>
         <load_address>0x1ae8</load_address>
         <run_address>0x1ae8</run_address>
         <size>0x15cc</size>
         <input_file_ref idref="fl-26"/>
      </object_component>
      <object_component id="oc-1ae">
         <name>.text</name>
         <load_address>0x30b4</load_address>
         <run_address>0x30b4</run_address>
         <size>0x114c</size>
         <input_file_ref idref="fl-1b"/>
      </object_component>
      <object_component id="oc-a1">
         <name>.text</name>
         <load_address>0x4200</load_address>
         <run_address>0x4200</run_address>
         <size>0xd20</size>
         <input_file_ref idref="fl-7"/>
      </object_component>
      <object_component id="oc-9b">
         <name>.text</name>
         <load_address>0x4f20</load_address>
         <run_address>0x4f20</run_address>
         <size>0xcc8</size>
         <input_file_ref idref="fl-29"/>
      </object_component>
      <object_component id="oc-131">
         <name>.text</name>
         <load_address>0x5be8</load_address>
         <run_address>0x5be8</run_address>
         <size>0x644</size>
         <input_file_ref idref="fl-a"/>
      </object_component>
      <object_component id="oc-b3">
         <name>.text</name>
         <load_address>0x622c</load_address>
         <run_address>0x622c</run_address>
         <size>0x56c</size>
         <input_file_ref idref="fl-2f"/>
      </object_component>
      <object_component id="oc-ad">
         <name>.text</name>
         <load_address>0x6798</load_address>
         <run_address>0x6798</run_address>
         <size>0x490</size>
         <input_file_ref idref="fl-1e"/>
      </object_component>
      <object_component id="oc-b9">
         <name>.text</name>
         <load_address>0x6c28</load_address>
         <run_address>0x6c28</run_address>
         <size>0x324</size>
         <input_file_ref idref="fl-2e"/>
      </object_component>
      <object_component id="oc-38">
         <name>.text</name>
         <load_address>0x6f4c</load_address>
         <run_address>0x6f4c</run_address>
         <size>0x2c4</size>
         <input_file_ref idref="fl-2"/>
      </object_component>
      <object_component id="oc-119">
         <name>.text</name>
         <load_address>0x7210</load_address>
         <run_address>0x7210</run_address>
         <size>0x1b8</size>
         <input_file_ref idref="fl-d"/>
      </object_component>
      <object_component id="oc-32">
         <name>.text</name>
         <load_address>0x73c8</load_address>
         <run_address>0x73c8</run_address>
         <size>0x13c</size>
         <input_file_ref idref="fl-b"/>
      </object_component>
      <object_component id="oc-11f">
         <name>.text</name>
         <load_address>0x7504</load_address>
         <run_address>0x7504</run_address>
         <size>0x12a</size>
         <input_file_ref idref="fl-6"/>
      </object_component>
      <object_component id="oc-296">
         <name>.text</name>
         <load_address>0x762e</load_address>
         <run_address>0x762e</run_address>
         <size>0x2</size>
         <input_file_ref idref="fl-f0"/>
      </object_component>
      <object_component id="oc-2d">
         <name>.text</name>
         <load_address>0x7630</load_address>
         <run_address>0x7630</run_address>
         <size>0xda</size>
         <input_file_ref idref="fl-c"/>
      </object_component>
      <object_component id="oc-4c">
         <name>.text</name>
         <load_address>0x770a</load_address>
         <run_address>0x770a</run_address>
         <size>0x9c</size>
         <input_file_ref idref="fl-e9"/>
      </object_component>
      <object_component id="oc-f7">
         <name>.text</name>
         <load_address>0x77a6</load_address>
         <run_address>0x77a6</run_address>
         <size>0x7a</size>
         <input_file_ref idref="fl-ea"/>
      </object_component>
      <object_component id="oc-15">
         <name>.text:decompress:lzss:__TI_decompress_lzss</name>
         <load_address>0x7820</load_address>
         <run_address>0x7820</run_address>
         <size>0x68</size>
         <input_file_ref idref="fl-ee"/>
      </object_component>
      <object_component id="oc-1e5">
         <name>.text:__TI_auto_init_nobinit_nopinit:__TI_auto_init_nobinit_nopinit</name>
         <load_address>0x7888</load_address>
         <run_address>0x7888</run_address>
         <size>0x44</size>
         <input_file_ref idref="fl-f1"/>
      </object_component>
      <object_component id="oc-19f">
         <name>.text</name>
         <load_address>0x78cc</load_address>
         <run_address>0x78cc</run_address>
         <size>0x40</size>
         <input_file_ref idref="fl-eb"/>
      </object_component>
      <object_component id="oc-16d">
         <name>.text</name>
         <load_address>0x790c</load_address>
         <run_address>0x790c</run_address>
         <size>0x3e</size>
         <input_file_ref idref="fl-12"/>
      </object_component>
      <object_component id="oc-6a">
         <name>.text:_c_int00_noargs:_c_int00_noargs</name>
         <load_address>0x794c</load_address>
         <run_address>0x794c</run_address>
         <size>0x34</size>
         <input_file_ref idref="fl-ef"/>
      </object_component>
      <object_component id="oc-1b">
         <name>.text:decompress:none:__TI_decompress_none</name>
         <load_address>0x7980</load_address>
         <run_address>0x7980</run_address>
         <size>0xe</size>
         <input_file_ref idref="fl-ed"/>
      </object_component>
      <object_component id="oc-5e">
         <name>.text:decompress:ZI:__TI_zero_init</name>
         <load_address>0x798e</load_address>
         <run_address>0x798e</run_address>
         <size>0xc</size>
         <input_file_ref idref="fl-ec"/>
      </object_component>
      <object_component id="oc-27">
         <name>.text</name>
         <load_address>0x799a</load_address>
         <run_address>0x799a</run_address>
         <size>0xc</size>
         <input_file_ref idref="fl-3"/>
      </object_component>
      <object_component id="oc-17c">
         <name>.text:SysCtlDelay</name>
         <load_address>0x79a6</load_address>
         <run_address>0x79a6</run_address>
         <size>0x6</size>
         <input_file_ref idref="fl-26"/>
      </object_component>
      <object_component id="oc-fd">
         <name>.text:_system_pre_init</name>
         <load_address>0x79ac</load_address>
         <run_address>0x79ac</run_address>
         <size>0x4</size>
         <input_file_ref idref="fl-f2"/>
      </object_component>
      <object_component id="oc-1d9">
         <name>.text:abort:abort</name>
         <load_address>0x79b0</load_address>
         <run_address>0x79b0</run_address>
         <size>0x4</size>
         <input_file_ref idref="fl-f4"/>
      </object_component>
      <object_component id="oc-176">
         <name>.const:g_pppui32XTALtoVCO</name>
         <load_address>0x79b4</load_address>
         <run_address>0x79b4</run_address>
         <size>0x120</size>
         <input_file_ref idref="fl-26"/>
      </object_component>
      <object_component id="oc-2a1">
         <name>.const:g_ppui32GPIOIntMapBlizzard</name>
         <load_address>0x7ad4</load_address>
         <run_address>0x7ad4</run_address>
         <size>0xc0</size>
         <input_file_ref idref="fl-1b"/>
      </object_component>
      <object_component id="oc-2a4">
         <name>.const:g_ppui32GPIOIntMapSnowflake</name>
         <load_address>0x7b94</load_address>
         <run_address>0x7b94</run_address>
         <size>0xc0</size>
         <input_file_ref idref="fl-1b"/>
      </object_component>
      <object_component id="oc-185">
         <name>.const:g_pui32Regs</name>
         <load_address>0x7c54</load_address>
         <run_address>0x7c54</run_address>
         <size>0x9c</size>
         <input_file_ref idref="fl-1e"/>
      </object_component>
      <object_component id="oc-2a7">
         <name>.const:g_pui32GPIOBaseAddrs</name>
         <load_address>0x7cf0</load_address>
         <run_address>0x7cf0</run_address>
         <size>0x90</size>
         <input_file_ref idref="fl-1b"/>
      </object_component>
      <object_component id="oc-173">
         <name>.const:g_pui32Xtals</name>
         <load_address>0x7d80</load_address>
         <run_address>0x7d80</run_address>
         <size>0x6c</size>
         <input_file_ref idref="fl-26"/>
      </object_component>
      <object_component id="oc-14f">
         <name>.const:g_ppui32TimerIntMap</name>
         <load_address>0x7dec</load_address>
         <run_address>0x7dec</run_address>
         <size>0x60</size>
         <input_file_ref idref="fl-29"/>
      </object_component>
      <object_component id="oc-152">
         <name>.const:g_ppui32TimerIntMapSnowflake</name>
         <load_address>0x7e4c</load_address>
         <run_address>0x7e4c</run_address>
         <size>0x40</size>
         <input_file_ref idref="fl-29"/>
      </object_component>
      <object_component id="oc-16a">
         <name>.const:g_sXTALtoMEMTIM</name>
         <load_address>0x7e8c</load_address>
         <run_address>0x7e8c</run_address>
         <size>0x30</size>
         <input_file_ref idref="fl-26"/>
      </object_component>
      <object_component id="oc-182">
         <name>.const:g_pui32Priority</name>
         <load_address>0x7ebc</load_address>
         <run_address>0x7ebc</run_address>
         <size>0x20</size>
         <input_file_ref idref="fl-1e"/>
      </object_component>
      <object_component id="oc-18b">
         <name>.const:g_pui32Dii16Regs</name>
         <load_address>0x7edc</load_address>
         <run_address>0x7edc</run_address>
         <size>0x14</size>
         <input_file_ref idref="fl-1e"/>
      </object_component>
      <object_component id="oc-188">
         <name>.const:g_pui32EnRegs</name>
         <load_address>0x7ef0</load_address>
         <run_address>0x7ef0</run_address>
         <size>0x14</size>
         <input_file_ref idref="fl-1e"/>
      </object_component>
      <object_component id="oc-18e">
         <name>.const:g_pui32PendRegs</name>
         <load_address>0x7f04</load_address>
         <run_address>0x7f04</run_address>
         <size>0x14</size>
         <input_file_ref idref="fl-1e"/>
      </object_component>
      <object_component id="oc-191">
         <name>.const:g_pui32UnpendRegs</name>
         <load_address>0x7f18</load_address>
         <run_address>0x7f18</run_address>
         <size>0x14</size>
         <input_file_ref idref="fl-1e"/>
      </object_component>
      <object_component id="oc-29c">
         <name>.const:.string</name>
         <load_address>0x7f2c</load_address>
         <run_address>0x7f2c</run_address>
         <size>0x12</size>
         <input_file_ref idref="fl-2f"/>
      </object_component>
      <object_component id="oc-19c">
         <name>.const:g_ui32UARTBase</name>
         <load_address>0x7f40</load_address>
         <run_address>0x7f40</run_address>
         <size>0xc</size>
         <input_file_ref idref="fl-2f"/>
      </object_component>
      <object_component id="oc-196">
         <name>.const:g_ui32UARTPeriph</name>
         <load_address>0x7f4c</load_address>
         <run_address>0x7f4c</run_address>
         <size>0xc</size>
         <input_file_ref idref="fl-2f"/>
      </object_component>
      <object_component id="oc-179">
         <name>.const:g_pui32VCOFrequencies</name>
         <load_address>0x7f58</load_address>
         <run_address>0x7f58</run_address>
         <size>0x8</size>
         <input_file_ref idref="fl-26"/>
      </object_component>
      <object_component id="oc-82">
         <name>.const</name>
         <load_address>0x7f60</load_address>
         <run_address>0x7f60</run_address>
         <size>0x4</size>
         <input_file_ref idref="fl-b"/>
      </object_component>
      <object_component id="oc-1a4">
         <name>.const</name>
         <load_address>0x7f64</load_address>
         <run_address>0x7f64</run_address>
         <size>0x4</size>
         <input_file_ref idref="fl-2f"/>
      </object_component>
      <object_component id="oc-35a">
         <name>.cinit..data.load</name>
         <load_address>0x7f68</load_address>
         <run_address>0x7f68</run_address>
         <size>0xf</size>
      </object_component>
      <object_component id="oc-357">
         <name>__TI_handler_table</name>
         <load_address>0x7f78</load_address>
         <run_address>0x7f78</run_address>
         <size>0xc</size>
      </object_component>
      <object_component id="oc-35b">
         <name>.cinit..bss.load</name>
         <load_address>0x7f88</load_address>
         <run_address>0x7f88</run_address>
         <size>0x8</size>
      </object_component>
      <object_component id="oc-359">
         <name>.cinit..vtable.load</name>
         <load_address>0x7f90</load_address>
         <run_address>0x7f90</run_address>
         <size>0x8</size>
      </object_component>
      <object_component id="oc-358">
         <name>__TI_cinit_table</name>
         <load_address>0x7f98</load_address>
         <run_address>0x7f98</run_address>
         <size>0x18</size>
      </object_component>
      <object_component id="oc-17f">
         <name>.vtable</name>
         <uninitialized>true</uninitialized>
         <run_address>0x20000000</run_address>
         <size>0x26c</size>
         <input_file_ref idref="fl-1e"/>
      </object_component>
      <object_component id="oc-bf">
         <name>.data</name>
         <load_address>0x2000c94c</load_address>
         <run_address>0x2000c94c</run_address>
         <size>0x14</size>
         <input_file_ref idref="fl-2"/>
      </object_component>
      <object_component id="oc-7f">
         <name>.data</name>
         <load_address>0x2000c918</load_address>
         <run_address>0x2000c918</run_address>
         <size>0x34</size>
         <input_file_ref idref="fl-9"/>
      </object_component>
      <object_component id="oc-245">
         <name>.data</name>
         <load_address>0x2000c960</load_address>
         <run_address>0x2000c960</run_address>
         <size>0xc</size>
         <input_file_ref idref="fl-a"/>
      </object_component>
      <object_component id="oc-8c">
         <name>.data</name>
         <load_address>0x2000c97c</load_address>
         <run_address>0x2000c97c</run_address>
         <size>0x4</size>
         <input_file_ref idref="fl-b"/>
      </object_component>
      <object_component id="oc-22d">
         <name>.data</name>
         <load_address>0x2000c96c</load_address>
         <run_address>0x2000c96c</run_address>
         <size>0x8</size>
         <input_file_ref idref="fl-d"/>
      </object_component>
      <object_component id="oc-199">
         <name>.data</name>
         <load_address>0x2000c974</load_address>
         <run_address>0x2000c974</run_address>
         <size>0x5</size>
         <input_file_ref idref="fl-2f"/>
      </object_component>
      <object_component id="oc-125">
         <name>.bss:pxReadyTasksLists</name>
         <uninitialized>true</uninitialized>
         <run_address>0x2000c5bc</run_address>
         <size>0x64</size>
         <input_file_ref idref="fl-9"/>
      </object_component>
      <object_component id="oc-13a">
         <name>.bss:xDelayedTaskList1</name>
         <uninitialized>true</uninitialized>
         <run_address>0x2000c688</run_address>
         <size>0x14</size>
         <input_file_ref idref="fl-9"/>
      </object_component>
      <object_component id="oc-13d">
         <name>.bss:xDelayedTaskList2</name>
         <uninitialized>true</uninitialized>
         <run_address>0x2000c69c</run_address>
         <size>0x14</size>
         <input_file_ref idref="fl-9"/>
      </object_component>
      <object_component id="oc-12b">
         <name>.bss</name>
         <uninitialized>true</uninitialized>
         <run_address>0x2000c6ec</run_address>
         <size>0x8</size>
         <input_file_ref idref="fl-9"/>
      </object_component>
      <object_component id="oc-137">
         <name>.bss:xPendingReadyList</name>
         <uninitialized>true</uninitialized>
         <run_address>0x2000c6b0</run_address>
         <size>0x14</size>
         <input_file_ref idref="fl-9"/>
      </object_component>
      <object_component id="oc-128">
         <name>.bss:xTasksWaitingTermination</name>
         <uninitialized>true</uninitialized>
         <run_address>0x2000c6d8</run_address>
         <size>0x14</size>
         <input_file_ref idref="fl-9"/>
      </object_component>
      <object_component id="oc-12e">
         <name>.bss:xSuspendedTaskList</name>
         <uninitialized>true</uninitialized>
         <run_address>0x2000c6c4</run_address>
         <size>0x14</size>
         <input_file_ref idref="fl-9"/>
      </object_component>
      <object_component id="oc-24b">
         <name>.bss:xActiveTimerList1</name>
         <uninitialized>true</uninitialized>
         <run_address>0x2000c660</run_address>
         <size>0x14</size>
         <input_file_ref idref="fl-a"/>
      </object_component>
      <object_component id="oc-24e">
         <name>.bss:xActiveTimerList2</name>
         <uninitialized>true</uninitialized>
         <run_address>0x2000c674</run_address>
         <size>0x14</size>
         <input_file_ref idref="fl-a"/>
      </object_component>
      <object_component id="oc-248">
         <name>.bss</name>
         <uninitialized>true</uninitialized>
         <run_address>0x2000c6f4</run_address>
         <size>0x8</size>
         <input_file_ref idref="fl-a"/>
      </object_component>
      <object_component id="oc-236">
         <name>.bss:ucHeap</name>
         <uninitialized>true</uninitialized>
         <run_address>0x2000026c</run_address>
         <size>0xc350</size>
         <input_file_ref idref="fl-d"/>
      </object_component>
      <object_component id="oc-230">
         <name>.bss:xStart</name>
         <uninitialized>true</uninitialized>
         <run_address>0x2000c704</run_address>
         <size>0x8</size>
         <input_file_ref idref="fl-d"/>
      </object_component>
      <object_component id="oc-233">
         <name>.bss:xEnd</name>
         <uninitialized>true</uninitialized>
         <run_address>0x2000c6fc</run_address>
         <size>0x8</size>
         <input_file_ref idref="fl-d"/>
      </object_component>
      <object_component id="oc-c5">
         <name>.common:ui32Period</name>
         <uninitialized>true</uninitialized>
         <run_address>0x2000c710</run_address>
         <size>0x4</size>
      </object_component>
      <object_component id="oc-c2">
         <name>.common:task1_sem</name>
         <uninitialized>true</uninitialized>
         <run_address>0x2000c70c</run_address>
         <size>0x4</size>
      </object_component>
      <object_component id="oc-15c">
         <name>.common:xQueueRegistry</name>
         <uninitialized>true</uninitialized>
         <run_address>0x2000c620</run_address>
         <size>0x40</size>
      </object_component>
      <object_component id="oc-24">
         <name>.stack</name>
         <uninitialized>true</uninitialized>
         <run_address>0x2000c718</run_address>
         <size>0x4</size>
         <input_file_ref idref="fl-ef"/>
      </object_component>
      <object_component id="oc-35d">
         <name>.stack</name>
         <uninitialized>true</uninitialized>
         <run_address>0x2000c718</run_address>
         <size>0x0</size>
      </object_component>
      <object_component id="oc-c3">
         <name>.debug_info</name>
         <load_address>0x0</load_address>
         <run_address>0x0</run_address>
         <size>0x7b4</size>
         <input_file_ref idref="fl-2"/>
      </object_component>
      <object_component id="oc-c0">
         <name>.debug_info</name>
         <load_address>0x7b4</load_address>
         <run_address>0x7b4</run_address>
         <size>0x1c0</size>
         <input_file_ref idref="fl-2"/>
      </object_component>
      <object_component id="oc-39">
         <name>.debug_info</name>
         <load_address>0x974</load_address>
         <run_address>0x974</run_address>
         <size>0x5d8</size>
         <input_file_ref idref="fl-2"/>
      </object_component>
      <object_component id="oc-145">
         <name>.debug_info</name>
         <load_address>0xf4c</load_address>
         <run_address>0xf4c</run_address>
         <size>0x315</size>
         <input_file_ref idref="fl-2"/>
      </object_component>
      <object_component id="oc-d8">
         <name>.debug_info</name>
         <load_address>0x1261</load_address>
         <run_address>0x1261</run_address>
         <size>0x26b</size>
         <input_file_ref idref="fl-2"/>
      </object_component>
      <object_component id="oc-dd">
         <name>.debug_info</name>
         <load_address>0x14cc</load_address>
         <run_address>0x14cc</run_address>
         <size>0x461</size>
         <input_file_ref idref="fl-2"/>
      </object_component>
      <object_component id="oc-1ba">
         <name>.debug_info</name>
         <load_address>0x192d</load_address>
         <run_address>0x192d</run_address>
         <size>0x4f</size>
         <input_file_ref idref="fl-2"/>
      </object_component>
      <object_component id="oc-1bf">
         <name>.debug_info</name>
         <load_address>0x197c</load_address>
         <run_address>0x197c</run_address>
         <size>0x2c</size>
         <input_file_ref idref="fl-2"/>
      </object_component>
      <object_component id="oc-c7">
         <name>.debug_info</name>
         <load_address>0x19a8</load_address>
         <run_address>0x19a8</run_address>
         <size>0x8b</size>
         <input_file_ref idref="fl-2"/>
      </object_component>
      <object_component id="oc-91">
         <name>.debug_info</name>
         <load_address>0x1a33</load_address>
         <run_address>0x1a33</run_address>
         <size>0x2c</size>
         <input_file_ref idref="fl-2"/>
      </object_component>
      <object_component id="oc-1c4">
         <name>.debug_info</name>
         <load_address>0x1a5f</load_address>
         <run_address>0x1a5f</run_address>
         <size>0x2a4</size>
         <input_file_ref idref="fl-2"/>
      </object_component>
      <object_component id="oc-156">
         <name>.debug_info</name>
         <load_address>0x1d03</load_address>
         <run_address>0x1d03</run_address>
         <size>0xef</size>
         <input_file_ref idref="fl-2"/>
      </object_component>
      <object_component id="oc-cc">
         <name>.debug_info</name>
         <load_address>0x1df2</load_address>
         <run_address>0x1df2</run_address>
         <size>0xbb</size>
         <input_file_ref idref="fl-2"/>
      </object_component>
      <object_component id="oc-d3">
         <name>.debug_info</name>
         <load_address>0x1ead</load_address>
         <run_address>0x1ead</run_address>
         <size>0x53</size>
         <input_file_ref idref="fl-2"/>
      </object_component>
      <object_component id="oc-96">
         <name>.debug_info</name>
         <load_address>0x1f00</load_address>
         <run_address>0x1f00</run_address>
         <size>0x53</size>
         <input_file_ref idref="fl-2"/>
      </object_component>
      <object_component id="oc-1a9">
         <name>.debug_info</name>
         <load_address>0x1f53</load_address>
         <run_address>0x1f53</run_address>
         <size>0x2c</size>
         <input_file_ref idref="fl-2"/>
      </object_component>
      <object_component id="oc-14a">
         <name>.debug_info</name>
         <load_address>0x1f7f</load_address>
         <run_address>0x1f7f</run_address>
         <size>0x14c</size>
         <input_file_ref idref="fl-2"/>
      </object_component>
      <object_component id="oc-40">
         <name>.debug_info</name>
         <load_address>0x20cb</load_address>
         <run_address>0x20cb</run_address>
         <size>0x446</size>
         <input_file_ref idref="fl-3"/>
      </object_component>
      <object_component id="oc-13">
         <name>.debug_info</name>
         <load_address>0x2511</load_address>
         <run_address>0x2511</run_address>
         <size>0x139</size>
         <input_file_ref idref="fl-3"/>
      </object_component>
      <object_component id="oc-28">
         <name>.debug_info</name>
         <load_address>0x264a</load_address>
         <run_address>0x264a</run_address>
         <size>0x2b8</size>
         <input_file_ref idref="fl-3"/>
      </object_component>
      <object_component id="oc-47">
         <name>.debug_info</name>
         <load_address>0x2902</load_address>
         <run_address>0x2902</run_address>
         <size>0x84</size>
         <input_file_ref idref="fl-3"/>
      </object_component>
      <object_component id="oc-270">
         <name>.debug_info</name>
         <load_address>0x2986</load_address>
         <run_address>0x2986</run_address>
         <size>0x67c</size>
         <input_file_ref idref="fl-5"/>
      </object_component>
      <object_component id="oc-165">
         <name>.debug_info</name>
         <load_address>0x3002</load_address>
         <run_address>0x3002</run_address>
         <size>0x110</size>
         <input_file_ref idref="fl-5"/>
      </object_component>
      <object_component id="oc-228">
         <name>.debug_info</name>
         <load_address>0x3112</load_address>
         <run_address>0x3112</run_address>
         <size>0x461</size>
         <input_file_ref idref="fl-5"/>
      </object_component>
      <object_component id="oc-2eb">
         <name>.debug_info</name>
         <load_address>0x3573</load_address>
         <run_address>0x3573</run_address>
         <size>0x76</size>
         <input_file_ref idref="fl-5"/>
      </object_component>
      <object_component id="oc-2f0">
         <name>.debug_info</name>
         <load_address>0x35e9</load_address>
         <run_address>0x35e9</run_address>
         <size>0x39</size>
         <input_file_ref idref="fl-5"/>
      </object_component>
      <object_component id="oc-219">
         <name>.debug_info</name>
         <load_address>0x3622</load_address>
         <run_address>0x3622</run_address>
         <size>0x4f</size>
         <input_file_ref idref="fl-5"/>
      </object_component>
      <object_component id="oc-23c">
         <name>.debug_info</name>
         <load_address>0x3671</load_address>
         <run_address>0x3671</run_address>
         <size>0x3ae</size>
         <input_file_ref idref="fl-6"/>
      </object_component>
      <object_component id="oc-120">
         <name>.debug_info</name>
         <load_address>0x3a1f</load_address>
         <run_address>0x3a1f</run_address>
         <size>0x4f4</size>
         <input_file_ref idref="fl-6"/>
      </object_component>
      <object_component id="oc-15d">
         <name>.debug_info</name>
         <load_address>0x3f13</load_address>
         <run_address>0x3f13</run_address>
         <size>0x8dd</size>
         <input_file_ref idref="fl-7"/>
      </object_component>
      <object_component id="oc-a2">
         <name>.debug_info</name>
         <load_address>0x47f0</load_address>
         <run_address>0x47f0</run_address>
         <size>0x3684</size>
         <input_file_ref idref="fl-7"/>
      </object_component>
      <object_component id="oc-26b">
         <name>.debug_info</name>
         <load_address>0x7e74</load_address>
         <run_address>0x7e74</run_address>
         <size>0x23f</size>
         <input_file_ref idref="fl-7"/>
      </object_component>
      <object_component id="oc-160">
         <name>.debug_info</name>
         <load_address>0x80b3</load_address>
         <run_address>0x80b3</run_address>
         <size>0x46</size>
         <input_file_ref idref="fl-7"/>
      </object_component>
      <object_component id="oc-21e">
         <name>.debug_info</name>
         <load_address>0x80f9</load_address>
         <run_address>0x80f9</run_address>
         <size>0x35</size>
         <input_file_ref idref="fl-7"/>
      </object_component>
      <object_component id="oc-1d0">
         <name>.debug_info</name>
         <load_address>0x812e</load_address>
         <run_address>0x812e</run_address>
         <size>0x2c</size>
         <input_file_ref idref="fl-8"/>
      </object_component>
      <object_component id="oc-111">
         <name>.debug_info</name>
         <load_address>0x815a</load_address>
         <run_address>0x815a</run_address>
         <size>0x7bc</size>
         <input_file_ref idref="fl-9"/>
      </object_component>
      <object_component id="oc-80">
         <name>.debug_info</name>
         <load_address>0x8916</load_address>
         <run_address>0x8916</run_address>
         <size>0x391</size>
         <input_file_ref idref="fl-9"/>
      </object_component>
      <object_component id="oc-126">
         <name>.debug_info</name>
         <load_address>0x8ca7</load_address>
         <run_address>0x8ca7</run_address>
         <size>0x138</size>
         <input_file_ref idref="fl-9"/>
      </object_component>
      <object_component id="oc-13b">
         <name>.debug_info</name>
         <load_address>0x8ddf</load_address>
         <run_address>0x8ddf</run_address>
         <size>0x138</size>
         <input_file_ref idref="fl-9"/>
      </object_component>
      <object_component id="oc-13e">
         <name>.debug_info</name>
         <load_address>0x8f17</load_address>
         <run_address>0x8f17</run_address>
         <size>0x138</size>
         <input_file_ref idref="fl-9"/>
      </object_component>
      <object_component id="oc-12c">
         <name>.debug_info</name>
         <load_address>0x904f</load_address>
         <run_address>0x904f</run_address>
         <size>0x17b</size>
         <input_file_ref idref="fl-9"/>
      </object_component>
      <object_component id="oc-138">
         <name>.debug_info</name>
         <load_address>0x91ca</load_address>
         <run_address>0x91ca</run_address>
         <size>0x138</size>
         <input_file_ref idref="fl-9"/>
      </object_component>
      <object_component id="oc-129">
         <name>.debug_info</name>
         <load_address>0x9302</load_address>
         <run_address>0x9302</run_address>
         <size>0x146</size>
         <input_file_ref idref="fl-9"/>
      </object_component>
      <object_component id="oc-12f">
         <name>.debug_info</name>
         <load_address>0x9448</load_address>
         <run_address>0x9448</run_address>
         <size>0x13a</size>
         <input_file_ref idref="fl-9"/>
      </object_component>
      <object_component id="oc-88">
         <name>.debug_info</name>
         <load_address>0x9582</load_address>
         <run_address>0x9582</run_address>
         <size>0x4a00</size>
         <input_file_ref idref="fl-9"/>
      </object_component>
      <object_component id="oc-112">
         <name>.debug_info</name>
         <load_address>0xdf82</load_address>
         <run_address>0xdf82</run_address>
         <size>0x30c</size>
         <input_file_ref idref="fl-9"/>
      </object_component>
      <object_component id="oc-223">
         <name>.debug_info</name>
         <load_address>0xe28e</load_address>
         <run_address>0xe28e</run_address>
         <size>0x144</size>
         <input_file_ref idref="fl-9"/>
      </object_component>
      <object_component id="oc-257">
         <name>.debug_info</name>
         <load_address>0xe3d2</load_address>
         <run_address>0xe3d2</run_address>
         <size>0x88d</size>
         <input_file_ref idref="fl-a"/>
      </object_component>
      <object_component id="oc-24c">
         <name>.debug_info</name>
         <load_address>0xec5f</load_address>
         <run_address>0xec5f</run_address>
         <size>0x138</size>
         <input_file_ref idref="fl-a"/>
      </object_component>
      <object_component id="oc-24f">
         <name>.debug_info</name>
         <load_address>0xed97</load_address>
         <run_address>0xed97</run_address>
         <size>0x138</size>
         <input_file_ref idref="fl-a"/>
      </object_component>
      <object_component id="oc-249">
         <name>.debug_info</name>
         <load_address>0xeecf</load_address>
         <run_address>0xeecf</run_address>
         <size>0x170</size>
         <input_file_ref idref="fl-a"/>
      </object_component>
      <object_component id="oc-246">
         <name>.debug_info</name>
         <load_address>0xf03f</load_address>
         <run_address>0xf03f</run_address>
         <size>0x15c</size>
         <input_file_ref idref="fl-a"/>
      </object_component>
      <object_component id="oc-134">
         <name>.debug_info</name>
         <load_address>0xf19b</load_address>
         <run_address>0xf19b</run_address>
         <size>0x1dc8</size>
         <input_file_ref idref="fl-a"/>
      </object_component>
      <object_component id="oc-258">
         <name>.debug_info</name>
         <load_address>0x10f63</load_address>
         <run_address>0x10f63</run_address>
         <size>0x1ce</size>
         <input_file_ref idref="fl-a"/>
      </object_component>
      <object_component id="oc-252">
         <name>.debug_info</name>
         <load_address>0x11131</load_address>
         <run_address>0x11131</run_address>
         <size>0x46</size>
         <input_file_ref idref="fl-a"/>
      </object_component>
      <object_component id="oc-90">
         <name>.debug_info</name>
         <load_address>0x11177</load_address>
         <run_address>0x11177</run_address>
         <size>0x449</size>
         <input_file_ref idref="fl-b"/>
      </object_component>
      <object_component id="oc-83">
         <name>.debug_info</name>
         <load_address>0x115c0</load_address>
         <run_address>0x115c0</run_address>
         <size>0x165</size>
         <input_file_ref idref="fl-b"/>
      </object_component>
      <object_component id="oc-8d">
         <name>.debug_info</name>
         <load_address>0x11725</load_address>
         <run_address>0x11725</run_address>
         <size>0x14c</size>
         <input_file_ref idref="fl-b"/>
      </object_component>
      <object_component id="oc-33">
         <name>.debug_info</name>
         <load_address>0x11871</load_address>
         <run_address>0x11871</run_address>
         <size>0x6fc</size>
         <input_file_ref idref="fl-b"/>
      </object_component>
      <object_component id="oc-2f">
         <name>.debug_info</name>
         <load_address>0x11f6d</load_address>
         <run_address>0x11f6d</run_address>
         <size>0x29a</size>
         <input_file_ref idref="fl-c"/>
      </object_component>
      <object_component id="oc-23a">
         <name>.debug_info</name>
         <load_address>0x12207</load_address>
         <run_address>0x12207</run_address>
         <size>0x458</size>
         <input_file_ref idref="fl-d"/>
      </object_component>
      <object_component id="oc-237">
         <name>.debug_info</name>
         <load_address>0x1265f</load_address>
         <run_address>0x1265f</run_address>
         <size>0x133</size>
         <input_file_ref idref="fl-d"/>
      </object_component>
      <object_component id="oc-231">
         <name>.debug_info</name>
         <load_address>0x12792</load_address>
         <run_address>0x12792</run_address>
         <size>0x133</size>
         <input_file_ref idref="fl-d"/>
      </object_component>
      <object_component id="oc-234">
         <name>.debug_info</name>
         <load_address>0x128c5</load_address>
         <run_address>0x128c5</run_address>
         <size>0x12f</size>
         <input_file_ref idref="fl-d"/>
      </object_component>
      <object_component id="oc-22e">
         <name>.debug_info</name>
         <load_address>0x129f4</load_address>
         <run_address>0x129f4</run_address>
         <size>0x14d</size>
         <input_file_ref idref="fl-d"/>
      </object_component>
      <object_component id="oc-11b">
         <name>.debug_info</name>
         <load_address>0x12b41</load_address>
         <run_address>0x12b41</run_address>
         <size>0x6ad</size>
         <input_file_ref idref="fl-d"/>
      </object_component>
      <object_component id="oc-2d2">
         <name>.debug_info</name>
         <load_address>0x131ee</load_address>
         <run_address>0x131ee</run_address>
         <size>0x62</size>
         <input_file_ref idref="fl-d"/>
      </object_component>
      <object_component id="oc-16f">
         <name>.debug_info</name>
         <load_address>0x13250</load_address>
         <run_address>0x13250</run_address>
         <size>0x385</size>
         <input_file_ref idref="fl-12"/>
      </object_component>
      <object_component id="oc-2ab">
         <name>.debug_info</name>
         <load_address>0x135d5</load_address>
         <run_address>0x135d5</run_address>
         <size>0x3c8</size>
         <input_file_ref idref="fl-1b"/>
      </object_component>
      <object_component id="oc-2a2">
         <name>.debug_info</name>
         <load_address>0x1399d</load_address>
         <run_address>0x1399d</run_address>
         <size>0x149</size>
         <input_file_ref idref="fl-1b"/>
      </object_component>
      <object_component id="oc-2a5">
         <name>.debug_info</name>
         <load_address>0x13ae6</load_address>
         <run_address>0x13ae6</run_address>
         <size>0x14b</size>
         <input_file_ref idref="fl-1b"/>
      </object_component>
      <object_component id="oc-2a8">
         <name>.debug_info</name>
         <load_address>0x13c31</load_address>
         <run_address>0x13c31</run_address>
         <size>0x13d</size>
         <input_file_ref idref="fl-1b"/>
      </object_component>
      <object_component id="oc-1af">
         <name>.debug_info</name>
         <load_address>0x13d6e</load_address>
         <run_address>0x13d6e</run_address>
         <size>0x38af</size>
         <input_file_ref idref="fl-1b"/>
      </object_component>
      <object_component id="oc-195">
         <name>.debug_info</name>
         <load_address>0x1761d</load_address>
         <run_address>0x1761d</run_address>
         <size>0x3b5</size>
         <input_file_ref idref="fl-1e"/>
      </object_component>
      <object_component id="oc-183">
         <name>.debug_info</name>
         <load_address>0x179d2</load_address>
         <run_address>0x179d2</run_address>
         <size>0x138</size>
         <input_file_ref idref="fl-1e"/>
      </object_component>
      <object_component id="oc-186">
         <name>.debug_info</name>
         <load_address>0x17b0a</load_address>
         <run_address>0x17b0a</run_address>
         <size>0x130</size>
         <input_file_ref idref="fl-1e"/>
      </object_component>
      <object_component id="oc-189">
         <name>.debug_info</name>
         <load_address>0x17c3a</load_address>
         <run_address>0x17c3a</run_address>
         <size>0x134</size>
         <input_file_ref idref="fl-1e"/>
      </object_component>
      <object_component id="oc-18c">
         <name>.debug_info</name>
         <load_address>0x17d6e</load_address>
         <run_address>0x17d6e</run_address>
         <size>0x13a</size>
         <input_file_ref idref="fl-1e"/>
      </object_component>
      <object_component id="oc-18f">
         <name>.debug_info</name>
         <load_address>0x17ea8</load_address>
         <run_address>0x17ea8</run_address>
         <size>0x138</size>
         <input_file_ref idref="fl-1e"/>
      </object_component>
      <object_component id="oc-192">
         <name>.debug_info</name>
         <load_address>0x17fe0</load_address>
         <run_address>0x17fe0</run_address>
         <size>0x13c</size>
         <input_file_ref idref="fl-1e"/>
      </object_component>
      <object_component id="oc-180">
         <name>.debug_info</name>
         <load_address>0x1811c</load_address>
         <run_address>0x1811c</run_address>
         <size>0x139</size>
         <input_file_ref idref="fl-1e"/>
      </object_component>
      <object_component id="oc-ae">
         <name>.debug_info</name>
         <load_address>0x18255</load_address>
         <run_address>0x18255</run_address>
         <size>0xdf9</size>
         <input_file_ref idref="fl-1e"/>
      </object_component>
      <object_component id="oc-17e">
         <name>.debug_info</name>
         <load_address>0x1904e</load_address>
         <run_address>0x1904e</run_address>
         <size>0x426</size>
         <input_file_ref idref="fl-26"/>
      </object_component>
      <object_component id="oc-174">
         <name>.debug_info</name>
         <load_address>0x19474</load_address>
         <run_address>0x19474</run_address>
         <size>0x12f</size>
         <input_file_ref idref="fl-26"/>
      </object_component>
      <object_component id="oc-177">
         <name>.debug_info</name>
         <load_address>0x195a3</load_address>
         <run_address>0x195a3</run_address>
         <size>0x13b</size>
         <input_file_ref idref="fl-26"/>
      </object_component>
      <object_component id="oc-16b">
         <name>.debug_info</name>
         <load_address>0x196de</load_address>
         <run_address>0x196de</run_address>
         <size>0x135</size>
         <input_file_ref idref="fl-26"/>
      </object_component>
      <object_component id="oc-17a">
         <name>.debug_info</name>
         <load_address>0x19813</load_address>
         <run_address>0x19813</run_address>
         <size>0x142</size>
         <input_file_ref idref="fl-26"/>
      </object_component>
      <object_component id="oc-a8">
         <name>.debug_info</name>
         <load_address>0x19955</load_address>
         <run_address>0x19955</run_address>
         <size>0x2cc6</size>
         <input_file_ref idref="fl-26"/>
      </object_component>
      <object_component id="oc-27c">
         <name>.debug_info</name>
         <load_address>0x1c61b</load_address>
         <run_address>0x1c61b</run_address>
         <size>0x51</size>
         <input_file_ref idref="fl-26"/>
      </object_component>
      <object_component id="oc-15b">
         <name>.debug_info</name>
         <load_address>0x1c66c</load_address>
         <run_address>0x1c66c</run_address>
         <size>0x3c5</size>
         <input_file_ref idref="fl-29"/>
      </object_component>
      <object_component id="oc-150">
         <name>.debug_info</name>
         <load_address>0x1ca31</load_address>
         <run_address>0x1ca31</run_address>
         <size>0x13c</size>
         <input_file_ref idref="fl-29"/>
      </object_component>
      <object_component id="oc-153">
         <name>.debug_info</name>
         <load_address>0x1cb6d</load_address>
         <run_address>0x1cb6d</run_address>
         <size>0x14e</size>
         <input_file_ref idref="fl-29"/>
      </object_component>
      <object_component id="oc-9f">
         <name>.debug_info</name>
         <load_address>0x1ccbb</load_address>
         <run_address>0x1ccbb</run_address>
         <size>0x2c49</size>
         <input_file_ref idref="fl-29"/>
      </object_component>
      <object_component id="oc-1b5">
         <name>.debug_info</name>
         <load_address>0x1f904</load_address>
         <run_address>0x1f904</run_address>
         <size>0x3a0</size>
         <input_file_ref idref="fl-2e"/>
      </object_component>
      <object_component id="oc-ba">
         <name>.debug_info</name>
         <load_address>0x1fca4</load_address>
         <run_address>0x1fca4</run_address>
         <size>0x54c</size>
         <input_file_ref idref="fl-2e"/>
      </object_component>
      <object_component id="oc-1a8">
         <name>.debug_info</name>
         <load_address>0x201f0</load_address>
         <run_address>0x201f0</run_address>
         <size>0x312</size>
         <input_file_ref idref="fl-2f"/>
      </object_component>
      <object_component id="oc-19a">
         <name>.debug_info</name>
         <load_address>0x20502</load_address>
         <run_address>0x20502</run_address>
         <size>0x12a</size>
         <input_file_ref idref="fl-2f"/>
      </object_component>
      <object_component id="oc-1a5">
         <name>.debug_info</name>
         <load_address>0x2062c</load_address>
         <run_address>0x2062c</run_address>
         <size>0x124</size>
         <input_file_ref idref="fl-2f"/>
      </object_component>
      <object_component id="oc-19d">
         <name>.debug_info</name>
         <load_address>0x20750</load_address>
         <run_address>0x20750</run_address>
         <size>0x132</size>
         <input_file_ref idref="fl-2f"/>
      </object_component>
      <object_component id="oc-197">
         <name>.debug_info</name>
         <load_address>0x20882</load_address>
         <run_address>0x20882</run_address>
         <size>0x136</size>
         <input_file_ref idref="fl-2f"/>
      </object_component>
      <object_component id="oc-b4">
         <name>.debug_info</name>
         <load_address>0x209b8</load_address>
         <run_address>0x209b8</run_address>
         <size>0x80a</size>
         <input_file_ref idref="fl-2f"/>
      </object_component>
      <object_component id="oc-4f">
         <name>.debug_info</name>
         <load_address>0x211c2</load_address>
         <run_address>0x211c2</run_address>
         <size>0x119</size>
         <input_file_ref idref="fl-e9"/>
      </object_component>
      <object_component id="oc-f8">
         <name>.debug_info</name>
         <load_address>0x212db</load_address>
         <run_address>0x212db</run_address>
         <size>0x147</size>
         <input_file_ref idref="fl-ea"/>
      </object_component>
      <object_component id="oc-1a0">
         <name>.debug_info</name>
         <load_address>0x21422</load_address>
         <run_address>0x21422</run_address>
         <size>0x142</size>
         <input_file_ref idref="fl-eb"/>
      </object_component>
      <object_component id="oc-f6">
         <name>.debug_info</name>
         <load_address>0x21564</load_address>
         <run_address>0x21564</run_address>
         <size>0x2d4</size>
         <input_file_ref idref="fl-ec"/>
      </object_component>
      <object_component id="oc-60">
         <name>.debug_info</name>
         <load_address>0x21838</load_address>
         <run_address>0x21838</run_address>
         <size>0x1b5</size>
         <input_file_ref idref="fl-ec"/>
      </object_component>
      <object_component id="oc-f1">
         <name>.debug_info</name>
         <load_address>0x219ed</load_address>
         <run_address>0x219ed</run_address>
         <size>0x46</size>
         <input_file_ref idref="fl-ec"/>
      </object_component>
      <object_component id="oc-57">
         <name>.debug_info</name>
         <load_address>0x21a33</load_address>
         <run_address>0x21a33</run_address>
         <size>0x2a8</size>
         <input_file_ref idref="fl-ed"/>
      </object_component>
      <object_component id="oc-1c">
         <name>.debug_info</name>
         <load_address>0x21cdb</load_address>
         <run_address>0x21cdb</run_address>
         <size>0x1ea</size>
         <input_file_ref idref="fl-ed"/>
      </object_component>
      <object_component id="oc-52">
         <name>.debug_info</name>
         <load_address>0x21ec5</load_address>
         <run_address>0x21ec5</run_address>
         <size>0x46</size>
         <input_file_ref idref="fl-ed"/>
      </object_component>
      <object_component id="oc-e9">
         <name>.debug_info</name>
         <load_address>0x21f0b</load_address>
         <run_address>0x21f0b</run_address>
         <size>0x2c</size>
         <input_file_ref idref="fl-ed"/>
      </object_component>
      <object_component id="oc-e7">
         <name>.debug_info</name>
         <load_address>0x21f37</load_address>
         <run_address>0x21f37</run_address>
         <size>0x29e</size>
         <input_file_ref idref="fl-ee"/>
      </object_component>
      <object_component id="oc-17">
         <name>.debug_info</name>
         <load_address>0x221d5</load_address>
         <run_address>0x221d5</run_address>
         <size>0x250</size>
         <input_file_ref idref="fl-ee"/>
      </object_component>
      <object_component id="oc-42">
         <name>.debug_info</name>
         <load_address>0x22425</load_address>
         <run_address>0x22425</run_address>
         <size>0x60</size>
         <input_file_ref idref="fl-ee"/>
      </object_component>
      <object_component id="oc-1c9">
         <name>.debug_info</name>
         <load_address>0x22485</load_address>
         <run_address>0x22485</run_address>
         <size>0x46</size>
         <input_file_ref idref="fl-ee"/>
      </object_component>
      <object_component id="oc-e2">
         <name>.debug_info</name>
         <load_address>0x224cb</load_address>
         <run_address>0x224cb</run_address>
         <size>0x39</size>
         <input_file_ref idref="fl-ee"/>
      </object_component>
      <object_component id="oc-25">
         <name>.debug_info</name>
         <load_address>0x22504</load_address>
         <run_address>0x22504</run_address>
         <size>0x10b</size>
         <input_file_ref idref="fl-ef"/>
      </object_component>
      <object_component id="oc-6b">
         <name>.debug_info</name>
         <load_address>0x2260f</load_address>
         <run_address>0x2260f</run_address>
         <size>0x1a9</size>
         <input_file_ref idref="fl-ef"/>
      </object_component>
      <object_component id="oc-297">
         <name>.debug_info</name>
         <load_address>0x227b8</load_address>
         <run_address>0x227b8</run_address>
         <size>0x115</size>
         <input_file_ref idref="fl-f0"/>
      </object_component>
      <object_component id="oc-2b9">
         <name>.debug_info</name>
         <load_address>0x228cd</load_address>
         <run_address>0x228cd</run_address>
         <size>0x4b3</size>
         <input_file_ref idref="fl-f1"/>
      </object_component>
      <object_component id="oc-1e6">
         <name>.debug_info</name>
         <load_address>0x22d80</load_address>
         <run_address>0x22d80</run_address>
         <size>0x1a6</size>
         <input_file_ref idref="fl-f1"/>
      </object_component>
      <object_component id="oc-30e">
         <name>.debug_info</name>
         <load_address>0x22f26</load_address>
         <run_address>0x22f26</run_address>
         <size>0x39</size>
         <input_file_ref idref="fl-f1"/>
      </object_component>
      <object_component id="oc-322">
         <name>.debug_info</name>
         <load_address>0x22f5f</load_address>
         <run_address>0x22f5f</run_address>
         <size>0x39</size>
         <input_file_ref idref="fl-f1"/>
      </object_component>
      <object_component id="oc-313">
         <name>.debug_info</name>
         <load_address>0x22f98</load_address>
         <run_address>0x22f98</run_address>
         <size>0x39</size>
         <input_file_ref idref="fl-f1"/>
      </object_component>
      <object_component id="oc-318">
         <name>.debug_info</name>
         <load_address>0x22fd1</load_address>
         <run_address>0x22fd1</run_address>
         <size>0xcd</size>
         <input_file_ref idref="fl-f1"/>
      </object_component>
      <object_component id="oc-fe">
         <name>.debug_info</name>
         <load_address>0x2309e</load_address>
         <run_address>0x2309e</run_address>
         <size>0x153</size>
         <input_file_ref idref="fl-f2"/>
      </object_component>
      <object_component id="oc-1dd">
         <name>.debug_info</name>
         <load_address>0x231f1</load_address>
         <run_address>0x231f1</run_address>
         <size>0x122</size>
         <input_file_ref idref="fl-f4"/>
      </object_component>
      <object_component id="oc-35e">
         <name>.debug_info</name>
         <load_address>0x23313</load_address>
         <run_address>0x23313</run_address>
         <size>0xeb</size>
      </object_component>
      <object_component id="oc-1b9">
         <name>.debug_line</name>
         <load_address>0x0</load_address>
         <run_address>0x0</run_address>
         <size>0x1ce</size>
         <input_file_ref idref="fl-2"/>
      </object_component>
      <object_component id="oc-1b7">
         <name>.debug_line</name>
         <load_address>0x1ce</load_address>
         <run_address>0x1ce</run_address>
         <size>0x2d</size>
         <input_file_ref idref="fl-2"/>
      </object_component>
      <object_component id="oc-3c">
         <name>.debug_line</name>
         <load_address>0x1fb</load_address>
         <run_address>0x1fb</run_address>
         <size>0x105</size>
         <input_file_ref idref="fl-2"/>
      </object_component>
      <object_component id="oc-148">
         <name>.debug_line</name>
         <load_address>0x300</load_address>
         <run_address>0x300</run_address>
         <size>0xb2</size>
         <input_file_ref idref="fl-2"/>
      </object_component>
      <object_component id="oc-db">
         <name>.debug_line</name>
         <load_address>0x3b2</load_address>
         <run_address>0x3b2</run_address>
         <size>0x6f</size>
         <input_file_ref idref="fl-2"/>
      </object_component>
      <object_component id="oc-e0">
         <name>.debug_line</name>
         <load_address>0x421</load_address>
         <run_address>0x421</run_address>
         <size>0xb6</size>
         <input_file_ref idref="fl-2"/>
      </object_component>
      <object_component id="oc-1bd">
         <name>.debug_line</name>
         <load_address>0x4d7</load_address>
         <run_address>0x4d7</run_address>
         <size>0xb3</size>
         <input_file_ref idref="fl-2"/>
      </object_component>
      <object_component id="oc-1c2">
         <name>.debug_line</name>
         <load_address>0x58a</load_address>
         <run_address>0x58a</run_address>
         <size>0xb4</size>
         <input_file_ref idref="fl-2"/>
      </object_component>
      <object_component id="oc-ca">
         <name>.debug_line</name>
         <load_address>0x63e</load_address>
         <run_address>0x63e</run_address>
         <size>0x20</size>
         <input_file_ref idref="fl-2"/>
      </object_component>
      <object_component id="oc-94">
         <name>.debug_line</name>
         <load_address>0x65e</load_address>
         <run_address>0x65e</run_address>
         <size>0xb6</size>
         <input_file_ref idref="fl-2"/>
      </object_component>
      <object_component id="oc-1c7">
         <name>.debug_line</name>
         <load_address>0x714</load_address>
         <run_address>0x714</run_address>
         <size>0x73</size>
         <input_file_ref idref="fl-2"/>
      </object_component>
      <object_component id="oc-159">
         <name>.debug_line</name>
         <load_address>0x787</load_address>
         <run_address>0x787</run_address>
         <size>0x6f</size>
         <input_file_ref idref="fl-2"/>
      </object_component>
      <object_component id="oc-cf">
         <name>.debug_line</name>
         <load_address>0x7f6</load_address>
         <run_address>0x7f6</run_address>
         <size>0x70</size>
         <input_file_ref idref="fl-2"/>
      </object_component>
      <object_component id="oc-d6">
         <name>.debug_line</name>
         <load_address>0x866</load_address>
         <run_address>0x866</run_address>
         <size>0x6b</size>
         <input_file_ref idref="fl-2"/>
      </object_component>
      <object_component id="oc-99">
         <name>.debug_line</name>
         <load_address>0x8d1</load_address>
         <run_address>0x8d1</run_address>
         <size>0xc5</size>
         <input_file_ref idref="fl-2"/>
      </object_component>
      <object_component id="oc-1ac">
         <name>.debug_line</name>
         <load_address>0x996</load_address>
         <run_address>0x996</run_address>
         <size>0x6b</size>
         <input_file_ref idref="fl-2"/>
      </object_component>
      <object_component id="oc-14d">
         <name>.debug_line</name>
         <load_address>0xa01</load_address>
         <run_address>0xa01</run_address>
         <size>0xb2</size>
         <input_file_ref idref="fl-2"/>
      </object_component>
      <object_component id="oc-d2">
         <name>.debug_line</name>
         <load_address>0xab3</load_address>
         <run_address>0xab3</run_address>
         <size>0x42</size>
         <input_file_ref idref="fl-3"/>
      </object_component>
      <object_component id="oc-3f">
         <name>.debug_line</name>
         <load_address>0xaf5</load_address>
         <run_address>0xaf5</run_address>
         <size>0x42</size>
         <input_file_ref idref="fl-3"/>
      </object_component>
      <object_component id="oc-2c">
         <name>.debug_line</name>
         <load_address>0xb37</load_address>
         <run_address>0xb37</run_address>
         <size>0xa2</size>
         <input_file_ref idref="fl-3"/>
      </object_component>
      <object_component id="oc-4a">
         <name>.debug_line</name>
         <load_address>0xbd9</load_address>
         <run_address>0xbd9</run_address>
         <size>0x20</size>
         <input_file_ref idref="fl-3"/>
      </object_component>
      <object_component id="oc-2ea">
         <name>.debug_line</name>
         <load_address>0xbf9</load_address>
         <run_address>0xbf9</run_address>
         <size>0x27f</size>
         <input_file_ref idref="fl-5"/>
      </object_component>
      <object_component id="oc-168">
         <name>.debug_line</name>
         <load_address>0xe78</load_address>
         <run_address>0xe78</run_address>
         <size>0x6b</size>
         <input_file_ref idref="fl-5"/>
      </object_component>
      <object_component id="oc-22b">
         <name>.debug_line</name>
         <load_address>0xee3</load_address>
         <run_address>0xee3</run_address>
         <size>0xb6</size>
         <input_file_ref idref="fl-5"/>
      </object_component>
      <object_component id="oc-2ee">
         <name>.debug_line</name>
         <load_address>0xf99</load_address>
         <run_address>0xf99</run_address>
         <size>0x3e</size>
         <input_file_ref idref="fl-5"/>
      </object_component>
      <object_component id="oc-2f3">
         <name>.debug_line</name>
         <load_address>0xfd7</load_address>
         <run_address>0xfd7</run_address>
         <size>0xba</size>
         <input_file_ref idref="fl-5"/>
      </object_component>
      <object_component id="oc-21c">
         <name>.debug_line</name>
         <load_address>0x1091</load_address>
         <run_address>0x1091</run_address>
         <size>0xb4</size>
         <input_file_ref idref="fl-5"/>
      </object_component>
      <object_component id="oc-2de">
         <name>.debug_line</name>
         <load_address>0x1145</load_address>
         <run_address>0x1145</run_address>
         <size>0x20</size>
         <input_file_ref idref="fl-6"/>
      </object_component>
      <object_component id="oc-123">
         <name>.debug_line</name>
         <load_address>0x1165</load_address>
         <run_address>0x1165</run_address>
         <size>0xe8</size>
         <input_file_ref idref="fl-6"/>
      </object_component>
      <object_component id="oc-26a">
         <name>.debug_line</name>
         <load_address>0x124d</load_address>
         <run_address>0x124d</run_address>
         <size>0x296</size>
         <input_file_ref idref="fl-7"/>
      </object_component>
      <object_component id="oc-a5">
         <name>.debug_line</name>
         <load_address>0x14e3</load_address>
         <run_address>0x14e3</run_address>
         <size>0x86d</size>
         <input_file_ref idref="fl-7"/>
      </object_component>
      <object_component id="oc-26e">
         <name>.debug_line</name>
         <load_address>0x1d50</load_address>
         <run_address>0x1d50</run_address>
         <size>0x37</size>
         <input_file_ref idref="fl-7"/>
      </object_component>
      <object_component id="oc-163">
         <name>.debug_line</name>
         <load_address>0x1d87</load_address>
         <run_address>0x1d87</run_address>
         <size>0xb3</size>
         <input_file_ref idref="fl-7"/>
      </object_component>
      <object_component id="oc-221">
         <name>.debug_line</name>
         <load_address>0x1e3a</load_address>
         <run_address>0x1e3a</run_address>
         <size>0x74</size>
         <input_file_ref idref="fl-7"/>
      </object_component>
      <object_component id="oc-1d3">
         <name>.debug_line</name>
         <load_address>0x1eae</load_address>
         <run_address>0x1eae</run_address>
         <size>0x6b</size>
         <input_file_ref idref="fl-8"/>
      </object_component>
      <object_component id="oc-218">
         <name>.debug_line</name>
         <load_address>0x1f19</load_address>
         <run_address>0x1f19</run_address>
         <size>0x2cc</size>
         <input_file_ref idref="fl-9"/>
      </object_component>
      <object_component id="oc-110">
         <name>.debug_line</name>
         <load_address>0x21e5</load_address>
         <run_address>0x21e5</run_address>
         <size>0x37</size>
         <input_file_ref idref="fl-9"/>
      </object_component>
      <object_component id="oc-23e">
         <name>.debug_line</name>
         <load_address>0x221c</load_address>
         <run_address>0x221c</run_address>
         <size>0x37</size>
         <input_file_ref idref="fl-9"/>
      </object_component>
      <object_component id="oc-260">
         <name>.debug_line</name>
         <load_address>0x2253</load_address>
         <run_address>0x2253</run_address>
         <size>0x37</size>
         <input_file_ref idref="fl-9"/>
      </object_component>
      <object_component id="oc-262">
         <name>.debug_line</name>
         <load_address>0x228a</load_address>
         <run_address>0x228a</run_address>
         <size>0x37</size>
         <input_file_ref idref="fl-9"/>
      </object_component>
      <object_component id="oc-242">
         <name>.debug_line</name>
         <load_address>0x22c1</load_address>
         <run_address>0x22c1</run_address>
         <size>0x37</size>
         <input_file_ref idref="fl-9"/>
      </object_component>
      <object_component id="oc-25e">
         <name>.debug_line</name>
         <load_address>0x22f8</load_address>
         <run_address>0x22f8</run_address>
         <size>0x37</size>
         <input_file_ref idref="fl-9"/>
      </object_component>
      <object_component id="oc-240">
         <name>.debug_line</name>
         <load_address>0x232f</load_address>
         <run_address>0x232f</run_address>
         <size>0x37</size>
         <input_file_ref idref="fl-9"/>
      </object_component>
      <object_component id="oc-244">
         <name>.debug_line</name>
         <load_address>0x2366</load_address>
         <run_address>0x2366</run_address>
         <size>0x37</size>
         <input_file_ref idref="fl-9"/>
      </object_component>
      <object_component id="oc-87">
         <name>.debug_line</name>
         <load_address>0x239d</load_address>
         <run_address>0x239d</run_address>
         <size>0xc41</size>
         <input_file_ref idref="fl-9"/>
      </object_component>
      <object_component id="oc-115">
         <name>.debug_line</name>
         <load_address>0x2fde</load_address>
         <run_address>0x2fde</run_address>
         <size>0xb2</size>
         <input_file_ref idref="fl-9"/>
      </object_component>
      <object_component id="oc-226">
         <name>.debug_line</name>
         <load_address>0x3090</load_address>
         <run_address>0x3090</run_address>
         <size>0x37</size>
         <input_file_ref idref="fl-9"/>
      </object_component>
      <object_component id="oc-2e8">
         <name>.debug_line</name>
         <load_address>0x30c7</load_address>
         <run_address>0x30c7</run_address>
         <size>0x312</size>
         <input_file_ref idref="fl-a"/>
      </object_component>
      <object_component id="oc-2e4">
         <name>.debug_line</name>
         <load_address>0x33d9</load_address>
         <run_address>0x33d9</run_address>
         <size>0x38</size>
         <input_file_ref idref="fl-a"/>
      </object_component>
      <object_component id="oc-2e6">
         <name>.debug_line</name>
         <load_address>0x3411</load_address>
         <run_address>0x3411</run_address>
         <size>0x38</size>
         <input_file_ref idref="fl-a"/>
      </object_component>
      <object_component id="oc-2e2">
         <name>.debug_line</name>
         <load_address>0x3449</load_address>
         <run_address>0x3449</run_address>
         <size>0x38</size>
         <input_file_ref idref="fl-a"/>
      </object_component>
      <object_component id="oc-2e0">
         <name>.debug_line</name>
         <load_address>0x3481</load_address>
         <run_address>0x3481</run_address>
         <size>0x38</size>
         <input_file_ref idref="fl-a"/>
      </object_component>
      <object_component id="oc-133">
         <name>.debug_line</name>
         <load_address>0x34b9</load_address>
         <run_address>0x34b9</run_address>
         <size>0x464</size>
         <input_file_ref idref="fl-a"/>
      </object_component>
      <object_component id="oc-25b">
         <name>.debug_line</name>
         <load_address>0x391d</load_address>
         <run_address>0x391d</run_address>
         <size>0x38</size>
         <input_file_ref idref="fl-a"/>
      </object_component>
      <object_component id="oc-255">
         <name>.debug_line</name>
         <load_address>0x3955</load_address>
         <run_address>0x3955</run_address>
         <size>0xb4</size>
         <input_file_ref idref="fl-a"/>
      </object_component>
      <object_component id="oc-144">
         <name>.debug_line</name>
         <load_address>0x3a09</load_address>
         <run_address>0x3a09</run_address>
         <size>0xde</size>
         <input_file_ref idref="fl-b"/>
      </object_component>
      <object_component id="oc-118">
         <name>.debug_line</name>
         <load_address>0x3ae7</load_address>
         <run_address>0x3ae7</run_address>
         <size>0x4c</size>
         <input_file_ref idref="fl-b"/>
      </object_component>
      <object_component id="oc-142">
         <name>.debug_line</name>
         <load_address>0x3b33</load_address>
         <run_address>0x3b33</run_address>
         <size>0x4c</size>
         <input_file_ref idref="fl-b"/>
      </object_component>
      <object_component id="oc-36">
         <name>.debug_line</name>
         <load_address>0x3b7f</load_address>
         <run_address>0x3b7f</run_address>
         <size>0x14e</size>
         <input_file_ref idref="fl-b"/>
      </object_component>
      <object_component id="oc-31">
         <name>.debug_line</name>
         <load_address>0x3ccd</load_address>
         <run_address>0x3ccd</run_address>
         <size>0xe1</size>
[...]
      <symbol id="sm-92d">
         <name>SysCtlLDODeepSleepGet</name>
         <value>0x2553</value>
         <object_component_ref idref="oc-a7"/>
      </symbol>
      <symbol id="sm-92e">
         <name>SysCtlFlashSectorSizeGet</name>
         <value>0x1e99</value>
         <object_component_ref idref="oc-a7"/>
      </symbol>
      <symbol id="sm-92f">
         <name>SysCtlIntDisable</name>
         <value>0x2469</value>
         <object_component_ref idref="oc-a7"/>
      </symbol>
      <symbol id="sm-930">
         <name>SysCtlResetBehaviorGet</name>
         <value>0x2639</value>
         <object_component_ref idref="oc-a7"/>
      </symbol>
      <symbol id="sm-931">
         <name>SysCtlPeripheralPresent</name>
         <value>0x1ef9</value>
         <object_component_ref idref="oc-a7"/>
      </symbol>
      <symbol id="sm-932">
         <name>SysCtlDeepSleepClockSet</name>
         <value>0x2d69</value>
         <object_component_ref idref="oc-a7"/>
      </symbol>
      <symbol id="sm-933">
         <name>SysCtlClockSet</name>
         <value>0x29d5</value>
         <object_component_ref idref="oc-a7"/>
      </symbol>
      <symbol id="sm-934">
         <name>SysCtlAltClkConfig</name>
         <value>0x305d</value>
         <object_component_ref idref="oc-a7"/>
      </symbol>
      <symbol id="sm-935">
         <name>SysCtlPeripheralClockGating</name>
         <value>0x23dd</value>
         <object_component_ref idref="oc-a7"/>
      </symbol>
      <symbol id="sm-936">
         <name>SysCtlIntStatus</name>
         <value>0x2491</value>
         <object_component_ref idref="oc-a7"/>
      </symbol>
      <symbol id="sm-937">
         <name>SysCtlIntClear</name>
         <value>0x2481</value>
         <object_component_ref idref="oc-a7"/>
      </symbol>
      <symbol id="sm-938">
         <name>SysCtlVoltageEventStatus</name>
         <value>0x2feb</value>
         <object_component_ref idref="oc-a7"/>
      </symbol>
      <symbol id="sm-939">
         <name>SysCtlVoltageEventConfig</name>
         <value>0x2fdb</value>
         <object_component_ref idref="oc-a7"/>
      </symbol>
      <symbol id="sm-93a">
         <name>SysCtlResetCauseGet</name>
         <value>0x25a9</value>
         <object_component_ref idref="oc-a7"/>
      </symbol>
      <symbol id="sm-93b">
         <name>SysCtlSleep</name>
         <value>0x2585</value>
         <object_component_ref idref="oc-a7"/>
      </symbol>
      <symbol id="sm-93c">
         <name>SysCtlPWMClockGet</name>
         <value>0x2e9d</value>
         <object_component_ref idref="oc-a7"/>
      </symbol>
      <symbol id="sm-93d">
         <name>SysCtlDeepSleepPowerSet</name>
         <value>0x256d</value>
         <object_component_ref idref="oc-a7"/>
      </symbol>
      <symbol id="sm-93e">
         <name>SysCtlClockOutConfig</name>
         <value>0x3025</value>
         <object_component_ref idref="oc-a7"/>
      </symbol>
      <symbol id="sm-93f">
         <name>SysCtlNMIStatus</name>
         <value>0x3005</value>
         <object_component_ref idref="oc-a7"/>
      </symbol>
      <symbol id="sm-940">
         <name>SysCtlDeepSleepClockConfigSet</name>
         <value>0x2d85</value>
         <object_component_ref idref="oc-a7"/>
      </symbol>
      <symbol id="sm-941">
         <name>SysCtlDelay</name>
         <value>0x79a7</value>
         <object_component_ref idref="oc-17c"/>
      </symbol>
      <symbol id="sm-942">
         <name>SysCtlVoltageEventClear</name>
         <value>0x2ff1</value>
         <object_component_ref idref="oc-a7"/>
      </symbol>
      <symbol id="sm-943">
         <name>SysCtlLDOSleepSet</name>
         <value>0x24ad</value>
         <object_component_ref idref="oc-a7"/>
      </symbol>
      <symbol id="sm-944">
         <name>SysCtlMOSCConfigSet</name>
         <value>0x25c9</value>
         <object_component_ref idref="oc-a7"/>
      </symbol>
      <symbol id="sm-945">
         <name>SysCtlPeripheralEnable</name>
         <value>0x21e1</value>
         <object_component_ref idref="oc-a7"/>
      </symbol>
      <symbol id="sm-946">
         <name>SysCtlIntEnable</name>
         <value>0x2455</value>
         <object_component_ref idref="oc-a7"/>
      </symbol>
      <symbol id="sm-947">
         <name>SysCtlNMIClear</name>
         <value>0x300b</value>
         <object_component_ref idref="oc-a7"/>
      </symbol>
      <symbol id="sm-948">
         <name>SysCtlPeripheralPowerOff</name>
         <value>0x2091</value>
         <object_component_ref idref="oc-a7"/>
      </symbol>
      <symbol id="sm-949">
         <name>SysCtlSleepPowerSet</name>
         <value>0x255d</value>
         <object_component_ref idref="oc-a7"/>
      </symbol>
      <symbol id="sm-94a">
         <name>SysCtlDeepSleep</name>
         <value>0x258d</value>
         <object_component_ref idref="oc-a7"/>
      </symbol>
      <symbol id="sm-94b">
         <name>SysCtlLDODeepSleepSet</name>
         <value>0x2505</value>
         <object_component_ref idref="oc-a7"/>
      </symbol>
      <symbol id="sm-94c">
         <name>SysCtlPeripheralPowerOn</name>
         <value>0x200d</value>
         <object_component_ref idref="oc-a7"/>
      </symbol>
      <symbol id="sm-94d">
         <name>SysCtlPeripheralDeepSleepDisable</name>
         <value>0x238f</value>
         <object_component_ref idref="oc-a7"/>
      </symbol>
      <symbol id="sm-94e">
         <name>SysCtlPeripheralSleepDisable</name>
         <value>0x22ed</value>
         <object_component_ref idref="oc-a7"/>
      </symbol>
      <symbol id="sm-94f">
         <name>SysCtlResetBehaviorSet</name>
         <value>0x2629</value>
         <object_component_ref idref="oc-a7"/>
      </symbol>
      <symbol id="sm-950">
         <name>SysCtlReset</name>
         <value>0x257d</value>
         <object_component_ref idref="oc-a7"/>
      </symbol>
      <symbol id="sm-951">
         <name>SysCtlGPIOAHBDisable</name>
         <value>0x2f59</value>
         <object_component_ref idref="oc-a7"/>
      </symbol>
      <symbol id="sm-952">
         <name>SysCtlSRAMSizeGet</name>
         <value>0x1e63</value>
         <object_component_ref idref="oc-a7"/>
      </symbol>
      <symbol id="sm-953">
         <name>SysCtlClockGet</name>
         <value>0x2ba1</value>
         <object_component_ref idref="oc-a7"/>
      </symbol>
      <symbol id="sm-954">
         <name>SysCtlPeripheralDisable</name>
         <value>0x224d</value>
         <object_component_ref idref="oc-a7"/>
      </symbol>
      <symbol id="sm-955">
         <name>SysCtlPWMClockSet</name>
         <value>0x2e31</value>
         <object_component_ref idref="oc-a7"/>
      </symbol>
      <symbol id="sm-956">
         <name>SysCtlUSBPLLEnable</name>
         <value>0x2fc3</value>
         <object_component_ref idref="oc-a7"/>
      </symbol>
      <symbol id="sm-957">
         <name>SysCtlPeripheralSleepEnable</name>
         <value>0x229b</value>
         <object_component_ref idref="oc-a7"/>
      </symbol>
      <symbol id="sm-958">
         <name>SysCtlIntUnregister</name>
         <value>0x2445</value>
         <object_component_ref idref="oc-a7"/>
      </symbol>
      <symbol id="sm-959">
         <name>SysCtlUSBPLLDisable</name>
         <value>0x2fcf</value>
         <object_component_ref idref="oc-a7"/>
      </symbol>
      <symbol id="sm-95a">
         <name>SysCtlPeripheralReady</name>
         <value>0x1f85</value>
         <object_component_ref idref="oc-a7"/>
      </symbol>
      <symbol id="sm-95b">
         <name>SysCtlPIOSCCalibrate</name>
         <value>0x25d9</value>
         <object_component_ref idref="oc-a7"/>
      </symbol>
      <symbol id="sm-95c">
         <name>SysCtlResetCauseClear</name>
         <value>0x25b5</value>
         <object_component_ref idref="oc-a7"/>
      </symbol>
      <symbol id="sm-95d">
         <name>SysCtlLDOSleepGet</name>
         <value>0x24fb</value>
         <object_component_ref idref="oc-a7"/>
      </symbol>
      <symbol id="sm-95e">
         <name>SysCtlClockFreqSet</name>
         <value>0x26a5</value>
         <object_component_ref idref="oc-a7"/>
      </symbol>
      <symbol id="sm-95f">
         <name>SysCtlPeripheralReset</name>
         <value>0x213d</value>
         <object_component_ref idref="oc-a7"/>
      </symbol>
      <symbol id="sm-a34">
         <name>TimerMatchSet</name>
         <value>0x5891</value>
         <object_component_ref idref="oc-9b"/>
      </symbol>
      <symbol id="sm-a35">
         <name>TimerLoadSet</name>
         <value>0x56f9</value>
         <object_component_ref idref="oc-9b"/>
      </symbol>
      <symbol id="sm-a36">
         <name>TimerDMAEventSet</name>
         <value>0x5b51</value>
         <object_component_ref idref="oc-9b"/>
      </symbol>
      <symbol id="sm-a37">
         <name>TimerADCEventSet</name>
         <value>0x5b15</value>
         <object_component_ref idref="oc-9b"/>
      </symbol>
      <symbol id="sm-a38">
         <name>TimerPrescaleMatchGet</name>
         <value>0x56ad</value>
         <object_component_ref idref="oc-9b"/>
      </symbol>
      <symbol id="sm-a39">
         <name>TimerPrescaleGet</name>
         <value>0x55f7</value>
         <object_component_ref idref="oc-9b"/>
      </symbol>
      <symbol id="sm-a3a">
         <name>TimerControlLevel</name>
         <value>0x5265</value>
         <object_component_ref idref="oc-9b"/>
      </symbol>
      <symbol id="sm-a3b">
         <name>TimerDisable</name>
         <value>0x504d</value>
         <object_component_ref idref="oc-9b"/>
      </symbol>
      <symbol id="sm-a3c">
         <name>TimerUpdateMode</name>
         <value>0x5b8d</value>
         <object_component_ref idref="oc-9b"/>
      </symbol>
      <symbol id="sm-a3d">
         <name>TimerIntRegister</name>
         <value>0x599b</value>
         <object_component_ref idref="oc-9b"/>
      </symbol>
      <symbol id="sm-a3e">
         <name>TimerMatchSet64</name>
         <value>0x592d</value>
         <object_component_ref idref="oc-9b"/>
      </symbol>
      <symbol id="sm-a3f">
         <name>TimerEnable</name>
         <value>0x5003</value>
         <object_component_ref idref="oc-9b"/>
      </symbol>
      <symbol id="sm-a40">
         <name>TimerLoadGet64</name>
         <value>0x57bd</value>
         <object_component_ref idref="oc-9b"/>
      </symbol>
      <symbol id="sm-a41">
         <name>TimerIntUnregister</name>
         <value>0x5a05</value>
         <object_component_ref idref="oc-9b"/>
      </symbol>
      <symbol id="sm-a42">
         <name>TimerValueGet64</name>
         <value>0x584b</value>
         <object_component_ref idref="oc-9b"/>
      </symbol>
      <symbol id="sm-a43">
         <name>TimerMatchGet</name>
         <value>0x58eb</value>
         <object_component_ref idref="oc-9b"/>
      </symbol>
      <symbol id="sm-a44">
         <name>TimerIntStatus</name>
         <value>0x5aa9</value>
         <object_component_ref idref="oc-9b"/>
      </symbol>
      <symbol id="sm-a45">
         <name>TimerClockSourceGet</name>
         <value>0x555f</value>
         <object_component_ref idref="oc-9b"/>
      </symbol>
      <symbol id="sm-a46">
         <name>TimerIntDisable</name>
         <value>0x5a7d</value>
         <object_component_ref idref="oc-9b"/>
      </symbol>
      <symbol id="sm-a47">
         <name>TimerValueGet</name>
         <value>0x5809</value>
         <object_component_ref idref="oc-9b"/>
      </symbol>
      <symbol id="sm-a48">
         <name>TimerControlTrigger</name>
         <value>0x52e3</value>
         <object_component_ref idref="oc-9b"/>
      </symbol>
      <symbol id="sm-a49">
         <name>TimerPrescaleSet</name>
         <value>0x558d</value>
         <object_component_ref idref="oc-9b"/>
      </symbol>
      <symbol id="sm-a4a">
         <name>TimerControlStall</name>
         <value>0x53e5</value>
         <object_component_ref idref="oc-9b"/>
      </symbol>
      <symbol id="sm-a4b">
         <name>TimerMatchGet64</name>
         <value>0x5955</value>
         <object_component_ref idref="oc-9b"/>
      </symbol>
      <symbol id="sm-a4c">
         <name>TimerRTCEnable</name>
         <value>0x54e1</value>
         <object_component_ref idref="oc-9b"/>
      </symbol>
      <symbol id="sm-a4d">
         <name>TimerLoadGet</name>
         <value>0x5753</value>
         <object_component_ref idref="oc-9b"/>
      </symbol>
      <symbol id="sm-a4e">
         <name>TimerIntEnable</name>
         <value>0x5a57</value>
         <object_component_ref idref="oc-9b"/>
      </symbol>
      <symbol id="sm-a4f">
         <name>TimerClockSourceSet</name>
         <value>0x5529</value>
         <object_component_ref idref="oc-9b"/>
      </symbol>
      <symbol id="sm-a50">
         <name>TimerLoadSet64</name>
         <value>0x5795</value>
         <object_component_ref idref="oc-9b"/>
      </symbol>
      <symbol id="sm-a51">
         <name>TimerDMAEventGet</name>
         <value>0x5b71</value>
         <object_component_ref idref="oc-9b"/>
      </symbol>
      <symbol id="sm-a52">
         <name>TimerRTCDisable</name>
         <value>0x5505</value>
         <object_component_ref idref="oc-9b"/>
      </symbol>
      <symbol id="sm-a53">
         <name>TimerADCEventGet</name>
         <value>0x5b35</value>
         <object_component_ref idref="oc-9b"/>
      </symbol>
      <symbol id="sm-a54">
         <name>TimerPrescaleMatchSet</name>
         <value>0x5643</value>
         <object_component_ref idref="oc-9b"/>
      </symbol>
      <symbol id="sm-a55">
         <name>TimerControlWaitOnTrigger</name>
         <value>0x5451</value>
         <object_component_ref idref="oc-9b"/>
      </symbol>
      <symbol id="sm-a56">
         <name>TimerConfigure</name>
         <value>0x50c9</value>
         <object_component_ref idref="oc-9b"/>
      </symbol>
      <symbol id="sm-a57">
         <name>TimerControlEvent</name>
         <value>0x5387</value>
         <object_component_ref idref="oc-9b"/>
      </symbol>
      <symbol id="sm-a58">
         <name>TimerIntClear</name>
         <value>0x5ad5</value>
         <object_component_ref idref="oc-9b"/>
      </symbol>
      <symbol id="sm-a59">
         <name>TimerSynchronize</name>
         <value>0x5af5</value>
         <object_component_ref idref="oc-9b"/>
      </symbol>
      <symbol id="sm-a96">
         <name>LEDWrite</name>
         <value>0x6dfb</value>
         <object_component_ref idref="oc-b9"/>
      </symbol>
      <symbol id="sm-a97">
         <name>LEDRead</name>
         <value>0x6e8b</value>
         <object_component_ref idref="oc-b9"/>
      </symbol>
      <symbol id="sm-a98">
         <name>PinoutSet</name>
         <value>0x6c29</value>
         <object_component_ref idref="oc-b9"/>
      </symbol>
      <symbol id="sm-b12">
         <name>UARTgetc</name>
         <value>0x6409</value>
         <object_component_ref idref="oc-b3"/>
      </symbol>
      <symbol id="sm-b13">
         <name>UARTgets</name>
         <value>0x6317</value>
         <object_component_ref idref="oc-b3"/>
      </symbol>
      <symbol id="sm-b14">
         <name>UARTStdioConfig</name>
         <value>0x622d</value>
         <object_component_ref idref="oc-b3"/>
      </symbol>
      <symbol id="sm-b15">
         <name>UARTwrite</name>
         <value>0x62a7</value>
         <object_component_ref idref="oc-b3"/>
      </symbol>
      <symbol id="sm-b16">
         <name>UARTprintf</name>
         <value>0x6763</value>
         <object_component_ref idref="oc-b3"/>
      </symbol>
      <symbol id="sm-b17">
         <name>UARTvprintf</name>
         <value>0x643d</value>
         <object_component_ref idref="oc-b3"/>
      </symbol>
      <symbol id="sm-b32">
         <name>memcpy</name>
         <value>0x770b</value>
         <object_component_ref idref="oc-4c"/>
      </symbol>
      <symbol id="sm-b33">
         <name>__aeabi_memcpy</name>
         <value>0x770b</value>
         <object_component_ref idref="oc-4c"/>
      </symbol>
      <symbol id="sm-b34">
         <name>__aeabi_memcpy8</name>
         <value>0x770b</value>
         <object_component_ref idref="oc-4c"/>
      </symbol>
      <symbol id="sm-b35">
         <name>__aeabi_memcpy4</name>
         <value>0x770b</value>
         <object_component_ref idref="oc-4c"/>
      </symbol>
      <symbol id="sm-b44">
         <name>__aeabi_memset</name>
         <value>0x77a9</value>
         <object_component_ref idref="oc-f7"/>
      </symbol>
      <symbol id="sm-b45">
         <name>memset</name>
         <value>0x77af</value>
         <object_component_ref idref="oc-f7"/>
      </symbol>
      <symbol id="sm-b46">
         <name>__aeabi_memset8</name>
         <value>0x77a9</value>
         <object_component_ref idref="oc-f7"/>
      </symbol>
      <symbol id="sm-b47">
         <name>__aeabi_memset4</name>
         <value>0x77a9</value>
         <object_component_ref idref="oc-f7"/>
      </symbol>
      <symbol id="sm-b48">
         <name>__aeabi_memclr8</name>
         <value>0x77a7</value>
         <object_component_ref idref="oc-f7"/>
      </symbol>
      <symbol id="sm-b49">
         <name>__aeabi_memclr4</name>
         <value>0x77a7</value>
         <object_component_ref idref="oc-f7"/>
      </symbol>
      <symbol id="sm-b4a">
         <name>__aeabi_memclr</name>
         <value>0x77a7</value>
         <object_component_ref idref="oc-f7"/>
      </symbol>
      <symbol id="sm-b59">
         <name>__aeabi_uidivmod</name>
         <value>0x78cd</value>
         <object_component_ref idref="oc-19f"/>
      </symbol>
      <symbol id="sm-b5a">
         <name>__aeabi_uidiv</name>
         <value>0x78cd</value>
         <object_component_ref idref="oc-19f"/>
      </symbol>
      <symbol id="sm-b6c">
         <name>__TI_zero_init</name>
         <value>0x798f</value>
         <object_component_ref idref="oc-5e"/>
      </symbol>
      <symbol id="sm-b83">
         <name>__TI_decompress_none</name>
         <value>0x7981</value>
         <object_component_ref idref="oc-1b"/>
      </symbol>
      <symbol id="sm-ba6">
         <name>__TI_decompress_lzss</name>
         <value>0x7821</value>
         <object_component_ref idref="oc-15"/>
      </symbol>
      <symbol id="sm-bb9">
         <name>__stack</name>
         <value>0x2000c718</value>
         <object_component_ref idref="oc-24"/>
      </symbol>
      <symbol id="sm-bba">
         <name>_c_int00_noargs</name>
         <value>0x794d</value>
         <object_component_ref idref="oc-6a"/>
      </symbol>
      <symbol id="sm-bc4">
         <name>__aeabi_idiv0</name>
         <value>0x762f</value>
         <object_component_ref idref="oc-296"/>
      </symbol>
      <symbol id="sm-bc5">
         <name>__aeabi_ldiv0</name>
         <value>0x762f</value>
         <object_component_ref idref="oc-296"/>
      </symbol>
      <symbol id="sm-bed">
         <name>__TI_auto_init_nobinit_nopinit</name>
         <value>0x7889</value>
         <object_component_ref idref="oc-1e5"/>
      </symbol>
      <symbol id="sm-bf7">
         <name>_system_pre_init</name>
         <value>0x79ad</value>
         <object_component_ref idref="oc-fd"/>
      </symbol>
      <symbol id="sm-c03">
         <name>C$$EXIT</name>
         <value>0x79b1</value>
         <object_component_ref idref="oc-1d9"/>
      </symbol>
      <symbol id="sm-c04">
         <name>abort</name>
         <value>0x79b1</value>
         <object_component_ref idref="oc-1d9"/>
      </symbol>
      <symbol id="sm-c07">
         <name>__TI_static_base__</name>
         <value>0x0</value>
      </symbol>
      <symbol id="sm-c0a">
         <name>__mpu_init</name>
         <value>0x0</value>
      </symbol>
      <symbol id="sm-c0b">
         <name>_system_post_cinit</name>
         <value>0x0</value>
      </symbol>
   </symbol_table>
   <title>Link successful</title>
</link_info>
