******************************************************************************
                  TI ARM Linker PC v20.2.7                     
******************************************************************************
>> Linked Sat Apr 22 18:56:46 2023

OUTPUT FILE NAME:   <Final_project_WCET_estimate.out>
ENTRY POINT SYMBOL: "_c_int00_noargs"  address: 0000794d


MEMORY CONFIGURATION

         name            origin    length      used     unused   attr    fill
----------------------  --------  ---------  --------  --------  ----  --------
  FLASH                 00000000   00100000  00007fb0  000f8050  R  X
  SRAM                  20000000   00040000  0000c97c  00033684  RW X


SEGMENT ALLOCATION MAP

run origin  load origin   length   init length attrs members
----------  ----------- ---------- ----------- ----- -------
00000000    00000000    00007fb0   00007fb0    r-x
  00000000    00000000    00000208   00000208    r-- .intvecs
  00000208    00000208    000077ac   000077ac    r-x .text
  000079b4    000079b4    000005b4   000005b4    r-- .const
  00007f68    00007f68    00000048   00000048    r-- .cinit
20000000    20000000    0000c980   00000000    rw-
  20000000    20000000    0000026c   00000000    rw- .vtable
  2000026c    2000026c    0000c4a8   00000000    rw- .bss
  2000c718    2000c718    00000200   00000000    rw- .stack
  2000c918    2000c918    00000068   00000000    rw- .data


SECTION ALLOCATION MAP

 output                                  attributes/
section   page    origin      length       input sections
--------  ----  ----------  ----------   ----------------
.intvecs   0    00000000    00000208     
                  00000000    00000208     tm4c1294ncpdt_startup_ccs.obj (.intvecs)

.text      0    00000208    000077ac     
                  00000208    000018e0     tasks.obj (.text)
                  00001ae8    000015cc     sysctl.obj (.text)
                  000030b4    0000114c     gpio.obj (.text)
                  00004200    00000d20     queue.obj (.text)
                  00004f20    00000cc8     timer.obj (.text)
                  00005be8    00000644     timers.obj (.text)
                  0000622c    0000056c     uartstdio.obj (.text)
                  00006798    00000490     interrupt.obj (.text)
                  00006c28    00000324     pinout.obj (.text)
                  00006f4c    000002c4     main.obj (.text)
                  00007210    000001b8     heap_2.obj (.text)
                  000073c8    0000013c     port.obj (.text)
                  00007504    0000012a     list.obj (.text)
                  0000762e    00000002     rtsv7M4_T_le_v4SPD16_eabi.lib : div0.asm.obj (.text)
                  00007630    000000da     portasm.obj (.text)
                  0000770a    0000009c     rtsv7M4_T_le_v4SPD16_eabi.lib : memcpy_t2.asm.obj (.text)
                  000077a6    0000007a                                   : memset_t2.asm.obj (.text)
                  00007820    00000068                                   : copy_decompress_lzss.c.obj (.text:decompress:lzss:__TI_decompress_lzss)
                  00007888    00000044                                   : autoinit.c.obj (.text:__TI_auto_init_nobinit_nopinit:__TI_auto_init_nobinit_nopinit)
                  000078cc    00000040                                   : u_divt2.asm.obj (.text)
                  0000790c    0000003e     cpu.obj (.text)
                  0000794a    00000002     --HOLE-- [fill = 0]
                  0000794c    00000034     rtsv7M4_T_le_v4SPD16_eabi.lib : boot_cortex_m.c.obj (.text:_c_int00_noargs:_c_int00_noargs)
                  00007980    0000000e                                   : copy_decompress_none.c.obj (.text:decompress:none:__TI_decompress_none)
                  0000798e    0000000c                                   : copy_zero_init.c.obj (.text:decompress:ZI:__TI_zero_init)
                  0000799a    0000000c     tm4c1294ncpdt_startup_ccs.obj (.text)
                  000079a6    00000006     sysctl.obj (.text:SysCtlDelay)
                  000079ac    00000004     rtsv7M4_T_le_v4SPD16_eabi.lib : pre_init.c.obj (.text:_system_pre_init)
                  000079b0    00000004                                   : exit.c.obj (.text:abort:abort)

.const     0    000079b4    000005b4     
                  000079b4    00000120     sysctl.obj (.const:g_pppui32XTALtoVCO)
                  00007ad4    000000c0     gpio.obj (.const:g_ppui32GPIOIntMapBlizzard)
                  00007b94    000000c0     gpio.obj (.const:g_ppui32GPIOIntMapSnowflake)
                  00007c54    0000009c     interrupt.obj (.const:g_pui32Regs)
                  00007cf0    00000090     gpio.obj (.const:g_pui32GPIOBaseAddrs)
                  00007d80    0000006c     sysctl.obj (.const:g_pui32Xtals)
                  00007dec    00000060     timer.obj (.const:g_ppui32TimerIntMap)
                  00007e4c    00000040     timer.obj (.const:g_ppui32TimerIntMapSnowflake)
                  00007e8c    00000030     sysctl.obj (.const:g_sXTALtoMEMTIM)
                  00007ebc    00000020     interrupt.obj (.const:g_pui32Priority)
                  00007edc    00000014     interrupt.obj (.const:g_pui32Dii16Regs)
                  00007ef0    00000014     interrupt.obj (.const:g_pui32EnRegs)
                  00007f04    00000014     interrupt.obj (.const:g_pui32PendRegs)
                  00007f18    00000014     interrupt.obj (.const:g_pui32UnpendRegs)
                  00007f2c    00000012     uartstdio.obj (.const:.string)
                  00007f3e    00000002     --HOLE-- [fill = 0]
                  00007f40    0000000c     uartstdio.obj (.const:g_ui32UARTBase)
                  00007f4c    0000000c     uartstdio.obj (.const:g_ui32UARTPeriph)
                  00007f58    00000008     sysctl.obj (.const:g_pui32VCOFrequencies)
                  00007f60    00000004     port.obj (.const)
                  00007f64    00000004     uartstdio.obj (.const)

.cinit     0    00007f68    00000048     
                  00007f68    0000000f     (.cinit..data.load) [load image, compression = lzss]
                  00007f77    00000001     --HOLE-- [fill = 0]
                  00007f78    0000000c     (__TI_handler_table)
                  00007f84    00000004     --HOLE-- [fill = 0]
                  00007f88    00000008     (.cinit..bss.load) [load image, compression = zero_init]
                  00007f90    00000008     (.cinit..vtable.load) [load image, compression = zero_init]
                  00007f98    00000018     (__TI_cinit_table)

.init_array 
*          0    00000000    00000000     UNINITIALIZED

.vtable    0    20000000    0000026c     UNINITIALIZED
                  20000000    0000026c     interrupt.obj (.vtable)

.bss       0    2000026c    0000c4a8     UNINITIALIZED
                  2000026c    0000c350     heap_2.obj (.bss:ucHeap)
                  2000c5bc    00000064     tasks.obj (.bss:pxReadyTasksLists)
                  2000c620    00000040     (.common:xQueueRegistry)
                  2000c660    00000014     timers.obj (.bss:xActiveTimerList1)
                  2000c674    00000014     timers.obj (.bss:xActiveTimerList2)
                  2000c688    00000014     tasks.obj (.bss:xDelayedTaskList1)
                  2000c69c    00000014     tasks.obj (.bss:xDelayedTaskList2)
                  2000c6b0    00000014     tasks.obj (.bss:xPendingReadyList)
                  2000c6c4    00000014     tasks.obj (.bss:xSuspendedTaskList)
                  2000c6d8    00000014     tasks.obj (.bss:xTasksWaitingTermination)
                  2000c6ec    00000008     tasks.obj (.bss)
                  2000c6f4    00000008     timers.obj (.bss)
                  2000c6fc    00000008     heap_2.obj (.bss:xEnd)
                  2000c704    00000008     heap_2.obj (.bss:xStart)
                  2000c70c    00000004     (.common:task1_sem)
                  2000c710    00000004     (.common:ui32Period)

.data      0    2000c918    00000068     UNINITIALIZED
                  2000c918    00000034     tasks.obj (.data)
                  2000c94c    00000014     main.obj (.data)
                  2000c960    0000000c     timers.obj (.data)
                  2000c96c    00000008     heap_2.obj (.data)
                  2000c974    00000005     uartstdio.obj (.data)
                  2000c979    00000003     --HOLE--
                  2000c97c    00000004     port.obj (.data)

.stack     0    2000c718    00000200     UNINITIALIZED
                  2000c718    00000004     rtsv7M4_T_le_v4SPD16_eabi.lib : boot_cortex_m.c.obj (.stack)
                  2000c71c    000001fc     --HOLE--

__llvm_prf_cnts 
*          0    20000000    00000000     UNINITIALIZED

MODULE SUMMARY

       Module                          code    ro data   rw data
       ------                          ----    -------   -------
    .\
       main.obj                        708     0         28     
       tm4c1294ncpdt_startup_ccs.obj   12      520       0      
    +--+-------------------------------+-------+---------+---------+
       Total:                          720     520       28     
                                                                
    .\FreeRTOS\
       tasks.obj                       6368    0         260    
       queue.obj                       3360    0         64     
       timers.obj                      1604    0         60     
       list.obj                        298     0         0      
    +--+-------------------------------+-------+---------+---------+
       Total:                          11630   0         384    
                                                                
    .\FreeRTOS\portable\CCS\ARM_CM4F\
       port.obj                        316     4         4      
       portasm.obj                     218     0         0      
    +--+-------------------------------+-------+---------+---------+
       Total:                          534     4         4      
                                                                
    .\FreeRTOS\portable\MemMang\
       heap_2.obj                      440     0         50024  
    +--+-------------------------------+-------+---------+---------+
       Total:                          440     0         50024  
                                                                
    .\driverlib\
       sysctl.obj                      5586    452       0      
       gpio.obj                        4428    528       0      
       timer.obj                       3272    160       0      
       interrupt.obj                   1168    268       620    
       cpu.obj                         62      0         0      
    +--+-------------------------------+-------+---------+---------+
       Total:                          14516   1408      620    
                                                                
    .\drivers\
       pinout.obj                      804     0         0      
    +--+-------------------------------+-------+---------+---------+
       Total:                          804     0         0      
                                                                
    .\utils\
       uartstdio.obj                   1388    46        5      
    +--+-------------------------------+-------+---------+---------+
       Total:                          1388    46        5      
                                                                
    C:\ti\ccs1220\ccs\tools\compiler\ti-cgt-arm_20.2.7.LTS\lib\rtsv7M4_T_le_v4SPD16_eabi.lib
       memcpy_t2.asm.obj               156     0         0      
       memset_t2.asm.obj               122     0         0      
       copy_decompress_lzss.c.obj      104     0         0      
       autoinit.c.obj                  68      0         0      
       u_divt2.asm.obj                 64      0         0      
       boot_cortex_m.c.obj             52      0         0      
       copy_decompress_none.c.obj      14      0         0      
       copy_zero_init.c.obj            12      0         0      
       exit.c.obj                      4       0         0      
       pre_init.c.obj                  4       0         0      
       div0.asm.obj                    2       0         0      
    +--+-------------------------------+-------+---------+---------+
       Total:                          602     0         0      
                                                                
       Stack:                          0       0         512    
       Linker Generated:               0       67        0      
    +--+-------------------------------+-------+---------+---------+
       Grand Total:                    30634   2045      51577  


LINKER GENERATED COPY TABLES

__TI_cinit_table @ 00007f98 records: 3, size/record: 8, table size: 24
	.data: load addr=00007f68, load size=0000000f bytes, run addr=2000c918, run size=00000068 bytes, compression=lzss
	.bss: load addr=00007f88, load size=00000008 bytes, run addr=2000026c, run size=0000c4a8 bytes, compression=zero_init
	.vtable: load addr=00007f90, load size=00000008 bytes, run addr=20000000, run size=0000026c bytes, compression=zero_init


LINKER GENERATED HANDLER TABLE

__TI_handler_table @ 00007f78 records: 3, size/record: 4, table size: 12
	index: 0, handler: __TI_zero_init
	index: 1, handler: __TI_decompress_lzss
	index: 2, handler: __TI_decompress_none


GLOBAL SYMBOLS: SORTED ALPHABETICALLY BY Name 

address   name                               
-------   ----                               
00007091  ALaw_Encode                        
000079b1  C$$EXIT                            
00007941  CPUbasepriGet                      
00007933  CPUbasepriSet                      
0000790d  CPUcpsid                           
00007923  CPUcpsie                           
00007919  CPUprimask                         
0000792f  CPUwfi                             
000041c9  GPIOADCTriggerDisable              
0000419d  GPIOADCTriggerEnable               
00004171  GPIODMATriggerDisable              
00004145  GPIODMATriggerEnable               
00003291  GPIODirModeGet                     
0000320d  GPIODirModeSet                     
000039c9  GPIOIntClear                       
00003971  GPIOIntDisable                     
00003949  GPIOIntEnable                      
000039eb  GPIOIntRegister                    
00003999  GPIOIntStatus                      
00003459  GPIOIntTypeGet                     
0000335d  GPIOIntTypeSet                     
00003a29  GPIOIntUnregister                  
000037d1  GPIOPadConfigGet                   
00003517  GPIOPadConfigSet                   
000040bf  GPIOPinConfigure                   
00003a63  GPIOPinRead                        
00003abb  GPIOPinTypeADC                     
00003af1  GPIOPinTypeCAN                     
00004079  GPIOPinTypeCIR                     
00003b27  GPIOPinTypeComparator              
00003b5d  GPIOPinTypeEPI                     
00003b93  GPIOPinTypeEthernetLED             
00003bc9  GPIOPinTypeEthernetMII             
00003bff  GPIOPinTypeGPIOInput               
00003c35  GPIOPinTypeGPIOOutput              
00003c6b  GPIOPinTypeGPIOOutputOD            
00003ca1  GPIOPinTypeI2C                     
00003cd7  GPIOPinTypeI2CSCL                  
00004009  GPIOPinTypeKBColumn                
00003fd3  GPIOPinTypeKBRow                   
00003d0d  GPIOPinTypeLCD                     
0000403f  GPIOPinTypeLEDSeq                  
00003d43  GPIOPinTypeLPC                     
00003d7d  GPIOPinTypePECIRx                  
00003db3  GPIOPinTypePECITx                  
00003de9  GPIOPinTypePWM                     
00003e1f  GPIOPinTypeQEI                     
00003e55  GPIOPinTypeSSI                     
00003e8b  GPIOPinTypeTimer                   
00003ec1  GPIOPinTypeUART                    
00003ef7  GPIOPinTypeUSBAnalog               
00003f2d  GPIOPinTypeUSBDigital              
00003f63  GPIOPinTypeWakeHigh                
00003f9b  GPIOPinTypeWakeLow                 
000040af  GPIOPinWakeStatus                  
00003a8d  GPIOPinWrite                       
000069c5  IntDisable                         
00006947  IntEnable                          
00006a4d  IntIsEnabled                       
000067ab  IntMasterDisable                   
0000679b  IntMasterEnable                    
00006b71  IntPendClear                       
00006b01  IntPendSet                         
00006911  IntPriorityGet                     
00006877  IntPriorityGroupingGet             
00006851  IntPriorityGroupingSet             
00006bd7  IntPriorityMaskGet                 
00006bcb  IntPriorityMaskSet                 
000068af  IntPrioritySet                     
000067bb  IntRegister                        
00006bdf  IntTrigger                         
00006831  IntUnregister                      
00006e8b  LEDRead                            
00006dfb  LEDWrite                           
00006c29  PinoutSet                          
0000799b  ResetISR                           
0000305d  SysCtlAltClkConfig                 
000026a5  SysCtlClockFreqSet                 
00002ba1  SysCtlClockGet                     
00003025  SysCtlClockOutConfig               
000029d5  SysCtlClockSet                     
0000258d  SysCtlDeepSleep                    
00002d85  SysCtlDeepSleepClockConfigSet      
00002d69  SysCtlDeepSleepClockSet            
0000256d  SysCtlDeepSleepPowerSet            
000079a7  SysCtlDelay                        
00001e99  SysCtlFlashSectorSizeGet           
00001e6d  SysCtlFlashSizeGet                 
00002f59  SysCtlGPIOAHBDisable               
00002ed1  SysCtlGPIOAHBEnable                
00002481  SysCtlIntClear                     
00002469  SysCtlIntDisable                   
00002455  SysCtlIntEnable                    
00002431  SysCtlIntRegister                  
00002491  SysCtlIntStatus                    
00002445  SysCtlIntUnregister                
00002553  SysCtlLDODeepSleepGet              
00002505  SysCtlLDODeepSleepSet              
000024fb  SysCtlLDOSleepGet                  
000024ad  SysCtlLDOSleepSet                  
000025c9  SysCtlMOSCConfigSet                
0000300b  SysCtlNMIClear                     
00003005  SysCtlNMIStatus                    
000025d9  SysCtlPIOSCCalibrate               
00002e9d  SysCtlPWMClockGet                  
00002e31  SysCtlPWMClockSet                  
000023dd  SysCtlPeripheralClockGating        
0000238f  SysCtlPeripheralDeepSleepDisable   
00002341  SysCtlPeripheralDeepSleepEnable    
0000224d  SysCtlPeripheralDisable            
000021e1  SysCtlPeripheralEnable             
00002091  SysCtlPeripheralPowerOff           
0000200d  SysCtlPeripheralPowerOn            
00001ef9  SysCtlPeripheralPresent            
00001f85  SysCtlPeripheralReady              
0000213d  SysCtlPeripheralReset              
000022ed  SysCtlPeripheralSleepDisable       
0000229b  SysCtlPeripheralSleepEnable        
0000257d  SysCtlReset                        
00002639  SysCtlResetBehaviorGet             
00002629  SysCtlResetBehaviorSet             
000025b5  SysCtlResetCauseClear              
000025a9  SysCtlResetCauseGet                
00001e63  SysCtlSRAMSizeGet                  
00002585  SysCtlSleep                        
0000255d  SysCtlSleepPowerSet                
00002fcf  SysCtlUSBPLLDisable                
00002fc3  SysCtlUSBPLLEnable                 
00002ff1  SysCtlVoltageEventClear            
00002fdb  SysCtlVoltageEventConfig           
00002feb  SysCtlVoltageEventStatus           
00007025  Task1                              
00006f4d  Timer0IntHandler                   
00005b35  TimerADCEventGet                   
00005b15  TimerADCEventSet                   
0000555f  TimerClockSourceGet                
00005529  TimerClockSourceSet                
000050c9  TimerConfigure                     
00005387  TimerControlEvent                  
00005265  TimerControlLevel                  
000053e5  TimerControlStall                  
000052e3  TimerControlTrigger                
00005451  TimerControlWaitOnTrigger          
00005b71  TimerDMAEventGet                   
00005b51  TimerDMAEventSet                   
0000504d  TimerDisable                       
00005003  TimerEnable                        
00005ad5  TimerIntClear                      
00005a7d  TimerIntDisable                    
00005a57  TimerIntEnable                     
0000599b  TimerIntRegister                   
00005aa9  TimerIntStatus                     
00005a05  TimerIntUnregister                 
00005753  TimerLoadGet                       
000057bd  TimerLoadGet64                     
000056f9  TimerLoadSet                       
00005795  TimerLoadSet64                     
000058eb  TimerMatchGet                      
00005955  TimerMatchGet64                    
00005891  TimerMatchSet                      
0000592d  TimerMatchSet64                    
000055f7  TimerPrescaleGet                   
000056ad  TimerPrescaleMatchGet              
00005643  TimerPrescaleMatchSet              
0000558d  TimerPrescaleSet                   
00005505  TimerRTCDisable                    
000054e1  TimerRTCEnable                     
00005af5  TimerSynchronize                   
00005b8d  TimerUpdateMode                    
00005809  TimerValueGet                      
0000584b  TimerValueGet64                    
0000622d  UARTStdioConfig                    
00006409  UARTgetc                           
00006317  UARTgets                           
00006763  UARTprintf                         
0000643d  UARTvprintf                        
000062a7  UARTwrite                          
2000c918  __STACK_END                        
00000200  __STACK_SIZE                       
2000c918  __STACK_TOP                        
00007f98  __TI_CINIT_Base                    
00007fb0  __TI_CINIT_Limit                   
00007f78  __TI_Handler_Table_Base            
00007f84  __TI_Handler_Table_Limit           
00007889  __TI_auto_init_nobinit_nopinit     
00007821  __TI_decompress_lzss               
00007981  __TI_decompress_none               
ffffffff  __TI_pprof_out_hndl                
ffffffff  __TI_prof_data_size                
ffffffff  __TI_prof_data_start               
00000000  __TI_static_base__                 
0000798f  __TI_zero_init                     
0000762f  __aeabi_idiv0                      
0000762f  __aeabi_ldiv0                      
000077a7  __aeabi_memclr                     
000077a7  __aeabi_memclr4                    
000077a7  __aeabi_memclr8                    
0000770b  __aeabi_memcpy                     
0000770b  __aeabi_memcpy4                    
0000770b  __aeabi_memcpy8                    
000077a9  __aeabi_memset                     
000077a9  __aeabi_memset4                    
000077a9  __aeabi_memset8                    
000078cd  __aeabi_uidiv                      
000078cd  __aeabi_uidivmod                   
ffffffff  __binit__                          
ffffffff  __c_args__                         
00007155  __error__                          
UNDEFED   __mpu_init                         
2000c718  __stack                            
20000000  __start___llvm_prf_cnts            
20000000  __stop___llvm_prf_cnts             
0000794d  _c_int00_noargs                    
UNDEFED   _system_post_cinit                 
000079ad  _system_pre_init                   
000079b1  abort                              
ffffffff  binit                              
00000589  eTaskGetState                      
20000000  g_pfnRAMVectors                    
00000000  g_pfnVectors                       
00006f7f  main                               
2000c95c  master_ticker                      
0000770b  memcpy                             
000077af  memset                             
00004e37  pcQueueGetName                     
00000b85  pcTaskGetName                      
00005d6d  pcTimerGetName                     
00007211  pvPortMalloc                       
00001611  pvTaskIncrementMutexHeldCount      
000061bd  pvTimerGetTimerID                  
2000c918  pxCurrentTCB                       
000073c9  pxPortInitialiseStack              
2000c94c  start_time                         
2000c950  stop_time                          
2000c954  task1_handle                       
2000c70c  task1_sem                          
2000c958  task2_handle                       
00004b8f  ucQueueGetQueueType                
2000c710  ui32Period                         
00007f60  ulMaxSyscallInterruptPriority      
00007641  ulPortGetIPSR                      
0000162d  ulTaskNotifyTake                   
000075e7  uxListRemove                       
00004b6f  uxQueueGetQueueNumber              
00004b0d  uxQueueMessagesWaiting             
00004b43  uxQueueMessagesWaitingFromISR      
00004b23  uxQueueSpacesAvailable             
00000b79  uxTaskGetNumberOfTasks             
00000ba5  uxTaskGetSystemState               
00001061  uxTaskGetTaskNumber                
00000639  uxTaskPriorityGet                  
00000665  uxTaskPriorityGetFromISR           
000015e9  uxTaskResetEventItemValue          
000061f1  uxTimerGetTimerNumber              
00007505  vListInitialise                    
00007535  vListInitialiseItem                
00007581  vListInsert                        
00007545  vListInsertEnd                     
000076fd  vPortEnableVFP                     
00007469  vPortEndScheduler                  
0000746b  vPortEnterCritical                 
0000748b  vPortExitCritical                  
00007309  vPortFree                          
0000736d  vPortInitialiseBlocks              
000076b9  vPortSVCHandler                    
000074c7  vPortSetupTimerInterrupt           
000076d9  vPortStartFirstTask                
00004df5  vQueueAddToRegistry                
00004b59  vQueueDelete                       
00004b7d  vQueueSetQueueNumber               
00004e77  vQueueUnregisterQueue              
00004ebb  vQueueWaitForMessageRestricted     
0000054b  vTaskDelay                         
000004bb  vTaskDelayUntil                    
0000040d  vTaskDelete                        
00000a3d  vTaskEndScheduler                  
00001159  vTaskGetInfo                       
00000faf  vTaskInternalSetTimeOutState       
0000104f  vTaskMissedYield                   
00001941  vTaskNotifyGiveFromISR             
00000e25  vTaskPlaceOnEventList              
00000e6f  vTaskPlaceOnEventListRestricted    
00000e45  vTaskPlaceOnUnorderedEventList     
00001515  vTaskPriorityDisinheritAfterTimeout
000006ad  vTaskPrioritySet                   
00000f25  vTaskRemoveFromUnorderedEventList  
000008d9  vTaskResume                        
00001081  vTaskSetTaskNumber                 
00000f91  vTaskSetTimeOutState               
000009e1  vTaskStartScheduler                
000007c5  vTaskSuspend                       
00000a59  vTaskSuspendAll                    
00000dbd  vTaskSwitchContext                 
00005d21  vTimerSetReloadMode                
000061d7  vTimerSetTimerID                   
000061ff  vTimerSetTimerNumber               
00007367  xPortGetFreeHeapSize               
00007659  xPortPendSVHandler                 
00007433  xPortStartScheduler                
000074a1  xPortSysTickHandler                
0000440b  xQueueCreateCountingSemaphore      
0000435f  xQueueCreateMutex                  
000042a1  xQueueGenericCreate                
00004201  xQueueGenericReset                 
0000442b  xQueueGenericSend                  
00004559  xQueueGenericSendFromISR           
000045f5  xQueueGiveFromISR                  
0000438b  xQueueGiveMutexRecursive           
00004d89  xQueueIsQueueEmptyFromISR          
00004dcf  xQueueIsQueueFullFromISR           
000048ff  xQueuePeek                         
00004abb  xQueuePeekFromISR                  
00004689  xQueueReceive                      
00004a21  xQueueReceiveFromISR               
2000c620  xQueueRegistry                     
000047a5  xQueueSemaphoreTake                
000043c7  xQueueTakeMutexRecursive           
00000fd1  xTaskCheckForTimeOut               
00000209  xTaskCreate                        
0000174d  xTaskGenericNotify                 
00001835  xTaskGenericNotifyFromISR          
00001331  xTaskGetCurrentTaskHandle          
00001349  xTaskGetSchedulerState             
00000b55  xTaskGetTickCount                  
00000b65  xTaskGetTickCountFromISR           
00000c99  xTaskIncrementTick                 
000019ed  xTaskNotifyStateClear              
000016ad  xTaskNotifyWait                    
00001473  xTaskPriorityDisinherit            
00001395  xTaskPriorityInherit               
00000ea9  xTaskRemoveFromEventList           
00000a6d  xTaskResumeAll                     
00000951  xTaskResumeFromISR                 
00005c15  xTimerCreate                       
00005be9  xTimerCreateTimerTask              
00005c9d  xTimerGenericCommand               
00005d57  xTimerGetExpiryTime                
00005d0f  xTimerGetPeriod                    
00005d09  xTimerGetTimerDaemonTaskHandle     
00006195  xTimerIsTimerActive                


GLOBAL SYMBOLS: SORTED BY Symbol Address 

address   name                               
-------   ----                               
00000000  __TI_static_base__                 
00000000  g_pfnVectors                       
00000200  __STACK_SIZE                       
00000209  xTaskCreate                        
0000040d  vTaskDelete                        
000004bb  vTaskDelayUntil                    
0000054b  vTaskDelay                         
00000589  eTaskGetState                      
00000639  uxTaskPriorityGet                  
00000665  uxTaskPriorityGetFromISR           
000006ad  vTaskPrioritySet                   
000007c5  vTaskSuspend                       
000008d9  vTaskResume                        
00000951  xTaskResumeFromISR                 
000009e1  vTaskStartScheduler                
00000a3d  vTaskEndScheduler                  
00000a59  vTaskSuspendAll                    
00000a6d  xTaskResumeAll                     
00000b55  xTaskGetTickCount                  
00000b65  xTaskGetTickCountFromISR           
00000b79  uxTaskGetNumberOfTasks             
00000b85  pcTaskGetName                      
00000ba5  uxTaskGetSystemState               
00000c99  xTaskIncrementTick                 
00000dbd  vTaskSwitchContext                 
00000e25  vTaskPlaceOnEventList              
00000e45  vTaskPlaceOnUnorderedEventList     
00000e6f  vTaskPlaceOnEventListRestricted    
00000ea9  xTaskRemoveFromEventList           
00000f25  vTaskRemoveFromUnorderedEventList  
00000f91  vTaskSetTimeOutState               
00000faf  vTaskInternalSetTimeOutState       
00000fd1  xTaskCheckForTimeOut               
0000104f  vTaskMissedYield                   
00001061  uxTaskGetTaskNumber                
00001081  vTaskSetTaskNumber                 
00001159  vTaskGetInfo                       
00001331  xTaskGetCurrentTaskHandle          
00001349  xTaskGetSchedulerState             
00001395  xTaskPriorityInherit               
00001473  xTaskPriorityDisinherit            
00001515  vTaskPriorityDisinheritAfterTimeout
000015e9  uxTaskResetEventItemValue          
00001611  pvTaskIncrementMutexHeldCount      
0000162d  ulTaskNotifyTake                   
000016ad  xTaskNotifyWait                    
0000174d  xTaskGenericNotify                 
00001835  xTaskGenericNotifyFromISR          
00001941  vTaskNotifyGiveFromISR             
000019ed  xTaskNotifyStateClear              
00001e63  SysCtlSRAMSizeGet                  
00001e6d  SysCtlFlashSizeGet                 
00001e99  SysCtlFlashSectorSizeGet           
00001ef9  SysCtlPeripheralPresent            
00001f85  SysCtlPeripheralReady              
0000200d  SysCtlPeripheralPowerOn            
00002091  SysCtlPeripheralPowerOff           
0000213d  SysCtlPeripheralReset              
000021e1  SysCtlPeripheralEnable             
0000224d  SysCtlPeripheralDisable            
0000229b  SysCtlPeripheralSleepEnable        
000022ed  SysCtlPeripheralSleepDisable       
00002341  SysCtlPeripheralDeepSleepEnable    
0000238f  SysCtlPeripheralDeepSleepDisable   
000023dd  SysCtlPeripheralClockGating        
00002431  SysCtlIntRegister                  
00002445  SysCtlIntUnregister                
00002455  SysCtlIntEnable                    
00002469  SysCtlIntDisable                   
00002481  SysCtlIntClear                     
00002491  SysCtlIntStatus                    
000024ad  SysCtlLDOSleepSet                  
000024fb  SysCtlLDOSleepGet                  
00002505  SysCtlLDODeepSleepSet              
00002553  SysCtlLDODeepSleepGet              
0000255d  SysCtlSleepPowerSet                
0000256d  SysCtlDeepSleepPowerSet            
0000257d  SysCtlReset                        
00002585  SysCtlSleep                        
0000258d  SysCtlDeepSleep                    
000025a9  SysCtlResetCauseGet                
000025b5  SysCtlResetCauseClear              
000025c9  SysCtlMOSCConfigSet                
000025d9  SysCtlPIOSCCalibrate               
00002629  SysCtlResetBehaviorSet             
00002639  SysCtlResetBehaviorGet             
000026a5  SysCtlClockFreqSet                 
000029d5  SysCtlClockSet                     
00002ba1  SysCtlClockGet                     
00002d69  SysCtlDeepSleepClockSet            
00002d85  SysCtlDeepSleepClockConfigSet      
00002e31  SysCtlPWMClockSet                  
00002e9d  SysCtlPWMClockGet                  
00002ed1  SysCtlGPIOAHBEnable                
00002f59  SysCtlGPIOAHBDisable               
00002fc3  SysCtlUSBPLLEnable                 
00002fcf  SysCtlUSBPLLDisable                
00002fdb  SysCtlVoltageEventConfig           
00002feb  SysCtlVoltageEventStatus           
00002ff1  SysCtlVoltageEventClear            
00003005  SysCtlNMIStatus                    
0000300b  SysCtlNMIClear                     
00003025  SysCtlClockOutConfig               
0000305d  SysCtlAltClkConfig                 
0000320d  GPIODirModeSet                     
00003291  GPIODirModeGet                     
0000335d  GPIOIntTypeSet                     
00003459  GPIOIntTypeGet                     
00003517  GPIOPadConfigSet                   
000037d1  GPIOPadConfigGet                   
00003949  GPIOIntEnable                      
00003971  GPIOIntDisable                     
00003999  GPIOIntStatus                      
000039c9  GPIOIntClear                       
000039eb  GPIOIntRegister                    
00003a29  GPIOIntUnregister                  
00003a63  GPIOPinRead                        
00003a8d  GPIOPinWrite                       
00003abb  GPIOPinTypeADC                     
00003af1  GPIOPinTypeCAN                     
00003b27  GPIOPinTypeComparator              
00003b5d  GPIOPinTypeEPI                     
00003b93  GPIOPinTypeEthernetLED             
00003bc9  GPIOPinTypeEthernetMII             
00003bff  GPIOPinTypeGPIOInput               
00003c35  GPIOPinTypeGPIOOutput              
00003c6b  GPIOPinTypeGPIOOutputOD            
00003ca1  GPIOPinTypeI2C                     
00003cd7  GPIOPinTypeI2CSCL                  
00003d0d  GPIOPinTypeLCD                     
00003d43  GPIOPinTypeLPC                     
00003d7d  GPIOPinTypePECIRx                  
00003db3  GPIOPinTypePECITx                  
00003de9  GPIOPinTypePWM                     
00003e1f  GPIOPinTypeQEI                     
00003e55  GPIOPinTypeSSI                     
00003e8b  GPIOPinTypeTimer                   
00003ec1  GPIOPinTypeUART                    
00003ef7  GPIOPinTypeUSBAnalog               
00003f2d  GPIOPinTypeUSBDigital              
00003f63  GPIOPinTypeWakeHigh                
00003f9b  GPIOPinTypeWakeLow                 
00003fd3  GPIOPinTypeKBRow                   
00004009  GPIOPinTypeKBColumn                
0000403f  GPIOPinTypeLEDSeq                  
00004079  GPIOPinTypeCIR                     
000040af  GPIOPinWakeStatus                  
000040bf  GPIOPinConfigure                   
00004145  GPIODMATriggerEnable               
00004171  GPIODMATriggerDisable              
0000419d  GPIOADCTriggerEnable               
000041c9  GPIOADCTriggerDisable              
00004201  xQueueGenericReset                 
000042a1  xQueueGenericCreate                
0000435f  xQueueCreateMutex                  
0000438b  xQueueGiveMutexRecursive           
000043c7  xQueueTakeMutexRecursive           
0000440b  xQueueCreateCountingSemaphore      
0000442b  xQueueGenericSend                  
00004559  xQueueGenericSendFromISR           
000045f5  xQueueGiveFromISR                  
00004689  xQueueReceive                      
000047a5  xQueueSemaphoreTake                
000048ff  xQueuePeek                         
00004a21  xQueueReceiveFromISR               
00004abb  xQueuePeekFromISR                  
00004b0d  uxQueueMessagesWaiting             
00004b23  uxQueueSpacesAvailable             
00004b43  uxQueueMessagesWaitingFromISR      
00004b59  vQueueDelete                       
00004b6f  uxQueueGetQueueNumber              
00004b7d  vQueueSetQueueNumber               
00004b8f  ucQueueGetQueueType                
00004d89  xQueueIsQueueEmptyFromISR          
00004dcf  xQueueIsQueueFullFromISR           
00004df5  vQueueAddToRegistry                
00004e37  pcQueueGetName                     
00004e77  vQueueUnregisterQueue              
00004ebb  vQueueWaitForMessageRestricted     
00005003  TimerEnable                        
0000504d  TimerDisable                       
000050c9  TimerConfigure                     
00005265  TimerControlLevel                  
000052e3  TimerControlTrigger                
00005387  TimerControlEvent                  
000053e5  TimerControlStall                  
00005451  TimerControlWaitOnTrigger          
000054e1  TimerRTCEnable                     
00005505  TimerRTCDisable                    
00005529  TimerClockSourceSet                
0000555f  TimerClockSourceGet                
0000558d  TimerPrescaleSet                   
000055f7  TimerPrescaleGet                   
00005643  TimerPrescaleMatchSet              
000056ad  TimerPrescaleMatchGet              
000056f9  TimerLoadSet                       
00005753  TimerLoadGet                       
00005795  TimerLoadSet64                     
000057bd  TimerLoadGet64                     
00005809  TimerValueGet                      
0000584b  TimerValueGet64                    
00005891  TimerMatchSet                      
000058eb  TimerMatchGet                      
0000592d  TimerMatchSet64                    
00005955  TimerMatchGet64                    
0000599b  TimerIntRegister                   
00005a05  TimerIntUnregister                 
00005a57  TimerIntEnable                     
00005a7d  TimerIntDisable                    
00005aa9  TimerIntStatus                     
00005ad5  TimerIntClear                      
00005af5  TimerSynchronize                   
00005b15  TimerADCEventSet                   
00005b35  TimerADCEventGet                   
00005b51  TimerDMAEventSet                   
00005b71  TimerDMAEventGet                   
00005b8d  TimerUpdateMode                    
00005be9  xTimerCreateTimerTask              
00005c15  xTimerCreate                       
00005c9d  xTimerGenericCommand               
00005d09  xTimerGetTimerDaemonTaskHandle     
00005d0f  xTimerGetPeriod                    
00005d21  vTimerSetReloadMode                
00005d57  xTimerGetExpiryTime                
00005d6d  pcTimerGetName                     
00006195  xTimerIsTimerActive                
000061bd  pvTimerGetTimerID                  
000061d7  vTimerSetTimerID                   
000061f1  uxTimerGetTimerNumber              
000061ff  vTimerSetTimerNumber               
0000622d  UARTStdioConfig                    
000062a7  UARTwrite                          
00006317  UARTgets                           
00006409  UARTgetc                           
0000643d  UARTvprintf                        
00006763  UARTprintf                         
0000679b  IntMasterEnable                    
000067ab  IntMasterDisable                   
000067bb  IntRegister                        
00006831  IntUnregister                      
00006851  IntPriorityGroupingSet             
00006877  IntPriorityGroupingGet             
000068af  IntPrioritySet                     
00006911  IntPriorityGet                     
00006947  IntEnable                          
000069c5  IntDisable                         
00006a4d  IntIsEnabled                       
00006b01  IntPendSet                         
00006b71  IntPendClear                       
00006bcb  IntPriorityMaskSet                 
00006bd7  IntPriorityMaskGet                 
00006bdf  IntTrigger                         
00006c29  PinoutSet                          
00006dfb  LEDWrite                           
00006e8b  LEDRead                            
00006f4d  Timer0IntHandler                   
00006f7f  main                               
00007025  Task1                              
00007091  ALaw_Encode                        
00007155  __error__                          
00007211  pvPortMalloc                       
00007309  vPortFree                          
00007367  xPortGetFreeHeapSize               
0000736d  vPortInitialiseBlocks              
000073c9  pxPortInitialiseStack              
00007433  xPortStartScheduler                
00007469  vPortEndScheduler                  
0000746b  vPortEnterCritical                 
0000748b  vPortExitCritical                  
000074a1  xPortSysTickHandler                
000074c7  vPortSetupTimerInterrupt           
00007505  vListInitialise                    
00007535  vListInitialiseItem                
00007545  vListInsertEnd                     
00007581  vListInsert                        
000075e7  uxListRemove                       
0000762f  __aeabi_idiv0                      
0000762f  __aeabi_ldiv0                      
00007641  ulPortGetIPSR                      
00007659  xPortPendSVHandler                 
000076b9  vPortSVCHandler                    
000076d9  vPortStartFirstTask                
000076fd  vPortEnableVFP                     
0000770b  __aeabi_memcpy                     
0000770b  __aeabi_memcpy4                    
0000770b  __aeabi_memcpy8                    
0000770b  memcpy                             
000077a7  __aeabi_memclr                     
000077a7  __aeabi_memclr4                    
000077a7  __aeabi_memclr8                    
000077a9  __aeabi_memset                     
000077a9  __aeabi_memset4                    
000077a9  __aeabi_memset8                    
000077af  memset                             
00007821  __TI_decompress_lzss               
00007889  __TI_auto_init_nobinit_nopinit     
000078cd  __aeabi_uidiv                      
000078cd  __aeabi_uidivmod                   
0000790d  CPUcpsid                           
00007919  CPUprimask                         
00007923  CPUcpsie                           
0000792f  CPUwfi                             
00007933  CPUbasepriSet                      
00007941  CPUbasepriGet                      
0000794d  _c_int00_noargs                    
00007981  __TI_decompress_none               
0000798f  __TI_zero_init                     
0000799b  ResetISR                           
000079a7  SysCtlDelay                        
000079ad  _system_pre_init                   
000079b1  C$$EXIT                            
000079b1  abort                              
00007f60  ulMaxSyscallInterruptPriority      
00007f78  __TI_Handler_Table_Base            
00007f84  __TI_Handler_Table_Limit           
00007f98  __TI_CINIT_Base                    
00007fb0  __TI_CINIT_Limit                   
20000000  __start___llvm_prf_cnts            
20000000  __stop___llvm_prf_cnts             
20000000  g_pfnRAMVectors                    
2000c620  xQueueRegistry                     
2000c70c  task1_sem                          
2000c710  ui32Period                         
2000c718  __stack                            
2000c918  __STACK_END                        
2000c918  __STACK_TOP                        
2000c918  pxCurrentTCB                       
2000c94c  start_time                         
2000c950  stop_time                          
2000c954  task1_handle                       
2000c958  task2_handle                       
2000c95c  master_ticker                      
ffffffff  __TI_pprof_out_hndl                
ffffffff  __TI_prof_data_size                
ffffffff  __TI_prof_data_start               
ffffffff  __binit__                          
ffffffff  __c_args__                         
ffffffff  binit                              
UNDEFED   __mpu_init                         
UNDEFED   _system_post_cinit                 

[340 symbols]
